Component: ARM Compiler 5.05 update 1 (build 106) Tool: armlink [4d0efa]

==============================================================================

Section Cross References

    startup_stm32f40_41xxx.o(RESET) refers to startup_stm32f40_41xxx.o(STACK) for __initial_sp
    startup_stm32f40_41xxx.o(RESET) refers to startup_stm32f40_41xxx.o(.text) for Reset_Handler
    startup_stm32f40_41xxx.o(RESET) refers to port.o(.emb_text) for SVC_Handler
    startup_stm32f40_41xxx.o(RESET) refers to delay.o(i.SysTick_Handler) for SysTick_Handler
    startup_stm32f40_41xxx.o(RESET) refers to interrupt.o(i.EXTI4_IRQHandler) for EXTI4_IRQHandler
    startup_stm32f40_41xxx.o(RESET) refers to interrupt.o(i.EXTI9_5_IRQHandler) for EXTI9_5_IRQHandler
    startup_stm32f40_41xxx.o(RESET) refers to timer.o(i.TIM4_IRQHandler) for TIM4_IRQHandler
    startup_stm32f40_41xxx.o(RESET) refers to uasrt.o(i.USART1_IRQHandler) for USART1_IRQHandler
    startup_stm32f40_41xxx.o(RESET) refers to esp8266.o(i.USART2_IRQHandler) for USART2_IRQHandler
    startup_stm32f40_41xxx.o(RESET) refers to interrupt.o(i.EXTI15_10_IRQHandler) for EXTI15_10_IRQHandler
    startup_stm32f40_41xxx.o(RESET) refers to tim5.o(i.TIM5_IRQHandler) for TIM5_IRQHandler
    startup_stm32f40_41xxx.o(RESET) refers to syn6288.o(i.USART6_IRQHandler) for USART6_IRQHandler
    startup_stm32f40_41xxx.o(.text) refers to system_stm32f4xx.o(i.SystemInit) for SystemInit
    startup_stm32f40_41xxx.o(.text) refers to entry.o(.ARM.Collect$$$$00000000) for __main
    system_stm32f4xx.o(i.SystemCoreClockUpdate) refers to system_stm32f4xx.o(.data) for SystemCoreClock
    system_stm32f4xx.o(i.SystemInit) refers to system_stm32f4xx.o(i.SetSysClock) for SetSysClock
    user.o(i.GetClient_task) refers to esp8266.o(i.Show_Client_Data) for Show_Client_Data
    user.o(i.GetClient_task) refers to esp8266.o(i.Send_Client_Data) for Send_Client_Data
    user.o(i.GetClient_task) refers to tasks.o(i.vTaskDelay) for vTaskDelay
    user.o(i.GetClient_task) refers to esp8266.o(.data) for _dsd
    user.o(i.GetClient_task) refers to esp8266.o(.bss) for Client_Data
    user.o(i.GetClient_task) refers to user.o(.bss) for Send_Client_Data_Buff
    user.o(i.light_task) refers to oled.o(i.OLed_Fill) for OLed_Fill
    user.o(i.light_task) refers to test.o(i.Start_screen) for Start_screen
    user.o(i.light_task) refers to test.o(i.English_Font_test) for English_Font_test
    user.o(i.light_task) refers to tasks.o(i.vTaskDelay) for vTaskDelay
    user.o(i.main) refers to misc.o(i.NVIC_PriorityGroupConfig) for NVIC_PriorityGroupConfig
    user.o(i.main) refers to led1.o(i.LED_config) for LED_config
    user.o(i.main) refers to delay.o(i.delay_init) for delay_init
    user.o(i.main) refers to beep.o(i.BEEP_Config) for BEEP_Config
    user.o(i.main) refers to key.o(i.KEY1_2_3_Config) for KEY1_2_3_Config
    user.o(i.main) refers to key.o(i.KEY4_Config) for KEY4_Config
    user.o(i.main) refers to uasrt.o(i.USART1_Config) for USART1_Config
    user.o(i.main) refers to esp8266.o(i.uart2init) for uart2init
    user.o(i.main) refers to interrupt.o(i.INTERRUPT_KEY1_Config) for INTERRUPT_KEY1_Config
    user.o(i.main) refers to interrupt.o(i.INTERRUPT_KEY2_Config) for INTERRUPT_KEY2_Config
    user.o(i.main) refers to interrupt.o(i.INTERRUPT_KEY3_Config) for INTERRUPT_KEY3_Config
    user.o(i.main) refers to interrupt.o(i.INTERRUPT_KEY4_Config) for INTERRUPT_KEY4_Config
    user.o(i.main) refers to syn6288.o(i.uart6_init) for uart6_init
    user.o(i.main) refers to iic.o(i.IIC_Config) for IIC_Config
    user.o(i.main) refers to oled.o(i.InitOLed) for InitOLed
    user.o(i.main) refers to esp8266.o(i.setWifi) for setWifi
    user.o(i.main) refers to lcd.o(i.LCD_Init) for LCD_Init
    user.o(i.main) refers to tasks.o(i.xTaskCreate) for xTaskCreate
    user.o(i.main) refers to tasks.o(i.vTaskStartScheduler) for vTaskStartScheduler
    user.o(i.main) refers to user.o(.data) for StartTask_Handler
    user.o(i.main) refers to user.o(i.start_task) for start_task
    user.o(i.start_task) refers to port.o(i.vPortEnterCritical) for vPortEnterCritical
    user.o(i.start_task) refers to tasks.o(i.xTaskCreate) for xTaskCreate
    user.o(i.start_task) refers to tasks.o(i.vTaskDelete) for vTaskDelete
    user.o(i.start_task) refers to port.o(i.vPortExitCritical) for vPortExitCritical
    user.o(i.start_task) refers to user.o(.data) for LIGHTTask_Handler
    user.o(i.start_task) refers to user.o(i.light_task) for light_task
    user.o(i.start_task) refers to user.o(i.GetClient_task) for GetClient_task
    delay.o(i.SysTick_Handler) refers to tasks.o(i.xTaskGetSchedulerState) for xTaskGetSchedulerState
    delay.o(i.SysTick_Handler) refers to port.o(i.xPortSysTickHandler) for xPortSysTickHandler
    delay.o(i.delay_init) refers to misc.o(i.SysTick_CLKSourceConfig) for SysTick_CLKSourceConfig
    delay.o(i.delay_init) refers to delay.o(.data) for fac_us
    delay.o(i.delay_ms) refers to delay.o(i.delay_us) for delay_us
[...]
    i.INTERRUPT_KEY1_Config                  0x08000bd8   Section        0  interrupt.o(i.INTERRUPT_KEY1_Config)
    i.INTERRUPT_KEY2_Config                  0x08000c4c   Section        0  interrupt.o(i.INTERRUPT_KEY2_Config)
    i.INTERRUPT_KEY3_Config                  0x08000cc0   Section        0  interrupt.o(i.INTERRUPT_KEY3_Config)
    i.INTERRUPT_KEY4_Config                  0x08000d34   Section        0  interrupt.o(i.INTERRUPT_KEY4_Config)
    i.InitOLed                               0x08000dac   Section        0  oled.o(i.InitOLed)
    i.KEY1_2_3_Config                        0x08000e60   Section        0  key.o(i.KEY1_2_3_Config)
    i.KEY4_Config                            0x08000e90   Section        0  key.o(i.KEY4_Config)
    i.LCD_Clear                              0x08000ec0   Section        0  lcd.o(i.LCD_Clear)
    i.LCD_DrawPoint                          0x08000f20   Section        0  lcd.o(i.LCD_DrawPoint)
    i.LCD_Fill                               0x08000f3c   Section        0  gui.o(i.LCD_Fill)
    i.LCD_GPIOInit                           0x08000fb0   Section        0  lcd.o(i.LCD_GPIOInit)
    i.LCD_Init                               0x08000ffc   Section        0  lcd.o(i.LCD_Init)
    i.LCD_RESET                              0x08001248   Section        0  lcd.o(i.LCD_RESET)
    i.LCD_SetCursor                          0x08001270   Section        0  lcd.o(i.LCD_SetCursor)
    i.LCD_SetWindows                         0x08001284   Section        0  lcd.o(i.LCD_SetWindows)
    i.LCD_ShowChar                           0x080012dc   Section        0  gui.o(i.LCD_ShowChar)
    i.LCD_WR_DATA                            0x08001400   Section        0  lcd.o(i.LCD_WR_DATA)
    i.LCD_WR_REG                             0x08001428   Section        0  lcd.o(i.LCD_WR_REG)
    i.LCD_WriteRAM_Prepare                   0x08001450   Section        0  lcd.o(i.LCD_WriteRAM_Prepare)
    i.LCD_WriteReg                           0x08001460   Section        0  lcd.o(i.LCD_WriteReg)
    i.LCD_direction                          0x08001474   Section        0  lcd.o(i.LCD_direction)
    i.LED_TurnOff                            0x080014f8   Section        0  led1.o(i.LED_TurnOff)
    i.LED_TurnOn                             0x08001538   Section        0  led1.o(i.LED_TurnOn)
    i.LED_config                             0x08001568   Section        0  led1.o(i.LED_config)
    i.Lcd_WriteData_16Bit                    0x080015bc   Section        0  lcd.o(i.Lcd_WriteData_16Bit)
    i.My_Delay                               0x080015ec   Section        0  func.o(i.My_Delay)
    i.NVIC_Init                              0x08001604   Section        0  misc.o(i.NVIC_Init)
    i.NVIC_PriorityGroupConfig               0x0800167c   Section        0  misc.o(i.NVIC_PriorityGroupConfig)
    i.OLed_Fill                              0x08001690   Section        0  oled.o(i.OLed_Fill)
    i.OLed_SetPos                            0x080016ca   Section        0  oled.o(i.OLed_SetPos)
    i.OLed_ShowChina                         0x080016ee   Section        0  oled.o(i.OLed_ShowChina)
    i.Oled_print                             0x08001738   Section        0  oled.o(i.Oled_print)
    i.Pic_test                               0x080017ac   Section        0  test.o(i.Pic_test)
    i.RCC_AHB1PeriphClockCmd                 0x080017d4   Section        0  stm32f4xx_rcc.o(i.RCC_AHB1PeriphClockCmd)
    i.RCC_APB1PeriphClockCmd                 0x080017f4   Section        0  stm32f4xx_rcc.o(i.RCC_APB1PeriphClockCmd)
    i.RCC_APB2PeriphClockCmd                 0x08001814   Section        0  stm32f4xx_rcc.o(i.RCC_APB2PeriphClockCmd)
    i.RCC_GetClocksFreq                      0x08001834   Section        0  stm32f4xx_rcc.o(i.RCC_GetClocksFreq)
    i.SPIv_WriteData                         0x0800191c   Section        0  spi_1.o(i.SPIv_WriteData)
    i.SYN_FrameInfo                          0x0800195c   Section        0  syn6288.o(i.SYN_FrameInfo)
    i.SYSCFG_EXTILineConfig                  0x080019cc   Section        0  stm32f4xx_syscfg.o(i.SYSCFG_EXTILineConfig)
    i.Send_Client_Data                       0x08001a0c   Section        0  esp8266.o(i.Send_Client_Data)
    i.SetSysClock                            0x08001a50   Section        0  system_stm32f4xx.o(i.SetSysClock)
    SetSysClock                              0x08001a51   Thumb Code   220  system_stm32f4xx.o(i.SetSysClock)
    i.Show_Client_Data                       0x08001b3c   Section        0  esp8266.o(i.Show_Client_Data)
    i.Show_Str                               0x08001c00   Section        0  gui.o(i.Show_Str)
    i.Start_screen                           0x08001d0c   Section        0  test.o(i.Start_screen)
    i.SysTick_CLKSourceConfig                0x08001d9c   Section        0  misc.o(i.SysTick_CLKSourceConfig)
    i.SysTick_Handler                        0x08001dc4   Section        0  delay.o(i.SysTick_Handler)
    i.SystemInit                             0x08001dd4   Section        0  system_stm32f4xx.o(i.SystemInit)
    i.TIM4_IRQHandler                        0x08001e3c   Section        0  timer.o(i.TIM4_IRQHandler)
    i.TIM5_IRQHandler                        0x08001e4c   Section        0  tim5.o(i.TIM5_IRQHandler)
    i.TIM_ClearITPendingBit                  0x08001e6c   Section        0  stm32f4xx_tim.o(i.TIM_ClearITPendingBit)
    i.TIM_SetCompare1                        0x08001e72   Section        0  stm32f4xx_tim.o(i.TIM_SetCompare1)
    i.TIM_SetCompare2                        0x08001e76   Section        0  stm32f4xx_tim.o(i.TIM_SetCompare2)
    i.USART1_Config                          0x08001e7c   Section        0  uasrt.o(i.USART1_Config)
    i.USART1_IRQHandler                      0x08001f28   Section        0  uasrt.o(i.USART1_IRQHandler)
    i.USART2_IRQHandler                      0x080021c0   Section        0  esp8266.o(i.USART2_IRQHandler)
    i.USART6_IRQHandler                      0x08002208   Section        0  syn6288.o(i.USART6_IRQHandler)
    i.USART6_SendString                      0x0800225c   Section        0  syn6288.o(i.USART6_SendString)
    i.USART_ClearFlag                        0x08002278   Section        0  stm32f4xx_usart.o(i.USART_ClearFlag)
    i.USART_ClearITPendingBit                0x0800228a   Section        0  stm32f4xx_usart.o(i.USART_ClearITPendingBit)
    i.USART_Cmd                              0x080022a8   Section        0  stm32f4xx_usart.o(i.USART_Cmd)
    i.USART_GetFlagStatus                    0x080022c0   Section        0  stm32f4xx_usart.o(i.USART_GetFlagStatus)
    i.USART_GetITStatus                      0x080022da   Section        0  stm32f4xx_usart.o(i.USART_GetITStatus)
    i.USART_ITConfig                         0x0800232e   Section        0  stm32f4xx_usart.o(i.USART_ITConfig)
    i.USART_Init                             0x08002378   Section        0  stm32f4xx_usart.o(i.USART_Init)
    i.USART_ReceiveData                      0x0800244c   Section        0  stm32f4xx_usart.o(i.USART_ReceiveData)
    i.USART_SendData                         0x08002456   Section        0  stm32f4xx_usart.o(i.USART_SendData)
    i.Usart_SendData                         0x08002460   Section        0  syn6288.o(i.Usart_SendData)
    i.WriteOLedCmd                           0x0800247c   Section        0  oled.o(i.WriteOLedCmd)
    i.WriteOLedData                          0x080024aa   Section        0  oled.o(i.WriteOLedData)
    i.__0printf$3                            0x080024dc   Section        0  printf3.o(i.__0printf$3)
    i.__0sprintf$3                           0x080024fc   Section        0  printf3.o(i.__0sprintf$3)
    i.__scatterload_copy                     0x08002524   Section       14  handlers.o(i.__scatterload_copy)
    i.__scatterload_null                     0x08002532   Section        2  handlers.o(i.__scatterload_null)
    i.__scatterload_zeroinit                 0x08002534   Section       14  handlers.o(i.__scatterload_zeroinit)
    i._printf_core                           0x08002544   Section        0  printf3.o(i._printf_core)
    _printf_core                             0x08002545   Thumb Code   436  printf3.o(i._printf_core)
    i._sputc                                 0x080026fc   Section        0  printf3.o(i._sputc)
    _sputc                                   0x080026fd   Thumb Code    10  printf3.o(i._sputc)
    i.delay_init                             0x08002708   Section        0  delay.o(i.delay_init)
    i.delay_ms                               0x0800274c   Section        0  delay.o(i.delay_ms)
    i.delay_us                               0x08002764   Section        0  delay.o(i.delay_us)
    i.fputc                                  0x080027ac   Section        0  uasrt.o(i.fputc)
    i.light_task                             0x080027c8   Section        0  user.o(i.light_task)
    i.main                                   0x080027e4   Section        0  user.o(i.main)
    i.prvAddCurrentTaskToDelayedList         0x08002860   Section        0  tasks.o(i.prvAddCurrentTaskToDelayedList)
    prvAddCurrentTaskToDelayedList           0x08002861   Thumb Code   124  tasks.o(i.prvAddCurrentTaskToDelayedList)
    i.prvAddNewTaskToReadyList               0x080028f8   Section        0  tasks.o(i.prvAddNewTaskToReadyList)
    prvAddNewTaskToReadyList                 0x080028f9   Thumb Code   156  tasks.o(i.prvAddNewTaskToReadyList)
    i.prvCheckForValidListAndQueue           0x080029b0   Section        0  timers.o(i.prvCheckForValidListAndQueue)
    prvCheckForValidListAndQueue             0x080029b1   Thumb Code    72  timers.o(i.prvCheckForValidListAndQueue)
    i.prvCheckTasksWaitingTermination        0x08002a14   Section        0  tasks.o(i.prvCheckTasksWaitingTermination)
    prvCheckTasksWaitingTermination          0x08002a15   Thumb Code    86  tasks.o(i.prvCheckTasksWaitingTermination)
    i.prvCopyDataFromQueue                   0x08002a78   Section        0  queue.o(i.prvCopyDataFromQueue)
    prvCopyDataFromQueue                     0x08002a79   Thumb Code    42  queue.o(i.prvCopyDataFromQueue)
    i.prvCopyDataToQueue                     0x08002aa2   Section        0  queue.o(i.prvCopyDataToQueue)
    prvCopyDataToQueue                       0x08002aa3   Thumb Code   124  queue.o(i.prvCopyDataToQueue)
    i.prvDeleteTCB                           0x08002b1e   Section        0  tasks.o(i.prvDeleteTCB)
    prvDeleteTCB                             0x08002b1f   Thumb Code    18  tasks.o(i.prvDeleteTCB)
    i.prvGetNextExpireTime                   0x08002b30   Section        0  timers.o(i.prvGetNextExpireTime)
    prvGetNextExpireTime                     0x08002b31   Thumb Code    36  timers.o(i.prvGetNextExpireTime)
    i.prvHeapInit                            0x08002b58   Section        0  heap_4.o(i.prvHeapInit)
    prvHeapInit                              0x08002b59   Thumb Code    98  heap_4.o(i.prvHeapInit)
    i.prvIdleTask                            0x08002bd4   Section        0  tasks.o(i.prvIdleTask)
    prvIdleTask                              0x08002bd5   Thumb Code    32  tasks.o(i.prvIdleTask)
    i.prvInitialiseNewQueue                  0x08002bfc   Section        0  queue.o(i.prvInitialiseNewQueue)
    prvInitialiseNewQueue                    0x08002bfd   Thumb Code    42  queue.o(i.prvInitialiseNewQueue)
    i.prvInitialiseNewTask                   0x08002c26   Section        0  tasks.o(i.prvInitialiseNewTask)
    prvInitialiseNewTask                     0x08002c27   Thumb Code   180  tasks.o(i.prvInitialiseNewTask)
    i.prvInitialiseTaskLists                 0x08002cdc   Section        0  tasks.o(i.prvInitialiseTaskLists)
    prvInitialiseTaskLists                   0x08002cdd   Thumb Code    70  tasks.o(i.prvInitialiseTaskLists)
    i.prvInsertBlockIntoFreeList             0x08002d44   Section        0  heap_4.o(i.prvInsertBlockIntoFreeList)
    prvInsertBlockIntoFreeList               0x08002d45   Thumb Code    96  heap_4.o(i.prvInsertBlockIntoFreeList)
    i.prvInsertTimerInActiveList             0x08002dac   Section        0  timers.o(i.prvInsertTimerInActiveList)
    prvInsertTimerInActiveList               0x08002dad   Thumb Code    80  timers.o(i.prvInsertTimerInActiveList)
    i.prvIsQueueEmpty                        0x08002e04   Section        0  queue.o(i.prvIsQueueEmpty)
    prvIsQueueEmpty                          0x08002e05   Thumb Code    26  queue.o(i.prvIsQueueEmpty)
    i.prvIsQueueFull                         0x08002e1e   Section        0  queue.o(i.prvIsQueueFull)
    prvIsQueueFull                           0x08002e1f   Thumb Code    30  queue.o(i.prvIsQueueFull)
    i.prvProcessExpiredTimer                 0x08002e3c   Section        0  timers.o(i.prvProcessExpiredTimer)
    prvProcessExpiredTimer                   0x08002e3d   Thumb Code    94  timers.o(i.prvProcessExpiredTimer)
    i.prvProcessReceivedCommands             0x08002ea0   Section        0  timers.o(i.prvProcessReceivedCommands)
    prvProcessReceivedCommands               0x08002ea1   Thumb Code   242  timers.o(i.prvProcessReceivedCommands)
    i.prvProcessTimerOrBlockTask             0x08002f98   Section        0  timers.o(i.prvProcessTimerOrBlockTask)
    prvProcessTimerOrBlockTask               0x08002f99   Thumb Code   102  timers.o(i.prvProcessTimerOrBlockTask)
    i.prvResetNextTaskUnblockTime            0x0800300c   Section        0  tasks.o(i.prvResetNextTaskUnblockTime)
    prvResetNextTaskUnblockTime              0x0800300d   Thumb Code    42  tasks.o(i.prvResetNextTaskUnblockTime)
    i.prvSampleTimeNow                       0x08003040   Section        0  timers.o(i.prvSampleTimeNow)
    prvSampleTimeNow                         0x08003041   Thumb Code    40  timers.o(i.prvSampleTimeNow)
    i.prvSwitchTimerLists                    0x0800306c   Section        0  timers.o(i.prvSwitchTimerLists)
    prvSwitchTimerLists                      0x0800306d   Thumb Code   150  timers.o(i.prvSwitchTimerLists)
    i.prvTaskExitError                       0x0800310c   Section        0  port.o(i.prvTaskExitError)
    prvTaskExitError                         0x0800310d   Thumb Code    60  port.o(i.prvTaskExitError)
    i.prvTimerTask                           0x0800314c   Section        0  timers.o(i.prvTimerTask)
    prvTimerTask                             0x0800314d   Thumb Code    26  timers.o(i.prvTimerTask)
    i.prvUnlockQueue                         0x08003166   Section        0  queue.o(i.prvUnlockQueue)
    prvUnlockQueue                           0x08003167   Thumb Code   126  queue.o(i.prvUnlockQueue)
    i.pvPortMalloc                           0x080031e4   Section        0  heap_4.o(i.pvPortMalloc)
    i.pvTaskIncrementMutexHeldCount          0x08003320   Section        0  tasks.o(i.pvTaskIncrementMutexHeldCount)
    i.pxPortInitialiseStack                  0x08003340   Section        0  port.o(i.pxPortInitialiseStack)
    i.setWifi                                0x0800336c   Section        0  esp8266.o(i.setWifi)
    i.start_task                             0x08003510   Section        0  user.o(i.start_task)
    i.uart2init                              0x08003580   Section        0  esp8266.o(i.uart2init)
    i.uart6_init                             0x0800362c   Section        0  syn6288.o(i.uart6_init)
    i.usart_sendstr                          0x080036dc   Section        0  esp8266.o(i.usart_sendstr)
    i.uxListRemove                           0x0800371e   Section        0  list.o(i.uxListRemove)
    i.vListInitialise                        0x08003746   Section        0  list.o(i.vListInitialise)
    i.vListInitialiseItem                    0x08003760   Section        0  list.o(i.vListInitialiseItem)
    i.vListInsert                            0x08003766   Section        0  list.o(i.vListInsert)
    i.vListInsertEnd                         0x0800379a   Section        0  list.o(i.vListInsertEnd)
    i.vPortEnterCritical                     0x080037b4   Section        0  port.o(i.vPortEnterCritical)
    i.vPortExitCritical                      0x08003808   Section        0  port.o(i.vPortExitCritical)
    i.vPortFree                              0x08003844   Section        0  heap_4.o(i.vPortFree)
    i.vPortSetupTimerInterrupt               0x080038d8   Section        0  port.o(i.vPortSetupTimerInterrupt)
    i.vPortValidateInterruptPriority         0x080038f8   Section        0  port.o(i.vPortValidateInterruptPriority)
    i.vQueueAddToRegistry                    0x08003970   Section        0  queue.o(i.vQueueAddToRegistry)
    i.vQueueWaitForMessageRestricted         0x0800399c   Section        0  queue.o(i.vQueueWaitForMessageRestricted)
    i.vTaskDelay                             0x080039e8   Section        0  tasks.o(i.vTaskDelay)
    i.vTaskDelete                            0x08003a44   Section        0  tasks.o(i.vTaskDelete)
    i.vTaskMissedYield                       0x08003b38   Section        0  tasks.o(i.vTaskMissedYield)
    i.vTaskPlaceOnEventList                  0x08003b44   Section        0  tasks.o(i.vTaskPlaceOnEventList)
    i.vTaskPlaceOnEventListRestricted        0x08003b7c   Section        0  tasks.o(i.vTaskPlaceOnEventListRestricted)
    i.vTaskPriorityInherit                   0x08003bbc   Section        0  tasks.o(i.vTaskPriorityInherit)
    i.vTaskSetTimeOutState                   0x08003c6c   Section        0  tasks.o(i.vTaskSetTimeOutState)
    i.vTaskStartScheduler                    0x08003c9c   Section        0  tasks.o(i.vTaskStartScheduler)
    i.vTaskSuspendAll                        0x08003d30   Section        0  tasks.o(i.vTaskSuspendAll)
    i.vTaskSwitchContext                     0x08003d40   Section        0  tasks.o(i.vTaskSwitchContext)
    i.xPortStartScheduler                    0x08003dcc   Section        0  port.o(i.xPortStartScheduler)
    i.xPortSysTickHandler                    0x08003f08   Section        0  port.o(i.xPortSysTickHandler)
    i.xQueueGenericCreate                    0x08003f3c   Section        0  queue.o(i.xQueueGenericCreate)
    i.xQueueGenericReceive                   0x08003f94   Section        0  queue.o(i.xQueueGenericReceive)
    i.xQueueGenericReset                     0x08004158   Section        0  queue.o(i.xQueueGenericReset)
    i.xQueueGenericSend                      0x080041f0   Section        0  queue.o(i.xQueueGenericSend)
    i.xQueueGenericSendFromISR               0x08004398   Section        0  queue.o(i.xQueueGenericSendFromISR)
    i.xTaskCheckForTimeOut                   0x08004490   Section        0  tasks.o(i.xTaskCheckForTimeOut)
    i.xTaskCreate                            0x0800451c   Section        0  tasks.o(i.xTaskCreate)
    i.xTaskGetSchedulerState                 0x0800457c   Section        0  tasks.o(i.xTaskGetSchedulerState)
    i.xTaskGetTickCount                      0x0800459c   Section        0  tasks.o(i.xTaskGetTickCount)
    i.xTaskIncrementTick                     0x080045a8   Section        0  tasks.o(i.xTaskIncrementTick)
    i.xTaskPriorityDisinherit                0x080046f0   Section        0  tasks.o(i.xTaskPriorityDisinherit)
    i.xTaskRemoveFromEventList               0x080047b8   Section        0  tasks.o(i.xTaskRemoveFromEventList)
    i.xTaskResumeAll                         0x08004850   Section        0  tasks.o(i.xTaskResumeAll)
    i.xTimerCreateTimerTask                  0x08004954   Section        0  timers.o(i.xTimerCreateTimerTask)
    i.xTimerGenericCommand                   0x080049ac   Section        0  timers.o(i.xTimerGenericCommand)
    .constdata                               0x08004a30   Section     1520  oled.o(.constdata)
    .constdata                               0x08005020   Section     2660  spi_1.o(.constdata)
    .constdata                               0x08005a84   Section     7208  test.o(.constdata)
    .data                                    0x20000000   Section       20  system_stm32f4xx.o(.data)
    .data                                    0x20000014   Section      160  user.o(.data)
    .data                                    0x200000b4   Section        4  delay.o(.data)
    fac_us                                   0x200000b4   Data           1  delay.o(.data)
    fac_ms                                   0x200000b6   Data           2  delay.o(.data)
    .data                                    0x200000b8   Section       16  uasrt.o(.data)
    .data                                    0x200000c8   Section       35  esp8266.o(.data)
    .data                                    0x200000ec   Section        2  syn6288.o(.data)
    .data                                    0x200000ee   Section      784  oled.o(.data)
    .data                                    0x200003fe   Section       16  stm32f4xx_rcc.o(.data)
    APBAHBPrescTable                         0x200003fe   Data          16  stm32f4xx_rcc.o(.data)
    .data                                    0x20000410   Section       60  tasks.o(.data)
    pxDelayedTaskList                        0x20000414   Data           4  tasks.o(.data)
    pxOverflowDelayedTaskList                0x20000418   Data           4  tasks.o(.data)
    uxDeletedTasksWaitingCleanUp             0x2000041c   Data           4  tasks.o(.data)
    uxCurrentNumberOfTasks                   0x20000420   Data           4  tasks.o(.data)
    xTickCount                               0x20000424   Data           4  tasks.o(.data)
    uxTopReadyPriority                       0x20000428   Data           4  tasks.o(.data)
    xSchedulerRunning                        0x2000042c   Data           4  tasks.o(.data)
    uxPendedTicks                            0x20000430   Data           4  tasks.o(.data)
    xYieldPending                            0x20000434   Data           4  tasks.o(.data)
    xNumOfOverflows                          0x20000438   Data           4  tasks.o(.data)
    uxTaskNumber                             0x2000043c   Data           4  tasks.o(.data)
    xNextTaskUnblockTime                     0x20000440   Data           4  tasks.o(.data)
    xIdleTaskHandle                          0x20000444   Data           4  tasks.o(.data)
    uxSchedulerSuspended                     0x20000448   Data           4  tasks.o(.data)
    .data                                    0x2000044c   Section       20  timers.o(.data)
    pxCurrentTimerList                       0x2000044c   Data           4  timers.o(.data)
    pxOverflowTimerList                      0x20000450   Data           4  timers.o(.data)
    xTimerQueue                              0x20000454   Data           4  timers.o(.data)
    xTimerTaskHandle                         0x20000458   Data           4  timers.o(.data)
    xLastTime                                0x2000045c   Data           4  timers.o(.data)
    .data                                    0x20000460   Section       12  port.o(.data)
    uxCriticalNesting                        0x20000460   Data           4  port.o(.data)
    ucMaxSysCallPriority                     0x20000464   Data           1  port.o(.data)
    ulMaxPRIGROUPValue                       0x20000468   Data           4  port.o(.data)
    .data                                    0x2000046c   Section       24  heap_4.o(.data)
    xStart                                   0x2000046c   Data           8  heap_4.o(.data)
    pxEnd                                    0x20000474   Data           4  heap_4.o(.data)
    xFreeBytesRemaining                      0x20000478   Data           4  heap_4.o(.data)
    xMinimumEverFreeBytesRemaining           0x2000047c   Data           4  heap_4.o(.data)
    xBlockAllocatedBit                       0x20000480   Data           4  heap_4.o(.data)
    .data                                    0x20000484   Section        6  lcd.o(.data)
    .data                                    0x2000048a   Section       64  test.o(.data)
    .data                                    0x200004cc   Section        4  stdout.o(.data)
    .bss                                     0x200004d0   Section      525  user.o(.bss)
    .bss                                     0x200006dd   Section      224  uasrt.o(.bss)
    .bss                                     0x200007bd   Section       37  esp8266.o(.bss)
    .bss                                     0x200007e2   Section      200  syn6288.o(.bss)
    .bss                                     0x200008ac   Section       64  queue.o(.bss)
    .bss                                     0x200008ec   Section      200  tasks.o(.bss)
    pxReadyTasksLists                        0x200008ec   Data         100  tasks.o(.bss)
    xDelayedTaskList1                        0x20000950   Data          20  tasks.o(.bss)
    xDelayedTaskList2                        0x20000964   Data          20  tasks.o(.bss)
    xPendingReadyList                        0x20000978   Data          20  tasks.o(.bss)
    xTasksWaitingTermination                 0x2000098c   Data          20  tasks.o(.bss)
    xSuspendedTaskList                       0x200009a0   Data          20  tasks.o(.bss)
    .bss                                     0x200009b4   Section       40  timers.o(.bss)
    xActiveTimerList1                        0x200009b4   Data          20  timers.o(.bss)
    xActiveTimerList2                        0x200009c8   Data          20  timers.o(.bss)
    .bss                                     0x200009dc   Section    76800  heap_4.o(.bss)
    ucHeap                                   0x200009dc   Data       76800  heap_4.o(.bss)
    .bss                                     0x200135dc   Section       14  lcd.o(.bss)
    STACK                                    0x200135f0   Section     1024  startup_stm32f40_41xxx.o(STACK)

    Global Symbols

    Symbol Name                              Value     Ov Type        Size  Object(Section)

    BuildAttributes$$THM_ISAv4$E$P$D$K$B$S$7EM$VFPi3$EXTD16$VFPS$VFMA$PE$A:L22UL41UL21$X:L11$S22US41US21$IEEE1$IW$USESV6$~STKCKD$USESV7$~SHL$OSPACE$ROPI$EBA8$MICROLIB$REQ8$PRES8$EABIv2 0x00000000   Number         0  anon$$obj.o ABSOLUTE
    __ARM_use_no_argv                        0x00000000   Number         0  user.o ABSOLUTE
    _printf_a                                0x00000000   Number         0  stubs.o ABSOLUTE
    _printf_c                                0x00000000   Number         0  stubs.o ABSOLUTE
    _printf_charcount                        0x00000000   Number         0  stubs.o ABSOLUTE
    _printf_d                                0x00000000   Number         0  stubs.o ABSOLUTE
    _printf_e                                0x00000000   Number         0  stubs.o ABSOLUTE
    _printf_f                                0x00000000   Number         0  stubs.o ABSOLUTE
    _printf_flags                            0x00000000   Number         0  stubs.o ABSOLUTE
    _printf_fp_dec                           0x00000000   Number         0  stubs.o ABSOLUTE
    _printf_fp_hex                           0x00000000   Number         0  stubs.o ABSOLUTE
    _printf_g                                0x00000000   Number         0  stubs.o ABSOLUTE
    _printf_i                                0x00000000   Number         0  stubs.o ABSOLUTE
    _printf_int_dec                          0x00000000   Number         0  stubs.o ABSOLUTE
    _printf_l                                0x00000000   Number         0  stubs.o ABSOLUTE
    _printf_lc                               0x00000000   Number         0  stubs.o ABSOLUTE
    _printf_ll                               0x00000000   Number         0  stubs.o ABSOLUTE
    _printf_lld                              0x00000000   Number         0  stubs.o ABSOLUTE
    _printf_lli                              0x00000000   Number         0  stubs.o ABSOLUTE
    _printf_llo                              0x00000000   Number         0  stubs.o ABSOLUTE
    _printf_llu                              0x00000000   Number         0  stubs.o ABSOLUTE
    _printf_llx                              0x00000000   Number         0  stubs.o ABSOLUTE
    _printf_longlong_dec                     0x00000000   Number         0  stubs.o ABSOLUTE
    _printf_longlong_hex                     0x00000000   Number         0  stubs.o ABSOLUTE
    _printf_longlong_oct                     0x00000000   Number         0  stubs.o ABSOLUTE
    _printf_ls                               0x00000000   Number         0  stubs.o ABSOLUTE
    _printf_mbtowc                           0x00000000   Number         0  stubs.o ABSOLUTE
    _printf_n                                0x00000000   Number         0  stubs.o ABSOLUTE
    _printf_o                                0x00000000   Number         0  stubs.o ABSOLUTE
    _printf_p                                0x00000000   Number         0  stubs.o ABSOLUTE
    _printf_percent                          0x00000000   Number         0  stubs.o ABSOLUTE
    _printf_pre_padding                      0x00000000   Number         0  stubs.o ABSOLUTE
    _printf_return_value                     0x00000000   Number         0  stubs.o ABSOLUTE
    _printf_s                                0x00000000   Number         0  stubs.o ABSOLUTE
    _printf_sizespec                         0x00000000   Number         0  stubs.o ABSOLUTE
    _printf_str                              0x00000000   Number         0  stubs.o ABSOLUTE
    _printf_truncate_signed                  0x00000000   Number         0  stubs.o ABSOLUTE
    _printf_truncate_unsigned                0x00000000   Number         0  stubs.o ABSOLUTE
    _printf_u                                0x00000000   Number         0  stubs.o ABSOLUTE
    _printf_wc                               0x00000000   Number         0  stubs.o ABSOLUTE
    _printf_wctomb                           0x00000000   Number         0  stubs.o ABSOLUTE
    _printf_widthprec                        0x00000000   Number         0  stubs.o ABSOLUTE
    _printf_x                                0x00000000   Number         0  stubs.o ABSOLUTE
    __cpp_initialize__aeabi_                  - Undefined Weak Reference
    __cxa_finalize                            - Undefined Weak Reference
    _clock_init                               - Undefined Weak Reference
    _microlib_exit                            - Undefined Weak Reference
    __Vectors_Size                           0x00000188   Number         0  startup_stm32f40_41xxx.o ABSOLUTE
    __Vectors                                0x08000000   Data           4  startup_stm32f40_41xxx.o(RESET)
    __Vectors_End                            0x08000188   Data           0  startup_stm32f40_41xxx.o(RESET)
    __main                                   0x08000189   Thumb Code     0  entry.o(.ARM.Collect$$$$00000000)
    _main_stk                                0x08000189   Thumb Code     0  entry2.o(.ARM.Collect$$$$00000001)
    _main_scatterload                        0x0800018d   Thumb Code     0  entry5.o(.ARM.Collect$$$$00000004)
    __main_after_scatterload                 0x08000191   Thumb Code     0  entry5.o(.ARM.Collect$$$$00000004)
    _main_clock                              0x08000191   Thumb Code     0  entry7b.o(.ARM.Collect$$$$00000008)
    _main_cpp_init                           0x08000191   Thumb Code     0  entry8b.o(.ARM.Collect$$$$0000000A)
    _main_init                               0x08000191   Thumb Code     0  entry9a.o(.ARM.Collect$$$$0000000B)
    __rt_final_cpp                           0x08000199   Thumb Code     0  entry10a.o(.ARM.Collect$$$$0000000D)
    __rt_final_exit                          0x08000199   Thumb Code     0  entry11a.o(.ARM.Collect$$$$0000000F)
    SVC_Handler                              0x0800019d   Thumb Code    28  port.o(.emb_text)
    __asm___6_port_c_39a90d8d__prvStartFirstTask 0x080001bd   Thumb Code    28  port.o(.emb_text)
    __asm___6_port_c_39a90d8d__prvEnableVFP  0x080001dd   Thumb Code    16  port.o(.emb_text)
    PendSV_Handler                           0x080001f1   Thumb Code    88  port.o(.emb_text)
    vPortGetIPSR                             0x0800024d   Thumb Code     6  port.o(.emb_text)
    Reset_Handler                            0x08000255   Thumb Code     8  startup_stm32f40_41xxx.o(.text)
    NMI_Handler                              0x0800025d   Thumb Code     2  startup_stm32f40_41xxx.o(.text)
    HardFault_Handler                        0x0800025f   Thumb Code     2  startup_stm32f40_41xxx.o(.text)
    MemManage_Handler                        0x08000261   Thumb Code     2  startup_stm32f40_41xxx.o(.text)
    BusFault_Handler                         0x08000263   Thumb Code     2  startup_stm32f40_41xxx.o(.text)
    UsageFault_Handler                       0x08000265   Thumb Code     2  startup_stm32f40_41xxx.o(.text)
    DebugMon_Handler                         0x08000269   Thumb Code     2  startup_stm32f40_41xxx.o(.text)
    ADC_IRQHandler                           0x0800026f   Thumb Code     0  startup_stm32f40_41xxx.o(.text)
    CAN1_RX0_IRQHandler                      0x0800026f   Thumb Code     0  startup_stm32f40_41xxx.o(.text)
    CAN1_RX1_IRQHandler                      0x0800026f   Thumb Code     0  startup_stm32f40_41xxx.o(.text)
    CAN1_SCE_IRQHandler                      0x0800026f   Thumb Code     0  startup_stm32f40_41xxx.o(.text)
    CAN1_TX_IRQHandler                       0x0800026f   Thumb Code     0  startup_stm32f40_41xxx.o(.text)
    CAN2_RX0_IRQHandler                      0x0800026f   Thumb Code     0  startup_stm32f40_41xxx.o(.text)
    CAN2_RX1_IRQHandler                      0x0800026f   Thumb Code     0  startup_stm32f40_41xxx.o(.text)
    CAN2_SCE_IRQHandler                      0x0800026f   Thumb Code     0  startup_stm32f40_41xxx.o(.text)
    CAN2_TX_IRQHandler                       0x0800026f   Thumb Code     0  startup_stm32f40_41xxx.o(.text)
    CRYP_IRQHandler                          0x0800026f   Thumb Code     0  startup_stm32f40_41xxx.o(.text)
    DCMI_IRQHandler                          0x0800026f   Thumb Code     0  startup_stm32f40_41xxx.o(.text)
    DMA1_Stream0_IRQHandler                  0x0800026f   Thumb Code     0  startup_stm32f40_41xxx.o(.text)
    DMA1_Stream1_IRQHandler                  0x0800026f   Thumb Code     0  startup_stm32f40_41xxx.o(.text)
    DMA1_Stream2_IRQHandler                  0x0800026f   Thumb Code     0  startup_stm32f40_41xxx.o(.text)
    DMA1_Stream3_IRQHandler                  0x0800026f   Thumb Code     0  startup_stm32f40_41xxx.o(.text)
    DMA1_Stream4_IRQHandler                  0x0800026f   Thumb Code     0  startup_stm32f40_41xxx.o(.text)
    DMA1_Stream5_IRQHandler                  0x0800026f   Thumb Code     0  startup_stm32f40_41xxx.o(.text)
    DMA1_Stream6_IRQHandler                  0x0800026f   Thumb Code     0  startup_stm32f40_41xxx.o(.text)
    DMA1_Stream7_IRQHandler                  0x0800026f   Thumb Code     0  startup_stm32f40_41xxx.o(.text)
    DMA2_Stream0_IRQHandler                  0x0800026f   Thumb Code     0  startup_stm32f40_41xxx.o(.text)
    DMA2_Stream1_IRQHandler                  0x0800026f   Thumb Code     0  startup_stm32f40_41xxx.o(.text)
    DMA2_Stream2_IRQHandler                  0x0800026f   Thumb Code     0  startup_stm32f40_41xxx.o(.text)
    DMA2_Stream3_IRQHandler                  0x0800026f   Thumb Code     0  startup_stm32f40_41xxx.o(.text)
    DMA2_Stream4_IRQHandler                  0x0800026f   Thumb Code     0  startup_stm32f40_41xxx.o(.text)
    DMA2_Stream5_IRQHandler                  0x0800026f   Thumb Code     0  startup_stm32f40_41xxx.o(.text)
    DMA2_Stream6_IRQHandler                  0x0800026f   Thumb Code     0  startup_stm32f40_41xxx.o(.text)
    DMA2_Stream7_IRQHandler                  0x0800026f   Thumb Code     0  startup_stm32f40_41xxx.o(.text)
    ETH_IRQHandler                           0x0800026f   Thumb Code     0  startup_stm32f40_41xxx.o(.text)
    ETH_WKUP_IRQHandler                      0x0800026f   Thumb Code     0  startup_stm32f40_41xxx.o(.text)
    EXTI0_IRQHandler                         0x0800026f   Thumb Code     0  startup_stm32f40_41xxx.o(.text)
    EXTI1_IRQHandler                         0x0800026f   Thumb Code     0  startup_stm32f40_41xxx.o(.text)
    EXTI2_IRQHandler                         0x0800026f   Thumb Code     0  startup_stm32f40_41xxx.o(.text)
    EXTI3_IRQHandler                         0x0800026f   Thumb Code     0  startup_stm32f40_41xxx.o(.text)
    FLASH_IRQHandler                         0x0800026f   Thumb Code     0  startup_stm32f40_41xxx.o(.text)
    FPU_IRQHandler                           0x0800026f   Thumb Code     0  startup_stm32f40_41xxx.o(.text)
    FSMC_IRQHandler                          0x0800026f   Thumb Code     0  startup_stm32f40_41xxx.o(.text)
    HASH_RNG_IRQHandler                      0x0800026f   Thumb Code     0  startup_stm32f40_41xxx.o(.text)
    I2C1_ER_IRQHandler                       0x0800026f   Thumb Code     0  startup_stm32f40_41xxx.o(.text)
    I2C1_EV_IRQHandler                       0x0800026f   Thumb Code     0  startup_stm32f40_41xxx.o(.text)
    I2C2_ER_IRQHandler                       0x0800026f   Thumb Code     0  startup_stm32f40_41xxx.o(.text)
    I2C2_EV_IRQHandler                       0x0800026f   Thumb Code     0  startup_stm32f40_41xxx.o(.text)
    I2C3_ER_IRQHandler                       0x0800026f   Thumb Code     0  startup_stm32f40_41xxx.o(.text)
    I2C3_EV_IRQHandler                       0x0800026f   Thumb Code     0  startup_stm32f40_41xxx.o(.text)
    OTG_FS_IRQHandler                        0x0800026f   Thumb Code     0  startup_stm32f40_41xxx.o(.text)
    OTG_FS_WKUP_IRQHandler                   0x0800026f   Thumb Code     0  startup_stm32f40_41xxx.o(.text)
    OTG_HS_EP1_IN_IRQHandler                 0x0800026f   Thumb Code     0  startup_stm32f40_41xxx.o(.text)
    OTG_HS_EP1_OUT_IRQHandler                0x0800026f   Thumb Code     0  startup_stm32f40_41xxx.o(.text)
    OTG_HS_IRQHandler                        0x0800026f   Thumb Code     0  startup_stm32f40_41xxx.o(.text)
    OTG_HS_WKUP_IRQHandler                   0x0800026f   Thumb Code     0  startup_stm32f40_41xxx.o(.text)
    PVD_IRQHandler                           0x0800026f   Thumb Code     0  startup_stm32f40_41xxx.o(.text)
    RCC_IRQHandler                           0x0800026f   Thumb Code     0  startup_stm32f40_41xxx.o(.text)
    RTC_Alarm_IRQHandler                     0x0800026f   Thumb Code     0  startup_stm32f40_41xxx.o(.text)
    RTC_WKUP_IRQHandler                      0x0800026f   Thumb Code     0  startup_stm32f40_41xxx.o(.text)
    SDIO_IRQHandler                          0x0800026f   Thumb Code     0  startup_stm32f40_41xxx.o(.text)
    SPI1_IRQHandler                          0x0800026f   Thumb Code     0  startup_stm32f40_41xxx.o(.text)
    SPI2_IRQHandler                          0x0800026f   Thumb Code     0  startup_stm32f40_41xxx.o(.text)
    SPI3_IRQHandler                          0x0800026f   Thumb Code     0  startup_stm32f40_41xxx.o(.text)
    TAMP_STAMP_IRQHandler                    0x0800026f   Thumb Code     0  startup_stm32f40_41xxx.o(.text)
    TIM1_BRK_TIM9_IRQHandler                 0x0800026f   Thumb Code     0  startup_stm32f40_41xxx.o(.text)
    TIM1_CC_IRQHandler                       0x0800026f   Thumb Code     0  startup_stm32f40_41xxx.o(.text)
    TIM1_TRG_COM_TIM11_IRQHandler            0x0800026f   Thumb Code     0  startup_stm32f40_41xxx.o(.text)
    TIM1_UP_TIM10_IRQHandler                 0x0800026f   Thumb Code     0  startup_stm32f40_41xxx.o(.text)
    TIM2_IRQHandler                          0x0800026f   Thumb Code     0  startup_stm32f40_41xxx.o(.text)
    TIM3_IRQHandler                          0x0800026f   Thumb Code     0  startup_stm32f40_41xxx.o(.text)
    TIM6_DAC_IRQHandler                      0x0800026f   Thumb Code     0  startup_stm32f40_41xxx.o(.text)
    TIM7_IRQHandler                          0x0800026f   Thumb Code     0  startup_stm32f40_41xxx.o(.text)
    TIM8_BRK_TIM12_IRQHandler                0x0800026f   Thumb Code     0  startup_stm32f40_41xxx.o(.text)
    TIM8_CC_IRQHandler                       0x0800026f   Thumb Code     0  startup_stm32f40_41xxx.o(.text)
    TIM8_TRG_COM_TIM14_IRQHandler            0x0800026f   Thumb Code     0  startup_stm32f40_41xxx.o(.text)
    TIM8_UP_TIM13_IRQHandler                 0x0800026f   Thumb Code     0  startup_stm32f40_41xxx.o(.text)
    UART4_IRQHandler                         0x0800026f   Thumb Code     0  startup_stm32f40_41xxx.o(.text)
    UART5_IRQHandler                         0x0800026f   Thumb Code     0  startup_stm32f40_41xxx.o(.text)
    USART3_IRQHandler                        0x0800026f   Thumb Code     0  startup_stm32f40_41xxx.o(.text)
    WWDG_IRQHandler                          0x0800026f   Thumb Code     0  startup_stm32f40_41xxx.o(.text)
    __aeabi_memcpy                           0x08000279   Thumb Code    36  memcpya.o(.text)
    __aeabi_memcpy4                          0x08000279   Thumb Code     0  memcpya.o(.text)
    __aeabi_memcpy8                          0x08000279   Thumb Code     0  memcpya.o(.text)
    __aeabi_memset                           0x0800029d   Thumb Code    14  memseta.o(.text)
    __aeabi_memset4                          0x0800029d   Thumb Code     0  memseta.o(.text)
    __aeabi_memset8                          0x0800029d   Thumb Code     0  memseta.o(.text)
    __aeabi_memclr                           0x080002ab   Thumb Code     4  memseta.o(.text)
    __aeabi_memclr4                          0x080002ab   Thumb Code     0  memseta.o(.text)
    __aeabi_memclr8                          0x080002ab   Thumb Code     0  memseta.o(.text)
    _memset$wrapper                          0x080002af   Thumb Code    18  memseta.o(.text)
    strlen                                   0x080002c1   Thumb Code    14  strlen.o(.text)
    strcasecmp                               0x080002cf   Thumb Code    42  strcasecmp.o(.text)
    __aeabi_uidiv                            0x080002f9   Thumb Code     0  uidiv.o(.text)
    __aeabi_uidivmod                         0x080002f9   Thumb Code    44  uidiv.o(.text)
    tolower                                  0x08000325   Thumb Code    12  tolower.o(.text)
    __scatterload                            0x08000331   Thumb Code    28  init.o(.text)
    __scatterload_rt2                        0x08000331   Thumb Code     0  init.o(.text)
    __decompress                             0x08000355   Thumb Code     0  __dclz77c.o(.text)
    __decompress2                            0x08000355   Thumb Code    94  __dclz77c.o(.text)
    BEEP_Alarm_Count                         0x080003b3   Thumb Code    34  beep.o(i.BEEP_Alarm_Count)
    BEEP_Config                              0x080003d5   Thumb Code    60  beep.o(i.BEEP_Config)
    BEEP_TurnOff                             0x08000415   Thumb Code    16  beep.o(i.BEEP_TurnOff)
    BEEP_TurnOn                              0x08000429   Thumb Code    14  beep.o(i.BEEP_TurnOn)
    DrawTestPage                             0x0800043d   Thumb Code   118  test.o(i.DrawTestPage)
    EXTI15_10_IRQHandler                     0x080004d5   Thumb Code    26  interrupt.o(i.EXTI15_10_IRQHandler)
    EXTI4_IRQHandler                         0x080004f1   Thumb Code    30  interrupt.o(i.EXTI4_IRQHandler)
    EXTI9_5_IRQHandler                       0x08000515   Thumb Code    64  interrupt.o(i.EXTI9_5_IRQHandler)
    EXTI_ClearITPendingBit                   0x08000559   Thumb Code     6  stm32f4xx_exti.o(i.EXTI_ClearITPendingBit)
    EXTI_Init                                0x08000565   Thumb Code   142  stm32f4xx_exti.o(i.EXTI_Init)
    English_Font_test                        0x080005f9   Thumb Code   430  test.o(i.English_Font_test)
    Fan_Control                              0x08000849   Thumb Code    20  pwm_fan.o(i.Fan_Control)
    GPIO_Init                                0x08000861   Thumb Code   144  stm32f4xx_gpio.o(i.GPIO_Init)
    GPIO_PinAFConfig                         0x080008f1   Thumb Code    70  stm32f4xx_gpio.o(i.GPIO_PinAFConfig)
    GPIO_ReadInputDataBit                    0x08000937   Thumb Code    18  stm32f4xx_gpio.o(i.GPIO_ReadInputDataBit)
    GPIO_ResetBits                           0x08000949   Thumb Code     4  stm32f4xx_gpio.o(i.GPIO_ResetBits)
    GPIO_SetBits                             0x0800094d   Thumb Code     4  stm32f4xx_gpio.o(i.GPIO_SetBits)
    GPIO_ToggleBits                          0x08000951   Thumb Code     8  stm32f4xx_gpio.o(i.GPIO_ToggleBits)
    GPIO_WriteBit                            0x08000959   Thumb Code    10  stm32f4xx_gpio.o(i.GPIO_WriteBit)
    GUI_DrawFont16                           0x08000963   Thumb Code     8  gui.o(i.GUI_DrawFont16)
    GUI_DrawFont24                           0x0800096b   Thumb Code     8  gui.o(i.GUI_DrawFont24)
    GUI_DrawFont32                           0x08000973   Thumb Code     8  gui.o(i.GUI_DrawFont32)
    GetClient_task                           0x0800097d   Thumb Code    78  user.o(i.GetClient_task)
    Gui_Drawbmp16                            0x080009e1   Thumb Code    90  gui.o(i.Gui_Drawbmp16)
    Gui_StrCenter                            0x08000a41   Thumb Code    60  gui.o(i.Gui_StrCenter)
    IIC_Config                               0x08000a81   Thumb Code    46  iic.o(i.IIC_Config)
    IIC_Get_ACK                              0x08000ab5   Thumb Code    76  iic.o(i.IIC_Get_ACK)
    IIC_Send_Byte                            0x08000b05   Thumb Code    94  iic.o(i.IIC_Send_Byte)
    IIC_Start                                0x08000b69   Thumb Code    48  iic.o(i.IIC_Start)
    IIC_Stop                                 0x08000b9d   Thumb Code    54  iic.o(i.IIC_Stop)
    INTERRUPT_KEY1_Config                    0x08000bd9   Thumb Code   110  interrupt.o(i.INTERRUPT_KEY1_Config)
    INTERRUPT_KEY2_Config                    0x08000c4d   Thumb Code   110  interrupt.o(i.INTERRUPT_KEY2_Config)
    INTERRUPT_KEY3_Config                    0x08000cc1   Thumb Code   110  interrupt.o(i.INTERRUPT_KEY3_Config)
    INTERRUPT_KEY4_Config                    0x08000d35   Thumb Code   114  interrupt.o(i.INTERRUPT_KEY4_Config)
    InitOLed                                 0x08000dad   Thumb Code   178  oled.o(i.InitOLed)
    KEY1_2_3_Config                          0x08000e61   Thumb Code    42  key.o(i.KEY1_2_3_Config)
    KEY4_Config                              0x08000e91   Thumb Code    44  key.o(i.KEY4_Config)
    LCD_Clear                                0x08000ec1   Thumb Code    84  lcd.o(i.LCD_Clear)
    LCD_DrawPoint                            0x08000f21   Thumb Code    24  lcd.o(i.LCD_DrawPoint)
    LCD_Fill                                 0x08000f3d   Thumb Code   110  gui.o(i.LCD_Fill)
    LCD_GPIOInit                             0x08000fb1   Thumb Code    68  lcd.o(i.LCD_GPIOInit)
    LCD_Init                                 0x08000ffd   Thumb Code   584  lcd.o(i.LCD_Init)
    LCD_RESET                                0x08001249   Thumb Code    30  lcd.o(i.LCD_RESET)
    LCD_SetCursor                            0x08001271   Thumb Code    20  lcd.o(i.LCD_SetCursor)
    LCD_SetWindows                           0x08001285   Thumb Code    84  lcd.o(i.LCD_SetWindows)
    LCD_ShowChar                             0x080012dd   Thumb Code   276  gui.o(i.LCD_ShowChar)
    LCD_WR_DATA                              0x08001401   Thumb Code    32  lcd.o(i.LCD_WR_DATA)
    LCD_WR_REG                               0x08001429   Thumb Code    30  lcd.o(i.LCD_WR_REG)
    LCD_WriteRAM_Prepare                     0x08001451   Thumb Code    12  lcd.o(i.LCD_WriteRAM_Prepare)
    LCD_WriteReg                             0x08001461   Thumb Code    20  lcd.o(i.LCD_WriteReg)
    LCD_direction                            0x08001475   Thumb Code   128  lcd.o(i.LCD_direction)
    LED_TurnOff                              0x080014f9   Thumb Code    60  led1.o(i.LED_TurnOff)
    LED_TurnOn                               0x08001539   Thumb Code    44  led1.o(i.LED_TurnOn)
    LED_config                               0x08001569   Thumb Code    80  led1.o(i.LED_config)
    Lcd_WriteData_16Bit                      0x080015bd   Thumb Code    38  lcd.o(i.Lcd_WriteData_16Bit)
    My_Delay                                 0x080015ed   Thumb Code    18  func.o(i.My_Delay)
    NVIC_Init                                0x08001605   Thumb Code   106  misc.o(i.NVIC_Init)
    NVIC_PriorityGroupConfig                 0x0800167d   Thumb Code    10  misc.o(i.NVIC_PriorityGroupConfig)
    OLed_Fill                                0x08001691   Thumb Code    58  oled.o(i.OLed_Fill)
    OLed_SetPos                              0x080016cb   Thumb Code    36  oled.o(i.OLed_SetPos)
    OLed_ShowChina                           0x080016ef   Thumb Code    74  oled.o(i.OLed_ShowChina)
    Oled_print                               0x08001739   Thumb Code   112  oled.o(i.Oled_print)
    Pic_test                                 0x080017ad   Thumb Code    34  test.o(i.Pic_test)
    RCC_AHB1PeriphClockCmd                   0x080017d5   Thumb Code    26  stm32f4xx_rcc.o(i.RCC_AHB1PeriphClockCmd)
    RCC_APB1PeriphClockCmd                   0x080017f5   Thumb Code    26  stm32f4xx_rcc.o(i.RCC_APB1PeriphClockCmd)
    RCC_APB2PeriphClockCmd                   0x08001815   Thumb Code    26  stm32f4xx_rcc.o(i.RCC_APB2PeriphClockCmd)
    RCC_GetClocksFreq                        0x08001835   Thumb Code   214  stm32f4xx_rcc.o(i.RCC_GetClocksFreq)
    SPIv_WriteData                           0x0800191d   Thumb Code    56  spi_1.o(i.SPIv_WriteData)
    SYN_FrameInfo                            0x0800195d   Thumb Code   110  syn6288.o(i.SYN_FrameInfo)
    SYSCFG_EXTILineConfig                    0x080019cd   Thumb Code    60  stm32f4xx_syscfg.o(i.SYSCFG_EXTILineConfig)
    Send_Client_Data                         0x08001a0d   Thumb Code    40  esp8266.o(i.Send_Client_Data)
    Show_Client_Data                         0x08001b3d   Thumb Code   108  esp8266.o(i.Show_Client_Data)
    Show_Str                                 0x08001c01   Thumb Code   264  gui.o(i.Show_Str)
    Start_screen                             0x08001d0d   Thumb Code   104  test.o(i.Start_screen)
    SysTick_CLKSourceConfig                  0x08001d9d   Thumb Code    40  misc.o(i.SysTick_CLKSourceConfig)
    SysTick_Handler                          0x08001dc5   Thumb Code    16  delay.o(i.SysTick_Handler)
    SystemInit                               0x08001dd5   Thumb Code    88  system_stm32f4xx.o(i.SystemInit)
    TIM4_IRQHandler                          0x08001e3d   Thumb Code    12  timer.o(i.TIM4_IRQHandler)
    TIM5_IRQHandler                          0x08001e4d   Thumb Code    22  tim5.o(i.TIM5_IRQHandler)
    TIM_ClearITPendingBit                    0x08001e6d   Thumb Code     6  stm32f4xx_tim.o(i.TIM_ClearITPendingBit)
    TIM_SetCompare1                          0x08001e73   Thumb Code     4  stm32f4xx_tim.o(i.TIM_SetCompare1)
    TIM_SetCompare2                          0x08001e77   Thumb Code     4  stm32f4xx_tim.o(i.TIM_SetCompare2)
    USART1_Config                            0x08001e7d   Thumb Code   164  uasrt.o(i.USART1_Config)
    USART1_IRQHandler                        0x08001f29   Thumb Code   466  uasrt.o(i.USART1_IRQHandler)
    USART2_IRQHandler                        0x080021c1   Thumb Code    56  esp8266.o(i.USART2_IRQHandler)
    USART6_IRQHandler                        0x08002209   Thumb Code    72  syn6288.o(i.USART6_IRQHandler)
    USART6_SendString                        0x0800225d   Thumb Code    28  syn6288.o(i.USART6_SendString)
    USART_ClearFlag                          0x08002279   Thumb Code    18  stm32f4xx_usart.o(i.USART_ClearFlag)
    USART_ClearITPendingBit                  0x0800228b   Thumb Code    30  stm32f4xx_usart.o(i.USART_ClearITPendingBit)
    USART_Cmd                                0x080022a9   Thumb Code    24  stm32f4xx_usart.o(i.USART_Cmd)
    USART_GetFlagStatus                      0x080022c1   Thumb Code    26  stm32f4xx_usart.o(i.USART_GetFlagStatus)
    USART_GetITStatus                        0x080022db   Thumb Code    84  stm32f4xx_usart.o(i.USART_GetITStatus)
    USART_ITConfig                           0x0800232f   Thumb Code    74  stm32f4xx_usart.o(i.USART_ITConfig)
    USART_Init                               0x08002379   Thumb Code   204  stm32f4xx_usart.o(i.USART_Init)
    USART_ReceiveData                        0x0800244d   Thumb Code    10  stm32f4xx_usart.o(i.USART_ReceiveData)
    USART_SendData                           0x08002457   Thumb Code     8  stm32f4xx_usart.o(i.USART_SendData)
    Usart_SendData                           0x08002461   Thumb Code    22  syn6288.o(i.Usart_SendData)
    WriteOLedCmd                             0x0800247d   Thumb Code    46  oled.o(i.WriteOLedCmd)
    WriteOLedData                            0x080024ab   Thumb Code    50  oled.o(i.WriteOLedData)
    __0printf$3                              0x080024dd   Thumb Code    22  printf3.o(i.__0printf$3)
    __1printf$3                              0x080024dd   Thumb Code     0  printf3.o(i.__0printf$3)
    __2printf                                0x080024dd   Thumb Code     0  printf3.o(i.__0printf$3)
    __0sprintf$3                             0x080024fd   Thumb Code    34  printf3.o(i.__0sprintf$3)
    __1sprintf$3                             0x080024fd   Thumb Code     0  printf3.o(i.__0sprintf$3)
    __2sprintf                               0x080024fd   Thumb Code     0  printf3.o(i.__0sprintf$3)
    __scatterload_copy                       0x08002525   Thumb Code    14  handlers.o(i.__scatterload_copy)
    __scatterload_null                       0x08002533   Thumb Code     2  handlers.o(i.__scatterload_null)
    __scatterload_zeroinit                   0x08002535   Thumb Code    14  handlers.o(i.__scatterload_zeroinit)
    delay_init                               0x08002709   Thumb Code    58  delay.o(i.delay_init)
    delay_ms                                 0x0800274d   Thumb Code    24  delay.o(i.delay_ms)
    delay_us                                 0x08002765   Thumb Code    68  delay.o(i.delay_us)
    fputc                                    0x080027ad   Thumb Code    22  uasrt.o(i.fputc)
    light_task                               0x080027c9   Thumb Code    26  user.o(i.light_task)
    main                                     0x080027e5   Thumb Code   104  user.o(i.main)
    pvPortMalloc                             0x080031e5   Thumb Code   296  heap_4.o(i.pvPortMalloc)
    pvTaskIncrementMutexHeldCount            0x08003321   Thumb Code    26  tasks.o(i.pvTaskIncrementMutexHeldCount)
    pxPortInitialiseStack                    0x08003341   Thumb Code    38  port.o(i.pxPortInitialiseStack)
    setWifi                                  0x0800336d   Thumb Code   200  esp8266.o(i.setWifi)
    start_task                               0x08003511   Thumb Code    62  user.o(i.start_task)
    uart2init                                0x08003581   Thumb Code   162  esp8266.o(i.uart2init)
    uart6_init                               0x0800362d   Thumb Code   166  syn6288.o(i.uart6_init)
    usart_sendstr                            0x080036dd   Thumb Code    66  esp8266.o(i.usart_sendstr)
    uxListRemove                             0x0800371f   Thumb Code    40  list.o(i.uxListRemove)
    vListInitialise                          0x08003747   Thumb Code    26  list.o(i.vListInitialise)
    vListInitialiseItem                      0x08003761   Thumb Code     6  list.o(i.vListInitialiseItem)
    vListInsert                              0x08003767   Thumb Code    52  list.o(i.vListInsert)
    vListInsertEnd                           0x0800379b   Thumb Code    24  list.o(i.vListInsertEnd)
    vPortEnterCritical                       0x080037b5   Thumb Code    76  port.o(i.vPortEnterCritical)
    vPortExitCritical                        0x08003809   Thumb Code    56  port.o(i.vPortExitCritical)
    vPortFree                                0x08003845   Thumb Code   140  heap_4.o(i.vPortFree)
    vPortSetupTimerInterrupt                 0x080038d9   Thumb Code    26  port.o(i.vPortSetupTimerInterrupt)
    vPortValidateInterruptPriority           0x080038f9   Thumb Code   106  port.o(i.vPortValidateInterruptPriority)
    vQueueAddToRegistry                      0x08003971   Thumb Code    38  queue.o(i.vQueueAddToRegistry)
    vQueueWaitForMessageRestricted           0x0800399d   Thumb Code    74  queue.o(i.vQueueWaitForMessageRestricted)
    vTaskDelay                               0x080039e9   Thumb Code    82  tasks.o(i.vTaskDelay)
    vTaskDelete                              0x08003a45   Thumb Code   202  tasks.o(i.vTaskDelete)
    vTaskMissedYield                         0x08003b39   Thumb Code     8  tasks.o(i.vTaskMissedYield)
    vTaskPlaceOnEventList                    0x08003b45   Thumb Code    52  tasks.o(i.vTaskPlaceOnEventList)
    vTaskPlaceOnEventListRestricted          0x08003b7d   Thumb Code    60  tasks.o(i.vTaskPlaceOnEventListRestricted)
    vTaskPriorityInherit                     0x08003bbd   Thumb Code   164  tasks.o(i.vTaskPriorityInherit)
    vTaskSetTimeOutState                     0x08003c6d   Thumb Code    38  tasks.o(i.vTaskSetTimeOutState)
    vTaskStartScheduler                      0x08003c9d   Thumb Code   118  tasks.o(i.vTaskStartScheduler)
    vTaskSuspendAll                          0x08003d31   Thumb Code    12  tasks.o(i.vTaskSuspendAll)
    vTaskSwitchContext                       0x08003d41   Thumb Code   118  tasks.o(i.vTaskSwitchContext)
    xPortStartScheduler                      0x08003dcd   Thumb Code   288  port.o(i.xPortStartScheduler)
    xPortSysTickHandler                      0x08003f09   Thumb Code    46  port.o(i.xPortSysTickHandler)
    xQueueGenericCreate                      0x08003f3d   Thumb Code    88  queue.o(i.xQueueGenericCreate)
    xQueueGenericReceive                     0x08003f95   Thumb Code   446  queue.o(i.xQueueGenericReceive)
    xQueueGenericReset                       0x08004159   Thumb Code   146  queue.o(i.xQueueGenericReset)
    xQueueGenericSend                        0x080041f1   Thumb Code   420  queue.o(i.xQueueGenericSend)
    xQueueGenericSendFromISR                 0x08004399   Thumb Code   248  queue.o(i.xQueueGenericSendFromISR)
    xTaskCheckForTimeOut                     0x08004491   Thumb Code   132  tasks.o(i.xTaskCheckForTimeOut)
    xTaskCreate                              0x0800451d   Thumb Code    96  tasks.o(i.xTaskCreate)
    xTaskGetSchedulerState                   0x0800457d   Thumb Code    24  tasks.o(i.xTaskGetSchedulerState)
    xTaskGetTickCount                        0x0800459d   Thumb Code     6  tasks.o(i.xTaskGetTickCount)
    xTaskIncrementTick                       0x080045a9   Thumb Code   282  tasks.o(i.xTaskIncrementTick)
    xTaskPriorityDisinherit                  0x080046f1   Thumb Code   188  tasks.o(i.xTaskPriorityDisinherit)
    xTaskRemoveFromEventList                 0x080047b9   Thumb Code   128  tasks.o(i.xTaskRemoveFromEventList)
    xTaskResumeAll                           0x08004851   Thumb Code   224  tasks.o(i.xTaskResumeAll)
    xTimerCreateTimerTask                    0x08004955   Thumb Code    66  timers.o(i.xTimerCreateTimerTask)
    xTimerGenericCommand                     0x080049ad   Thumb Code   126  timers.o(i.xTimerGenericCommand)
    F8X16                                    0x08004a30   Data        1520  oled.o(.constdata)
    asc2_1206                                0x08005020   Data        1140  spi_1.o(.constdata)
    asc2_1608                                0x08005494   Data        1520  spi_1.o(.constdata)
    gImage_qq                                0x08005a84   Data        7208  test.o(.constdata)
    Region$$Table$$Base                      0x080076ac   Number         0  anon$$obj.o(Region$$Table)
    Region$$Table$$Limit                     0x080076cc   Number         0  anon$$obj.o(Region$$Table)
    SystemCoreClock                          0x20000000   Data           4  system_stm32f4xx.o(.data)
    AHBPrescTable                            0x20000004   Data          16  system_stm32f4xx.o(.data)
    ret                                      0x20000014   Data           2  user.o(.data)
    passwd                                   0x20000016   Data         128  user.o(.data)
    temp                                     0x20000096   Data           2  user.o(.data)
    humi                                     0x20000098   Data           2  user.o(.data)
    SYSTEM_ON_FLAG                           0x2000009c   Data           4  user.o(.data)
    COLLECT_DATA_ON_FLAG                     0x200000a0   Data           4  user.o(.data)
    PWM_BEEP_flag                            0x200000a4   Data           4  user.o(.data)
    StartTask_Handler                        0x200000a8   Data           4  user.o(.data)
    LIGHTTask_Handler                        0x200000ac   Data           4  user.o(.data)
    GETCLIENTTask_Handler                    0x200000b0   Data           4  user.o(.data)
    USART_RX_STA                             0x200000b8   Data           2  uasrt.o(.data)
    PWM_LED2_flag                            0x200000bc   Data           4  uasrt.o(.data)
    COLLECT_DATA_flag                        0x200000c0   Data           4  uasrt.o(.data)
    i                                        0x200000c4   Data           4  uasrt.o(.data)
    Index_1                                  0x200000c8   Data           4  esp8266.o(.data)
    _dsd                                     0x200000cc   Data           4  esp8266.o(.data)
    flg                                      0x200000d0   Data           4  esp8266.o(.data)
    Client_Number                            0x200000d4   Data           2  esp8266.o(.data)
    Client_temp                              0x200000d6   Data           2  esp8266.o(.data)
    Client_humi                              0x200000d8   Data           2  esp8266.o(.data)
    Client_illum                             0x200000da   Data           2  esp8266.o(.data)
    Clinet_Tempreture                        0x200000dc   Data           5  esp8266.o(.data)
    Clinet_Humidness                         0x200000e1   Data           5  esp8266.o(.data)
    Clinet_Illumination                      0x200000e6   Data           5  esp8266.o(.data)
    USART_RX_STA6                            0x200000ec   Data           2  syn6288.o(.data)
    HZ1                                      0x200000ee   Data          32  oled.o(.data)
    HZ2                                      0x2000010e   Data          32  oled.o(.data)
    HZ3                                      0x2000012e   Data          32  oled.o(.data)
    HZ4                                      0x2000014e   Data          32  oled.o(.data)
    HZ5                                      0x2000016e   Data          32  oled.o(.data)
    HZ6                                      0x2000018e   Data          32  oled.o(.data)
    HZ7                                      0x200001ae   Data          32  oled.o(.data)
    HZ8                                      0x200001ce   Data          32  oled.o(.data)
    HZ9                                      0x200001ee   Data          32  oled.o(.data)
    HZ10                                     0x2000020e   Data          32  oled.o(.data)
    HZ11                                     0x2000022e   Data          32  oled.o(.data)
    HZ12                                     0x2000024e   Data          32  oled.o(.data)
    HZ13                                     0x2000026e   Data          32  oled.o(.data)
    SHESHIDU                                 0x2000028e   Data          32  oled.o(.data)
    BAIFENHAO                                0x200002ae   Data          16  oled.o(.data)
    HZ66                                     0x200002be   Data          32  oled.o(.data)
    HZ67                                     0x200002de   Data          32  oled.o(.data)
    HZ68                                     0x200002fe   Data          32  oled.o(.data)
    HZ69                                     0x2000031e   Data          32  oled.o(.data)
    HZ50                                     0x2000033e   Data          32  oled.o(.data)
    HZ51                                     0x2000035e   Data          32  oled.o(.data)
    HZ20                                     0x2000037e   Data          32  oled.o(.data)
    HZ21                                     0x2000039e   Data          32  oled.o(.data)
    HZ22                                     0x200003be   Data          32  oled.o(.data)
    HZ23                                     0x200003de   Data          32  oled.o(.data)
    pxCurrentTCB                             0x20000410   Data           4  tasks.o(.data)
    POINT_COLOR                              0x20000484   Data           2  lcd.o(.data)
    BACK_COLOR                               0x20000486   Data           2  lcd.o(.data)
    DeviceCode                               0x20000488   Data           2  lcd.o(.data)
    HZ33                                     0x2000048a   Data          32  test.o(.data)
    HZ34                                     0x200004aa   Data          32  test.o(.data)
    __stdout                                 0x200004cc   Data           4  stdout.o(.data)
    tempvalue_1                              0x200004d0   Data         128  user.o(.bss)
    humivalue_1                              0x20000550   Data         128  user.o(.bss)
    lihgtvalue_1                             0x200005d0   Data         128  user.o(.bss)
    potenvalue_1                             0x20000650   Data         128  user.o(.bss)
    Send_Client_Data_Buff                    0x200006d0   Data          13  user.o(.bss)
    USART_RX_BUF                             0x200006dd   Data         200  uasrt.o(.bss)
    res                                      0x200007a5   Data          24  uasrt.o(.bss)
    Client_Data                              0x200007bd   Data          24  esp8266.o(.bss)
    Send_Client_Data_Server                  0x200007d5   Data          13  esp8266.o(.bss)
    USART_RX_BUF6                            0x200007e2   Data         200  syn6288.o(.bss)
    xQueueRegistry                           0x200008ac   Data          64  queue.o(.bss)
    lcddev                                   0x200135dc   Data          14  lcd.o(.bss)
    __initial_sp                             0x200139f0   Data           0  startup_stm32f40_41xxx.o(STACK)



==============================================================================

Memory Map of the image

  Image Entry point : 0x08000189

  Load Region LR_IROM1 (Base: 0x08000000, Size: 0x00007b9c, Max: 0x00080000, ABSOLUTE, COMPRESSED[0x000079c4])

    Execution Region ER_IROM1 (Base: 0x08000000, Size: 0x000076cc, Max: 0x00080000, ABSOLUTE)

    Base Addr    Size         Type   Attr      Idx    E Section Name        Object

    0x08000000   0x00000188   Data   RO            3    RESET               startup_stm32f40_41xxx.o
    0x08000188   0x00000000   Code   RO         7218  * .ARM.Collect$$$$00000000  mc_w.l(entry.o)
    0x08000188   0x00000004   Code   RO         7492    .ARM.Collect$$$$00000001  mc_w.l(entry2.o)
    0x0800018c   0x00000004   Code   RO         7495    .ARM.Collect$$$$00000004  mc_w.l(entry5.o)
    0x08000190   0x00000000   Code   RO         7497    .ARM.Collect$$$$00000008  mc_w.l(entry7b.o)
    0x08000190   0x00000000   Code   RO         7499    .ARM.Collect$$$$0000000A  mc_w.l(entry8b.o)
    0x08000190   0x00000008   Code   RO         7500    .ARM.Collect$$$$0000000B  mc_w.l(entry9a.o)
    0x08000198   0x00000000   Code   RO         7502    .ARM.Collect$$$$0000000D  mc_w.l(entry10a.o)
    0x08000198   0x00000000   Code   RO         7504    .ARM.Collect$$$$0000000F  mc_w.l(entry11a.o)
    0x08000198   0x00000004   Code   RO         7493    .ARM.Collect$$$$00002712  mc_w.l(entry2.o)
    0x0800019c   0x000000b6   Code   RO         6779    .emb_text           port.o
    0x08000252   0x00000002   PAD
    0x08000254   0x00000024   Code   RO            4    .text               startup_stm32f40_41xxx.o
    0x08000278   0x00000024   Code   RO         7221    .text               mc_w.l(memcpya.o)
    0x0800029c   0x00000024   Code   RO         7223    .text               mc_w.l(memseta.o)
    0x080002c0   0x0000000e   Code   RO         7225    .text               mc_w.l(strlen.o)
    0x080002ce   0x0000002a   Code   RO         7229    .text               mc_w.l(strcasecmp.o)
    0x080002f8   0x0000002c   Code   RO         7507    .text               mc_w.l(uidiv.o)
    0x08000324   0x0000000c   Code   RO         7511    .text               mc_w.l(tolower.o)
    0x08000330   0x00000024   Code   RO         7524    .text               mc_w.l(init.o)
    0x08000354   0x0000005e   Code   RO         7542    .text               mc_w.l(__dclz77c.o)
    0x080003b2   0x00000022   Code   RO          415    i.BEEP_Alarm_Count  beep.o
    0x080003d4   0x00000040   Code   RO          416    i.BEEP_Config       beep.o
    0x08000414   0x00000014   Code   RO          418    i.BEEP_TurnOff      beep.o
    0x08000428   0x00000014   Code   RO          419    i.BEEP_TurnOn       beep.o
    0x0800043c   0x00000098   Code   RO         7167    i.DrawTestPage      test.o
    0x080004d4   0x0000001a   Code   RO          496    i.EXTI15_10_IRQHandler  interrupt.o
    0x080004ee   0x00000002   PAD
    0x080004f0   0x00000024   Code   RO          497    i.EXTI4_IRQHandler  interrupt.o
    0x08000514   0x00000044   Code   RO          498    i.EXTI9_5_IRQHandler  interrupt.o
    0x08000558   0x0000000c   Code   RO         2482    i.EXTI_ClearITPendingBit  stm32f4xx_exti.o
    0x08000564   0x00000094   Code   RO         2487    i.EXTI_Init         stm32f4xx_exti.o
    0x080005f8   0x00000250   Code   RO         7168    i.English_Font_test  test.o
    0x08000848   0x00000018   Code   RO          620    i.Fan_Control       pwm_fan.o
    0x08000860   0x00000090   Code   RO         2958    i.GPIO_Init         stm32f4xx_gpio.o
    0x080008f0   0x00000046   Code   RO         2959    i.GPIO_PinAFConfig  stm32f4xx_gpio.o
    0x08000936   0x00000012   Code   RO         2962    i.GPIO_ReadInputDataBit  stm32f4xx_gpio.o
    0x08000948   0x00000004   Code   RO         2965    i.GPIO_ResetBits    stm32f4xx_gpio.o
    0x0800094c   0x00000004   Code   RO         2966    i.GPIO_SetBits      stm32f4xx_gpio.o
    0x08000950   0x00000008   Code   RO         2968    i.GPIO_ToggleBits   stm32f4xx_gpio.o
    0x08000958   0x0000000a   Code   RO         2970    i.GPIO_WriteBit     stm32f4xx_gpio.o
    0x08000962   0x00000008   Code   RO         7036    i.GUI_DrawFont16    gui.o
    0x0800096a   0x00000008   Code   RO         7037    i.GUI_DrawFont24    gui.o
    0x08000972   0x00000008   Code   RO         7038    i.GUI_DrawFont32    gui.o
    0x0800097a   0x00000002   PAD
    0x0800097c   0x00000064   Code   RO          150    i.GetClient_task    user.o
    0x080009e0   0x00000060   Code   RO         7040    i.Gui_Drawbmp16     gui.o
    0x08000a40   0x00000040   Code   RO         7041    i.Gui_StrCenter     gui.o
    0x08000a80   0x00000034   Code   RO         1021    i.IIC_Config        iic.o
    0x08000ab4   0x00000050   Code   RO         1022    i.IIC_Get_ACK       iic.o
    0x08000b04   0x00000064   Code   RO         1027    i.IIC_Send_Byte     iic.o
    0x08000b68   0x00000034   Code   RO         1028    i.IIC_Start         iic.o
    0x08000b9c   0x0000003c   Code   RO         1029    i.IIC_Stop          iic.o
    0x08000bd8   0x00000074   Code   RO          499    i.INTERRUPT_KEY1_Config  interrupt.o
    0x08000c4c   0x00000074   Code   RO          500    i.INTERRUPT_KEY2_Config  interrupt.o
    0x08000cc0   0x00000074   Code   RO          501    i.INTERRUPT_KEY3_Config  interrupt.o
    0x08000d34   0x00000078   Code   RO          502    i.INTERRUPT_KEY4_Config  interrupt.o
    0x08000dac   0x000000b2   Code   RO         1089    i.InitOLed          oled.o
    0x08000e5e   0x00000002   PAD
    0x08000e60   0x00000030   Code   RO          464    i.KEY1_2_3_Config   key.o
    0x08000e90   0x00000030   Code   RO          465    i.KEY4_Config       key.o
    0x08000ec0   0x00000060   Code   RO         6907    i.LCD_Clear         lcd.o
    0x08000f20   0x0000001c   Code   RO         6908    i.LCD_DrawPoint     lcd.o
    0x08000f3c   0x00000074   Code   RO         7045    i.LCD_Fill          gui.o
    0x08000fb0   0x0000004c   Code   RO         6909    i.LCD_GPIOInit      lcd.o
    0x08000ffc   0x0000024c   Code   RO         6910    i.LCD_Init          lcd.o
    0x08001248   0x00000028   Code   RO         6911    i.LCD_RESET         lcd.o
    0x08001270   0x00000014   Code   RO         6912    i.LCD_SetCursor     lcd.o
    0x08001284   0x00000058   Code   RO         6913    i.LCD_SetWindows    lcd.o
    0x080012dc   0x00000124   Code   RO         7046    i.LCD_ShowChar      gui.o
    0x08001400   0x00000028   Code   RO         6914    i.LCD_WR_DATA       lcd.o
    0x08001428   0x00000028   Code   RO         6915    i.LCD_WR_REG        lcd.o
    0x08001450   0x00000010   Code   RO         6916    i.LCD_WriteRAM_Prepare  lcd.o
    0x08001460   0x00000014   Code   RO         6917    i.LCD_WriteReg      lcd.o
    0x08001474   0x00000084   Code   RO         6918    i.LCD_direction     lcd.o
    0x080014f8   0x00000040   Code   RO          348    i.LED_TurnOff       led1.o
    0x08001538   0x00000030   Code   RO          349    i.LED_TurnOn        led1.o
    0x08001568   0x00000054   Code   RO          350    i.LED_config        led1.o
    0x080015bc   0x00000030   Code   RO         6919    i.Lcd_WriteData_16Bit  lcd.o
    0x080015ec   0x00000018   Code   RO          394    i.My_Delay          func.o
    0x08001604   0x00000078   Code   RO         1235    i.NVIC_Init         misc.o
    0x0800167c   0x00000014   Code   RO         1236    i.NVIC_PriorityGroupConfig  misc.o
    0x08001690   0x0000003a   Code   RO         1090    i.OLed_Fill         oled.o
    0x080016ca   0x00000024   Code   RO         1091    i.OLed_SetPos       oled.o
    0x080016ee   0x0000004a   Code   RO         1092    i.OLed_ShowChina    oled.o
    0x08001738   0x00000074   Code   RO         1093    i.Oled_print        oled.o
    0x080017ac   0x00000028   Code   RO         7169    i.Pic_test          test.o
    0x080017d4   0x00000020   Code   RO         3822    i.RCC_AHB1PeriphClockCmd  stm32f4xx_rcc.o
    0x080017f4   0x00000020   Code   RO         3831    i.RCC_APB1PeriphClockCmd  stm32f4xx_rcc.o
    0x08001814   0x00000020   Code   RO         3834    i.RCC_APB2PeriphClockCmd  stm32f4xx_rcc.o
    0x08001834   0x000000e8   Code   RO         3843    i.RCC_GetClocksFreq  stm32f4xx_rcc.o
    0x0800191c   0x00000040   Code   RO         7007    i.SPIv_WriteData    spi_1.o
    0x0800195c   0x0000006e   Code   RO          894    i.SYN_FrameInfo     syn6288.o
    0x080019ca   0x00000002   PAD
    0x080019cc   0x00000040   Code   RO         5100    i.SYSCFG_EXTILineConfig  stm32f4xx_syscfg.o
    0x08001a0c   0x00000044   Code   RO          756    i.Send_Client_Data  esp8266.o
    0x08001a50   0x000000ec   Code   RO           12    i.SetSysClock       system_stm32f4xx.o
    0x08001b3c   0x000000c4   Code   RO          757    i.Show_Client_Data  esp8266.o
    0x08001c00   0x0000010c   Code   RO         7049    i.Show_Str          gui.o
    0x08001d0c   0x00000090   Code   RO         7170    i.Start_screen      test.o
    0x08001d9c   0x00000028   Code   RO         1239    i.SysTick_CLKSourceConfig  misc.o
    0x08001dc4   0x00000010   Code   RO          294    i.SysTick_Handler   delay.o
    0x08001dd4   0x00000068   Code   RO           14    i.SystemInit        system_stm32f4xx.o
    0x08001e3c   0x00000010   Code   RO          594    i.TIM4_IRQHandler   timer.o
    0x08001e4c   0x00000020   Code   RO          842    i.TIM5_IRQHandler   tim5.o
    0x08001e6c   0x00000006   Code   RO         5164    i.TIM_ClearITPendingBit  stm32f4xx_tim.o
    0x08001e72   0x00000004   Code   RO         5231    i.TIM_SetCompare1   stm32f4xx_tim.o
    0x08001e76   0x00000004   Code   RO         5232    i.TIM_SetCompare2   stm32f4xx_tim.o
    0x08001e7a   0x00000002   PAD
    0x08001e7c   0x000000ac   Code   RO          553    i.USART1_Config     uasrt.o
    0x08001f28   0x00000298   Code   RO          554    i.USART1_IRQHandler  uasrt.o
    0x080021c0   0x00000048   Code   RO          758    i.USART2_IRQHandler  esp8266.o
    0x08002208   0x00000054   Code   RO          895    i.USART6_IRQHandler  syn6288.o
    0x0800225c   0x0000001c   Code   RO          896    i.USART6_SendString  syn6288.o
    0x08002278   0x00000012   Code   RO         5715    i.USART_ClearFlag   stm32f4xx_usart.o
    0x0800228a   0x0000001e   Code   RO         5716    i.USART_ClearITPendingBit  stm32f4xx_usart.o
    0x080022a8   0x00000018   Code   RO         5719    i.USART_Cmd         stm32f4xx_usart.o
    0x080022c0   0x0000001a   Code   RO         5722    i.USART_GetFlagStatus  stm32f4xx_usart.o
    0x080022da   0x00000054   Code   RO         5723    i.USART_GetITStatus  stm32f4xx_usart.o
    0x0800232e   0x0000004a   Code   RO         5725    i.USART_ITConfig    stm32f4xx_usart.o
    0x08002378   0x000000d4   Code   RO         5726    i.USART_Init        stm32f4xx_usart.o
    0x0800244c   0x0000000a   Code   RO         5733    i.USART_ReceiveData  stm32f4xx_usart.o
    0x08002456   0x00000008   Code   RO         5736    i.USART_SendData    stm32f4xx_usart.o
    0x0800245e   0x00000002   PAD
    0x08002460   0x0000001c   Code   RO          897    i.Usart_SendData    syn6288.o
    0x0800247c   0x0000002e   Code   RO         1094    i.WriteOLedCmd      oled.o
    0x080024aa   0x00000032   Code   RO         1095    i.WriteOLedData     oled.o
    0x080024dc   0x00000020   Code   RO         7320    i.__0printf$3       mc_w.l(printf3.o)
    0x080024fc   0x00000028   Code   RO         7322    i.__0sprintf$3      mc_w.l(printf3.o)
    0x08002524   0x0000000e   Code   RO         7536    i.__scatterload_copy  mc_w.l(handlers.o)
    0x08002532   0x00000002   Code   RO         7537    i.__scatterload_null  mc_w.l(handlers.o)
    0x08002534   0x0000000e   Code   RO         7538    i.__scatterload_zeroinit  mc_w.l(handlers.o)
    0x08002542   0x00000002   PAD
    0x08002544   0x000001b8   Code   RO         7327    i._printf_core      mc_w.l(printf3.o)
    0x080026fc   0x0000000a   Code   RO         7329    i._sputc            mc_w.l(printf3.o)
    0x08002706   0x00000002   PAD
    0x08002708   0x00000044   Code   RO          295    i.delay_init        delay.o
    0x0800274c   0x00000018   Code   RO          296    i.delay_ms          delay.o
    0x08002764   0x00000048   Code   RO          297    i.delay_us          delay.o
    0x080027ac   0x0000001c   Code   RO          555    i.fputc             uasrt.o
    0x080027c8   0x0000001a   Code   RO          151    i.light_task        user.o
    0x080027e2   0x00000002   PAD
    0x080027e4   0x0000007c   Code   RO          152    i.main              user.o
    0x08002860   0x00000098   Code   RO         6312    i.prvAddCurrentTaskToDelayedList  tasks.o
    0x080028f8   0x000000b8   Code   RO         6313    i.prvAddNewTaskToReadyList  tasks.o
    0x080029b0   0x00000064   Code   RO         6649    i.prvCheckForValidListAndQueue  timers.o
    0x08002a14   0x00000064   Code   RO         6314    i.prvCheckTasksWaitingTermination  tasks.o
    0x08002a78   0x0000002a   Code   RO         6111    i.prvCopyDataFromQueue  queue.o
    0x08002aa2   0x0000007c   Code   RO         6112    i.prvCopyDataToQueue  queue.o
    0x08002b1e   0x00000012   Code   RO         6315    i.prvDeleteTCB      tasks.o
    0x08002b30   0x00000028   Code   RO         6650    i.prvGetNextExpireTime  timers.o
    0x08002b58   0x0000007c   Code   RO         6856    i.prvHeapInit       heap_4.o
    0x08002bd4   0x00000028   Code   RO         6316    i.prvIdleTask       tasks.o
    0x08002bfc   0x0000002a   Code   RO         6114    i.prvInitialiseNewQueue  queue.o
    0x08002c26   0x000000b4   Code   RO         6317    i.prvInitialiseNewTask  tasks.o
    0x08002cda   0x00000002   PAD
    0x08002cdc   0x00000068   Code   RO         6318    i.prvInitialiseTaskLists  tasks.o
    0x08002d44   0x00000068   Code   RO         6857    i.prvInsertBlockIntoFreeList  heap_4.o
    0x08002dac   0x00000058   Code   RO         6652    i.prvInsertTimerInActiveList  timers.o
    0x08002e04   0x0000001a   Code   RO         6115    i.prvIsQueueEmpty   queue.o
    0x08002e1e   0x0000001e   Code   RO         6116    i.prvIsQueueFull    queue.o
    0x08002e3c   0x00000064   Code   RO         6653    i.prvProcessExpiredTimer  timers.o
    0x08002ea0   0x000000f8   Code   RO         6654    i.prvProcessReceivedCommands  timers.o
    0x08002f98   0x00000074   Code   RO         6655    i.prvProcessTimerOrBlockTask  timers.o
    0x0800300c   0x00000034   Code   RO         6320    i.prvResetNextTaskUnblockTime  tasks.o
    0x08003040   0x0000002c   Code   RO         6656    i.prvSampleTimeNow  timers.o
    0x0800306c   0x000000a0   Code   RO         6657    i.prvSwitchTimerLists  timers.o
    0x0800310c   0x00000040   Code   RO         6780    i.prvTaskExitError  port.o
    0x0800314c   0x0000001a   Code   RO         6658    i.prvTimerTask      timers.o
    0x08003166   0x0000007e   Code   RO         6117    i.prvUnlockQueue    queue.o
    0x080031e4   0x0000013c   Code   RO         6858    i.pvPortMalloc      heap_4.o
    0x08003320   0x00000020   Code   RO         6323    i.pvTaskIncrementMutexHeldCount  tasks.o
    0x08003340   0x0000002c   Code   RO         6781    i.pxPortInitialiseStack  port.o
    0x0800336c   0x000001a4   Code   RO          759    i.setWifi           esp8266.o
    0x08003510   0x00000070   Code   RO          153    i.start_task        user.o
    0x08003580   0x000000ac   Code   RO          760    i.uart2init         esp8266.o
    0x0800362c   0x000000b0   Code   RO          899    i.uart6_init        syn6288.o
    0x080036dc   0x00000042   Code   RO          761    i.usart_sendstr     esp8266.o
    0x0800371e   0x00000028   Code   RO         6074    i.uxListRemove      list.o
    0x08003746   0x0000001a   Code   RO         6075    i.vListInitialise   list.o
    0x08003760   0x00000006   Code   RO         6076    i.vListInitialiseItem  list.o
    0x08003766   0x00000034   Code   RO         6077    i.vListInsert       list.o
    0x0800379a   0x00000018   Code   RO         6078    i.vListInsertEnd    list.o
    0x080037b2   0x00000002   PAD
    0x080037b4   0x00000054   Code   RO         6783    i.vPortEnterCritical  port.o
    0x08003808   0x0000003c   Code   RO         6784    i.vPortExitCritical  port.o
    0x08003844   0x00000094   Code   RO         6859    i.vPortFree         heap_4.o
    0x080038d8   0x00000020   Code   RO         6785    i.vPortSetupTimerInterrupt  port.o
    0x080038f8   0x00000078   Code   RO         6786    i.vPortValidateInterruptPriority  port.o
    0x08003970   0x0000002c   Code   RO         6123    i.vQueueAddToRegistry  queue.o
    0x0800399c   0x0000004a   Code   RO         6127    i.vQueueWaitForMessageRestricted  queue.o
    0x080039e6   0x00000002   PAD
    0x080039e8   0x0000005c   Code   RO         6331    i.vTaskDelay        tasks.o
    0x08003a44   0x000000f4   Code   RO         6333    i.vTaskDelete       tasks.o
    0x08003b38   0x0000000c   Code   RO         6336    i.vTaskMissedYield  tasks.o
    0x08003b44   0x00000038   Code   RO         6338    i.vTaskPlaceOnEventList  tasks.o
    0x08003b7c   0x00000040   Code   RO         6339    i.vTaskPlaceOnEventListRestricted  tasks.o
    0x08003bbc   0x000000b0   Code   RO         6341    i.vTaskPriorityInherit  tasks.o
    0x08003c6c   0x00000030   Code   RO         6345    i.vTaskSetTimeOutState  tasks.o
    0x08003c9c   0x00000094   Code   RO         6346    i.vTaskStartScheduler  tasks.o
    0x08003d30   0x00000010   Code   RO         6348    i.vTaskSuspendAll   tasks.o
    0x08003d40   0x0000008c   Code   RO         6349    i.vTaskSwitchContext  tasks.o
    0x08003dcc   0x0000013c   Code   RO         6787    i.xPortStartScheduler  port.o
    0x08003f08   0x00000034   Code   RO         6788    i.xPortSysTickHandler  port.o
    0x08003f3c   0x00000058   Code   RO         6130    i.xQueueGenericCreate  queue.o
    0x08003f94   0x000001c4   Code   RO         6131    i.xQueueGenericReceive  queue.o
    0x08004158   0x00000098   Code   RO         6132    i.xQueueGenericReset  queue.o
    0x080041f0   0x000001a8   Code   RO         6133    i.xQueueGenericSend  queue.o
    0x08004398   0x000000f8   Code   RO         6134    i.xQueueGenericSendFromISR  queue.o
    0x08004490   0x0000008c   Code   RO         6350    i.xTaskCheckForTimeOut  tasks.o
    0x0800451c   0x00000060   Code   RO         6351    i.xTaskCreate       tasks.o
    0x0800457c   0x00000020   Code   RO         6355    i.xTaskGetSchedulerState  tasks.o
    0x0800459c   0x0000000c   Code   RO         6356    i.xTaskGetTickCount  tasks.o
    0x080045a8   0x00000148   Code   RO         6358    i.xTaskIncrementTick  tasks.o
    0x080046f0   0x000000c8   Code   RO         6361    i.xTaskPriorityDisinherit  tasks.o
    0x080047b8   0x00000098   Code   RO         6362    i.xTaskRemoveFromEventList  tasks.o
    0x08004850   0x00000104   Code   RO         6364    i.xTaskResumeAll    tasks.o
    0x08004954   0x00000058   Code   RO         6662    i.xTimerCreateTimerTask  timers.o
    0x080049ac   0x00000084   Code   RO         6663    i.xTimerGenericCommand  timers.o
    0x08004a30   0x000005f0   Data   RO         1096    .constdata          oled.o
    0x08005020   0x00000a64   Data   RO         7008    .constdata          spi_1.o
    0x08005a84   0x00001c28   Data   RO         7172    .constdata          test.o
    0x080076ac   0x00000020   Data   RO         7534    Region$$Table       anon$$obj.o


    Execution Region RW_IRAM1 (Base: 0x20000000, Size: 0x000139f0, Max: 0x00020000, ABSOLUTE, COMPRESSED[0x000002f8])

    Base Addr    Size         Type   Attr      Idx    E Section Name        Object

    0x20000000   0x00000014   Data   RW           15    .data               system_stm32f4xx.o
    0x20000014   0x000000a0   Data   RW          155    .data               user.o
    0x200000b4   0x00000004   Data   RW          299    .data               delay.o
    0x200000b8   0x00000010   Data   RW          557    .data               uasrt.o
    0x200000c8   0x00000023   Data   RW          763    .data               esp8266.o
    0x200000eb   0x00000001   PAD
    0x200000ec   0x00000002   Data   RW          901    .data               syn6288.o
    0x200000ee   0x00000310   Data   RW         1097    .data               oled.o
    0x200003fe   0x00000010   Data   RW         3875    .data               stm32f4xx_rcc.o
    0x2000040e   0x00000002   PAD
    0x20000410   0x0000003c   Data   RW         6367    .data               tasks.o
    0x2000044c   0x00000014   Data   RW         6669    .data               timers.o
    0x20000460   0x0000000c   Data   RW         6789    .data               port.o
    0x2000046c   0x00000018   Data   RW         6864    .data               heap_4.o
    0x20000484   0x00000006   Data   RW         6921    .data               lcd.o
    0x2000048a   0x00000040   Data   RW         7173    .data               test.o
    0x200004ca   0x00000002   PAD
    0x200004cc   0x00000004   Data   RW         7506    .data               mc_w.l(stdout.o)
    0x200004d0   0x0000020d   Zero   RW          154    .bss                user.o
    0x200006dd   0x000000e0   Zero   RW          556    .bss                uasrt.o
    0x200007bd   0x00000025   Zero   RW          762    .bss                esp8266.o
    0x200007e2   0x000000c8   Zero   RW          900    .bss                syn6288.o
    0x200008aa   0x00000002   PAD
    0x200008ac   0x00000040   Zero   RW         6142    .bss                queue.o
    0x200008ec   0x000000c8   Zero   RW         6366    .bss                tasks.o
    0x200009b4   0x00000028   Zero   RW         6668    .bss                timers.o
    0x200009dc   0x00012c00   Zero   RW         6863    .bss                heap_4.o
    0x200135dc   0x0000000e   Zero   RW         6920    .bss                lcd.o
    0x200135ea   0x00000006   PAD
    0x200135f0   0x00000400   Zero   RW            1    STACK               startup_stm32f40_41xxx.o


==============================================================================

Image component sizes


      Code (inc. data)   RO Data    RW Data    ZI Data      Debug   Object Name

       138         14          0          0          0       1906   beep.o
       180         14          0          4          0       2493   delay.o
       994        362          0         35         37       4517   esp8266.o
         0          0          0          0          0      11808   event_groups.o
        24          6          0          0          0        483   func.o
       860         36          0          0          0       6252   gui.o
       692         62          0         24      76800       4347   heap_4.o
       344         26          0          0          0       2794   iic.o
       598         34          0          0          0       3975   interrupt.o
        96         10          0          0          0        960   key.o
      1232         78          0          6         14       9684   lcd.o
       196         12          0          0          0       1544   led1.o
       148          0          0          0          0       3126   list.o
       180         24          0          0          0       2017   misc.o
       558          4       1520        784          0       5935   oled.o
       954         92          0         12          0      11273   port.o
        24          4          0          0          0        506   pwm_fan.o
      1872         22          0          0         64      15457   queue.o
        64          8       2660          0          0       1027   spi_1.o
        36          8        392          0       1024        852   startup_stm32f40_41xxx.o
       160         12          0          0          0       1453   stm32f4xx_exti.o
       258          0          0          0          0       4545   stm32f4xx_gpio.o
       328         36          0         16          0       4535   stm32f4xx_rcc.o
        64          4          0          0          0        640   stm32f4xx_syscfg.o
        14          0          0          0          0       2188   stm32f4xx_tim.o
       486          8          0          0          0       6509   stm32f4xx_usart.o
       426         28          0          2        200       3632   syn6288.o
         0          0          0          0          0     231464   sys.o
       340         32          0         20          0     285505   system_stm32f4xx.o
      3078        410          0         60        200      22543   tasks.o
       928        242       7208         64          0       3098   test.o
        32         10          0          0          0        454   tim5.o
        16          4          0          0          0        450   timer.o
      1142        118          0         20         40      16971   timers.o
       864        212          0         16        224       2658   uasrt.o
       362         92          0        160        525      15022   user.o

    ----------------------------------------------------------------------
     17710       2024      11812       1228      79136     692623   Object Totals
         0          0         32          0          0          0   (incl. Generated)
        22          0          0          5          8          0   (incl. Padding)

    ----------------------------------------------------------------------

      Code (inc. data)   RO Data    RW Data    ZI Data      Debug   Library Member Name

        94          0          0          0          0          0   __dclz77c.o
         0          0          0          0          0          0   entry.o
         0          0          0          0          0          0   entry10a.o
         0          0          0          0          0          0   entry11a.o
         8          4          0          0          0          0   entry2.o
         4          0          0          0          0          0   entry5.o
         0          0          0          0          0          0   entry7b.o
         0          0          0          0          0          0   entry8b.o
         8          4          0          0          0          0   entry9a.o
        30          0          0          0          0          0   handlers.o
        36          8          0          0          0         68   init.o
        36          0          0          0          0         68   memcpya.o
        36          0          0          0          0        108   memseta.o
       522         20          0          0          0        336   printf3.o
         0          0          0          4          0          0   stdout.o
        42          0          0          0          0         84   strcasecmp.o
        14          0          0          0          0         68   strlen.o
        12          0          0          0          0         68   tolower.o
        44          0          0          0          0         80   uidiv.o

    ----------------------------------------------------------------------
       890         36          0          4          0        880   Library Totals
         4          0          0          0          0          0   (incl. Padding)

    ----------------------------------------------------------------------

      Code (inc. data)   RO Data    RW Data    ZI Data      Debug   Library Name

       886         36          0          4          0        880   mc_w.l

    ----------------------------------------------------------------------
       890         36          0          4          0        880   Library Totals

    ----------------------------------------------------------------------

==============================================================================


      Code (inc. data)   RO Data    RW Data    ZI Data      Debug   

     18600       2060      11812       1232      79136     675875   Grand Totals
     18600       2060      11812        760      79136     675875   ELF Image Totals (compressed)
     18600       2060      11812        760          0          0   ROM Totals

==============================================================================

    Total RO  Size (Code + RO Data)                30412 (  29.70kB)
    Total RW  Size (RW Data + ZI Data)             80368 (  78.48kB)
    Total ROM Size (Code + RO Data + RW Data)      31172 (  30.44kB)

==============================================================================

