Component: ARM Compiler 5.05 update 1 (build 106) Tool: armlink [4d0efa]

==============================================================================

Section Cross References

    startup_stm32f40_41xxx.o(RESET) refers to startup_stm32f40_41xxx.o(STACK) for __initial_sp
    startup_stm32f40_41xxx.o(RESET) refers to startup_stm32f40_41xxx.o(.text) for Reset_Handler
    startup_stm32f40_41xxx.o(RESET) refers to port.o(.emb_text) for SVC_Handler
    startup_stm32f40_41xxx.o(RESET) refers to delay.o(i.SysTick_Handler) for SysTick_Handler
    startup_stm32f40_41xxx.o(RESET) refers to interrupt.o(i.EXTI4_IRQHandler) for EXTI4_IRQHandler
    startup_stm32f40_41xxx.o(RESET) refers to interrupt.o(i.EXTI9_5_IRQHandler) for EXTI9_5_IRQHandler
    startup_stm32f40_41xxx.o(RESET) refers to usart.o(i.USART1_IRQHandler) for USART1_IRQHandler
    startup_stm32f40_41xxx.o(RESET) refers to es8266_wifi.o(i.USART2_IRQHandler) for USART2_IRQHandler
    startup_stm32f40_41xxx.o(RESET) refers to interrupt.o(i.EXTI15_10_IRQHandler) for EXTI15_10_IRQHandler
    startup_stm32f40_41xxx.o(.text) refers to system_stm32f4xx.o(i.SystemInit) for SystemInit
    startup_stm32f40_41xxx.o(.text) refers to entry.o(.ARM.Collect$$$$00000000) for __main
    stm32f4xx_adc.o(i.ADC_DeInit) refers to stm32f4xx_rcc.o(i.RCC_APB2PeriphResetCmd) for RCC_APB2PeriphResetCmd
    stm32f4xx_can.o(i.CAN_DeInit) refers to stm32f4xx_rcc.o(i.RCC_APB1PeriphResetCmd) for RCC_APB1PeriphResetCmd
    stm32f4xx_can.o(i.CAN_GetITStatus) refers to stm32f4xx_can.o(i.CheckITStatus) for CheckITStatus
    stm32f4xx_cryp.o(i.CRYP_DeInit) refers to stm32f4xx_rcc.o(i.RCC_AHB2PeriphResetCmd) for RCC_AHB2PeriphResetCmd
    stm32f4xx_cryp_aes.o(i.CRYP_AES_CBC) refers to stm32f4xx_cryp.o(i.CRYP_KeyStructInit) for CRYP_KeyStructInit
    stm32f4xx_cryp_aes.o(i.CRYP_AES_CBC) refers to stm32f4xx_cryp.o(i.CRYP_FIFOFlush) for CRYP_FIFOFlush
    stm32f4xx_cryp_aes.o(i.CRYP_AES_CBC) refers to stm32f4xx_cryp.o(i.CRYP_Init) for CRYP_Init
    stm32f4xx_cryp_aes.o(i.CRYP_AES_CBC) refers to stm32f4xx_cryp.o(i.CRYP_KeyInit) for CRYP_KeyInit
    stm32f4xx_cryp_aes.o(i.CRYP_AES_CBC) refers to stm32f4xx_cryp.o(i.CRYP_Cmd) for CRYP_Cmd
    stm32f4xx_cryp_aes.o(i.CRYP_AES_CBC) refers to stm32f4xx_cryp.o(i.CRYP_GetFlagStatus) for CRYP_GetFlagStatus
    stm32f4xx_cryp_aes.o(i.CRYP_AES_CBC) refers to stm32f4xx_cryp.o(i.CRYP_IVInit) for CRYP_IVInit
    stm32f4xx_cryp_aes.o(i.CRYP_AES_CBC) refers to stm32f4xx_cryp.o(i.CRYP_GetCmdStatus) for CRYP_GetCmdStatus
    stm32f4xx_cryp_aes.o(i.CRYP_AES_CBC) refers to stm32f4xx_cryp.o(i.CRYP_DataIn) for CRYP_DataIn
    stm32f4xx_cryp_aes.o(i.CRYP_AES_CBC) refers to stm32f4xx_cryp.o(i.CRYP_DataOut) for CRYP_DataOut
    stm32f4xx_cryp_aes.o(i.CRYP_AES_CCM) refers to stm32f4xx_cryp.o(i.CRYP_KeyStructInit) for CRYP_KeyStructInit
    stm32f4xx_cryp_aes.o(i.CRYP_AES_CCM) refers to stm32f4xx_cryp.o(i.CRYP_FIFOFlush) for CRYP_FIFOFlush
    stm32f4xx_cryp_aes.o(i.CRYP_AES_CCM) refers to stm32f4xx_cryp.o(i.CRYP_KeyInit) for CRYP_KeyInit
    stm32f4xx_cryp_aes.o(i.CRYP_AES_CCM) refers to stm32f4xx_cryp.o(i.CRYP_IVInit) for CRYP_IVInit
    stm32f4xx_cryp_aes.o(i.CRYP_AES_CCM) refers to stm32f4xx_cryp.o(i.CRYP_Init) for CRYP_Init
    stm32f4xx_cryp_aes.o(i.CRYP_AES_CCM) refers to stm32f4xx_cryp.o(i.CRYP_PhaseConfig) for CRYP_PhaseConfig
    stm32f4xx_cryp_aes.o(i.CRYP_AES_CCM) refers to stm32f4xx_cryp.o(i.CRYP_DataIn) for CRYP_DataIn
    stm32f4xx_cryp_aes.o(i.CRYP_AES_CCM) refers to stm32f4xx_cryp.o(i.CRYP_Cmd) for CRYP_Cmd
    stm32f4xx_cryp_aes.o(i.CRYP_AES_CCM) refers to stm32f4xx_cryp.o(i.CRYP_GetCmdStatus) for CRYP_GetCmdStatus
    stm32f4xx_cryp_aes.o(i.CRYP_AES_CCM) refers to stm32f4xx_cryp.o(i.CRYP_GetFlagStatus) for CRYP_GetFlagStatus
    stm32f4xx_cryp_aes.o(i.CRYP_AES_CCM) refers to stm32f4xx_cryp.o(i.CRYP_DataOut) for CRYP_DataOut
    stm32f4xx_cryp_aes.o(i.CRYP_AES_CTR) refers to stm32f4xx_cryp.o(i.CRYP_KeyStructInit) for CRYP_KeyStructInit
    stm32f4xx_cryp_aes.o(i.CRYP_AES_CTR) refers to stm32f4xx_cryp.o(i.CRYP_KeyInit) for CRYP_KeyInit
    stm32f4xx_cryp_aes.o(i.CRYP_AES_CTR) refers to stm32f4xx_cryp.o(i.CRYP_Init) for CRYP_Init
    stm32f4xx_cryp_aes.o(i.CRYP_AES_CTR) refers to stm32f4xx_cryp.o(i.CRYP_IVInit) for CRYP_IVInit
    stm32f4xx_cryp_aes.o(i.CRYP_AES_CTR) refers to stm32f4xx_cryp.o(i.CRYP_FIFOFlush) for CRYP_FIFOFlush
    stm32f4xx_cryp_aes.o(i.CRYP_AES_CTR) refers to stm32f4xx_cryp.o(i.CRYP_Cmd) for CRYP_Cmd
    stm32f4xx_cryp_aes.o(i.CRYP_AES_CTR) refers to stm32f4xx_cryp.o(i.CRYP_GetCmdStatus) for CRYP_GetCmdStatus
    stm32f4xx_cryp_aes.o(i.CRYP_AES_CTR) refers to stm32f4xx_cryp.o(i.CRYP_DataIn) for CRYP_DataIn
    stm32f4xx_cryp_aes.o(i.CRYP_AES_CTR) refers to stm32f4xx_cryp.o(i.CRYP_GetFlagStatus) for CRYP_GetFlagStatus
    stm32f4xx_cryp_aes.o(i.CRYP_AES_CTR) refers to stm32f4xx_cryp.o(i.CRYP_DataOut) for CRYP_DataOut
    stm32f4xx_cryp_aes.o(i.CRYP_AES_ECB) refers to stm32f4xx_cryp.o(i.CRYP_KeyStructInit) for CRYP_KeyStructInit
[...]
    _printf_core                             0x080028d9   Thumb Code   996  printf8.o(i._printf_core)
    i._printf_post_padding                   0x08002ce8   Section        0  printf8.o(i._printf_post_padding)
    _printf_post_padding                     0x08002ce9   Thumb Code    36  printf8.o(i._printf_post_padding)
    i._printf_pre_padding                    0x08002d0c   Section        0  printf8.o(i._printf_pre_padding)
    _printf_pre_padding                      0x08002d0d   Thumb Code    46  printf8.o(i._printf_pre_padding)
    i._sputc                                 0x08002d3a   Section        0  printf8.o(i._sputc)
    _sputc                                   0x08002d3b   Thumb Code    10  printf8.o(i._sputc)
    i.delay_init                             0x08002d44   Section        0  delay.o(i.delay_init)
    i.delay_ms                               0x08002d88   Section        0  delay.o(i.delay_ms)
    i.delay_us                               0x08002dc8   Section        0  delay.o(i.delay_us)
    i.delay_xms                              0x08002e10   Section        0  delay.o(i.delay_xms)
    i.float_task                             0x08002e28   Section        0  user.o(i.float_task)
    i.fputc                                  0x08002e64   Section        0  usart.o(i.fputc)
    i.getADC_average                         0x08002e80   Section        0  adc_guang.o(i.getADC_average)
    i.getADC_channel                         0x08002eb0   Section        0  adc_guang.o(i.getADC_channel)
    i.getdata                                0x08002ee0   Section        0  fun.o(i.getdata)
    i.getdata_task                           0x08002ffc   Section        0  user.o(i.getdata_task)
    i.gif                                    0x08003010   Section        0  mennu.o(i.gif)
    i.home                                   0x0800305c   Section        0  mennu.o(i.home)
    i.init_pack                              0x080030d8   Section        0  fun.o(i.init_pack)
    i.key_4x4_init                           0x08003140   Section        0  passwd_door.o(i.key_4x4_init)
    i.key_4x4_scan                           0x080031a0   Section        0  passwd_door.o(i.key_4x4_scan)
    i.led3_task                              0x08003314   Section        0  user.o(i.led3_task)
    i.light                                  0x08003334   Section        0  mennu.o(i.light)
    i.main                                   0x08003368   Section        0  user.o(i.main)
    i.passwd_task                            0x08003424   Section        0  user.o(i.passwd_task)
    i.prvAddCurrentTaskToDelayedList         0x080034d0   Section        0  tasks.o(i.prvAddCurrentTaskToDelayedList)
    prvAddCurrentTaskToDelayedList           0x080034d1   Thumb Code   124  tasks.o(i.prvAddCurrentTaskToDelayedList)
    i.prvAddNewTaskToReadyList               0x08003568   Section        0  tasks.o(i.prvAddNewTaskToReadyList)
    prvAddNewTaskToReadyList                 0x08003569   Thumb Code   156  tasks.o(i.prvAddNewTaskToReadyList)
    i.prvCheckForValidListAndQueue           0x08003620   Section        0  timers.o(i.prvCheckForValidListAndQueue)
    prvCheckForValidListAndQueue             0x08003621   Thumb Code    72  timers.o(i.prvCheckForValidListAndQueue)
    i.prvCheckTasksWaitingTermination        0x08003684   Section        0  tasks.o(i.prvCheckTasksWaitingTermination)
    prvCheckTasksWaitingTermination          0x08003685   Thumb Code    86  tasks.o(i.prvCheckTasksWaitingTermination)
    i.prvCopyDataFromQueue                   0x080036e8   Section        0  queue.o(i.prvCopyDataFromQueue)
    prvCopyDataFromQueue                     0x080036e9   Thumb Code    42  queue.o(i.prvCopyDataFromQueue)
    i.prvCopyDataToQueue                     0x08003712   Section        0  queue.o(i.prvCopyDataToQueue)
    prvCopyDataToQueue                       0x08003713   Thumb Code   124  queue.o(i.prvCopyDataToQueue)
    i.prvDeleteTCB                           0x0800378e   Section        0  tasks.o(i.prvDeleteTCB)
    prvDeleteTCB                             0x0800378f   Thumb Code    18  tasks.o(i.prvDeleteTCB)
    i.prvGetNextExpireTime                   0x080037a0   Section        0  timers.o(i.prvGetNextExpireTime)
    prvGetNextExpireTime                     0x080037a1   Thumb Code    36  timers.o(i.prvGetNextExpireTime)
    i.prvHeapInit                            0x080037c8   Section        0  heap_4.o(i.prvHeapInit)
    prvHeapInit                              0x080037c9   Thumb Code    98  heap_4.o(i.prvHeapInit)
    i.prvIdleTask                            0x08003844   Section        0  tasks.o(i.prvIdleTask)
    prvIdleTask                              0x08003845   Thumb Code    32  tasks.o(i.prvIdleTask)
    i.prvInitialiseNewQueue                  0x0800386c   Section        0  queue.o(i.prvInitialiseNewQueue)
    prvInitialiseNewQueue                    0x0800386d   Thumb Code    42  queue.o(i.prvInitialiseNewQueue)
    i.prvInitialiseNewTask                   0x08003896   Section        0  tasks.o(i.prvInitialiseNewTask)
    prvInitialiseNewTask                     0x08003897   Thumb Code   180  tasks.o(i.prvInitialiseNewTask)
    i.prvInitialiseTaskLists                 0x0800394c   Section        0  tasks.o(i.prvInitialiseTaskLists)
    prvInitialiseTaskLists                   0x0800394d   Thumb Code    70  tasks.o(i.prvInitialiseTaskLists)
    i.prvInsertBlockIntoFreeList             0x080039b4   Section        0  heap_4.o(i.prvInsertBlockIntoFreeList)
    prvInsertBlockIntoFreeList               0x080039b5   Thumb Code    96  heap_4.o(i.prvInsertBlockIntoFreeList)
    i.prvInsertTimerInActiveList             0x08003a1c   Section        0  timers.o(i.prvInsertTimerInActiveList)
    prvInsertTimerInActiveList               0x08003a1d   Thumb Code    80  timers.o(i.prvInsertTimerInActiveList)
    i.prvIsQueueEmpty                        0x08003a74   Section        0  queue.o(i.prvIsQueueEmpty)
    prvIsQueueEmpty                          0x08003a75   Thumb Code    26  queue.o(i.prvIsQueueEmpty)
    i.prvIsQueueFull                         0x08003a8e   Section        0  queue.o(i.prvIsQueueFull)
    prvIsQueueFull                           0x08003a8f   Thumb Code    30  queue.o(i.prvIsQueueFull)
    i.prvProcessExpiredTimer                 0x08003aac   Section        0  timers.o(i.prvProcessExpiredTimer)
    prvProcessExpiredTimer                   0x08003aad   Thumb Code    94  timers.o(i.prvProcessExpiredTimer)
    i.prvProcessReceivedCommands             0x08003b10   Section        0  timers.o(i.prvProcessReceivedCommands)
    prvProcessReceivedCommands               0x08003b11   Thumb Code   242  timers.o(i.prvProcessReceivedCommands)
    i.prvProcessTimerOrBlockTask             0x08003c08   Section        0  timers.o(i.prvProcessTimerOrBlockTask)
    prvProcessTimerOrBlockTask               0x08003c09   Thumb Code   102  timers.o(i.prvProcessTimerOrBlockTask)
    i.prvResetNextTaskUnblockTime            0x08003c7c   Section        0  tasks.o(i.prvResetNextTaskUnblockTime)
    prvResetNextTaskUnblockTime              0x08003c7d   Thumb Code    42  tasks.o(i.prvResetNextTaskUnblockTime)
    i.prvSampleTimeNow                       0x08003cb0   Section        0  timers.o(i.prvSampleTimeNow)
    prvSampleTimeNow                         0x08003cb1   Thumb Code    40  timers.o(i.prvSampleTimeNow)
    i.prvSwitchTimerLists                    0x08003cdc   Section        0  timers.o(i.prvSwitchTimerLists)
    prvSwitchTimerLists                      0x08003cdd   Thumb Code   150  timers.o(i.prvSwitchTimerLists)
    i.prvTaskExitError                       0x08003d7c   Section        0  port.o(i.prvTaskExitError)
    prvTaskExitError                         0x08003d7d   Thumb Code    60  port.o(i.prvTaskExitError)
    i.prvTimerTask                           0x08003dbc   Section        0  timers.o(i.prvTimerTask)
    prvTimerTask                             0x08003dbd   Thumb Code    26  timers.o(i.prvTimerTask)
    i.prvUnlockQueue                         0x08003dd6   Section        0  queue.o(i.prvUnlockQueue)
    prvUnlockQueue                           0x08003dd7   Thumb Code   126  queue.o(i.prvUnlockQueue)
    i.pvPortMalloc                           0x08003e54   Section        0  heap_4.o(i.pvPortMalloc)
    i.pvTaskIncrementMutexHeldCount          0x08003f90   Section        0  tasks.o(i.pvTaskIncrementMutexHeldCount)
    i.pxPortInitialiseStack                  0x08003fb0   Section        0  port.o(i.pxPortInitialiseStack)
    i.scanfkey                               0x08003fdc   Section        0  key.o(i.scanfkey)
    i.senddata                               0x080040a8   Section        0  es8266_wifi.o(i.senddata)
    i.setWifi                                0x080040d8   Section        0  es8266_wifi.o(i.setWifi)
    i.start_task                             0x0800429c   Section        0  user.o(i.start_task)
    i.uart2init                              0x08004380   Section        0  es8266_wifi.o(i.uart2init)
    i.uart_init                              0x08004428   Section        0  usart.o(i.uart_init)
    i.usart_sendstr                          0x080044dc   Section        0  es8266_wifi.o(i.usart_sendstr)
    i.uxListRemove                           0x0800451e   Section        0  list.o(i.uxListRemove)
    i.vListInitialise                        0x08004546   Section        0  list.o(i.vListInitialise)
    i.vListInitialiseItem                    0x08004560   Section        0  list.o(i.vListInitialiseItem)
    i.vListInsert                            0x08004566   Section        0  list.o(i.vListInsert)
    i.vListInsertEnd                         0x0800459a   Section        0  list.o(i.vListInsertEnd)
    i.vPortEnterCritical                     0x080045b4   Section        0  port.o(i.vPortEnterCritical)
    i.vPortExitCritical                      0x08004608   Section        0  port.o(i.vPortExitCritical)
    i.vPortFree                              0x08004644   Section        0  heap_4.o(i.vPortFree)
    i.vPortSetupTimerInterrupt               0x080046d8   Section        0  port.o(i.vPortSetupTimerInterrupt)
    i.vPortValidateInterruptPriority         0x080046f8   Section        0  port.o(i.vPortValidateInterruptPriority)
    i.vQueueAddToRegistry                    0x08004770   Section        0  queue.o(i.vQueueAddToRegistry)
    i.vQueueWaitForMessageRestricted         0x0800479c   Section        0  queue.o(i.vQueueWaitForMessageRestricted)
    i.vTaskDelay                             0x080047e8   Section        0  tasks.o(i.vTaskDelay)
    i.vTaskDelete                            0x08004844   Section        0  tasks.o(i.vTaskDelete)
    i.vTaskMissedYield                       0x08004938   Section        0  tasks.o(i.vTaskMissedYield)
    i.vTaskPlaceOnEventList                  0x08004944   Section        0  tasks.o(i.vTaskPlaceOnEventList)
    i.vTaskPlaceOnEventListRestricted        0x0800497c   Section        0  tasks.o(i.vTaskPlaceOnEventListRestricted)
    i.vTaskPriorityInherit                   0x080049bc   Section        0  tasks.o(i.vTaskPriorityInherit)
    i.vTaskSetTimeOutState                   0x08004a6c   Section        0  tasks.o(i.vTaskSetTimeOutState)
    i.vTaskStartScheduler                    0x08004a9c   Section        0  tasks.o(i.vTaskStartScheduler)
    i.vTaskSuspendAll                        0x08004b30   Section        0  tasks.o(i.vTaskSuspendAll)
    i.vTaskSwitchContext                     0x08004b40   Section        0  tasks.o(i.vTaskSwitchContext)
    i.xEventGroupClearBits                   0x08004bcc   Section        0  event_groups.o(i.xEventGroupClearBits)
    i.xEventGroupSetBits                     0x08004c28   Section        0  event_groups.o(i.xEventGroupSetBits)
    i.xPortStartScheduler                    0x08004cf8   Section        0  port.o(i.xPortStartScheduler)
    i.xPortSysTickHandler                    0x08004e34   Section        0  port.o(i.xPortSysTickHandler)
    i.xQueueGenericCreate                    0x08004e68   Section        0  queue.o(i.xQueueGenericCreate)
    i.xQueueGenericReceive                   0x08004ec0   Section        0  queue.o(i.xQueueGenericReceive)
    i.xQueueGenericReset                     0x08005084   Section        0  queue.o(i.xQueueGenericReset)
    i.xQueueGenericSend                      0x0800511c   Section        0  queue.o(i.xQueueGenericSend)
    i.xQueueGenericSendFromISR               0x080052c4   Section        0  queue.o(i.xQueueGenericSendFromISR)
    i.xTaskCheckForTimeOut                   0x080053bc   Section        0  tasks.o(i.xTaskCheckForTimeOut)
    i.xTaskCreate                            0x08005448   Section        0  tasks.o(i.xTaskCreate)
    i.xTaskGetSchedulerState                 0x080054a8   Section        0  tasks.o(i.xTaskGetSchedulerState)
    i.xTaskGetTickCount                      0x080054c8   Section        0  tasks.o(i.xTaskGetTickCount)
    i.xTaskIncrementTick                     0x080054d4   Section        0  tasks.o(i.xTaskIncrementTick)
    i.xTaskPriorityDisinherit                0x0800561c   Section        0  tasks.o(i.xTaskPriorityDisinherit)
    i.xTaskRemoveFromEventList               0x080056e4   Section        0  tasks.o(i.xTaskRemoveFromEventList)
    i.xTaskRemoveFromUnorderedEventList      0x0800577c   Section        0  tasks.o(i.xTaskRemoveFromUnorderedEventList)
    i.xTaskResumeAll                         0x0800582c   Section        0  tasks.o(i.xTaskResumeAll)
    i.xTimerCreateTimerTask                  0x08005930   Section        0  timers.o(i.xTimerCreateTimerTask)
    i.xTimerGenericCommand                   0x08005988   Section        0  timers.o(i.xTimerGenericCommand)
    .constdata                               0x08005a0c   Section     7696  oled.o(.constdata)
    .data                                    0x20000000   Section       16  stm32f4xx_rcc.o(.data)
    APBAHBPrescTable                         0x20000000   Data          16  stm32f4xx_rcc.o(.data)
    .data                                    0x20000010   Section       20  system_stm32f4xx.o(.data)
    .data                                    0x20000024   Section      156  user.o(.data)
    .data                                    0x200000c0   Section        4  delay.o(.data)
    fac_us                                   0x200000c0   Data           1  delay.o(.data)
    fac_ms                                   0x200000c2   Data           2  delay.o(.data)
    .data                                    0x200000c4   Section        6  usart.o(.data)
    .data                                    0x200000cc   Section       14  fun.o(.data)
    .data                                    0x200000da   Section        5  dht11.o(.data)
    .data                                    0x200000e0   Section    34317  mennu.o(.data)
    .data                                    0x200086f0   Section       60  tasks.o(.data)
    pxDelayedTaskList                        0x200086f4   Data           4  tasks.o(.data)
    pxOverflowDelayedTaskList                0x200086f8   Data           4  tasks.o(.data)
    uxDeletedTasksWaitingCleanUp             0x200086fc   Data           4  tasks.o(.data)
    uxCurrentNumberOfTasks                   0x20008700   Data           4  tasks.o(.data)
    xTickCount                               0x20008704   Data           4  tasks.o(.data)
    uxTopReadyPriority                       0x20008708   Data           4  tasks.o(.data)
    xSchedulerRunning                        0x2000870c   Data           4  tasks.o(.data)
    uxPendedTicks                            0x20008710   Data           4  tasks.o(.data)
    xYieldPending                            0x20008714   Data           4  tasks.o(.data)
    xNumOfOverflows                          0x20008718   Data           4  tasks.o(.data)
    uxTaskNumber                             0x2000871c   Data           4  tasks.o(.data)
    xNextTaskUnblockTime                     0x20008720   Data           4  tasks.o(.data)
    xIdleTaskHandle                          0x20008724   Data           4  tasks.o(.data)
    uxSchedulerSuspended                     0x20008728   Data           4  tasks.o(.data)
    .data                                    0x2000872c   Section       20  timers.o(.data)
    pxCurrentTimerList                       0x2000872c   Data           4  timers.o(.data)
    pxOverflowTimerList                      0x20008730   Data           4  timers.o(.data)
    xTimerQueue                              0x20008734   Data           4  timers.o(.data)
    xTimerTaskHandle                         0x20008738   Data           4  timers.o(.data)
    xLastTime                                0x2000873c   Data           4  timers.o(.data)
    .data                                    0x20008740   Section       12  port.o(.data)
    uxCriticalNesting                        0x20008740   Data           4  port.o(.data)
    ucMaxSysCallPriority                     0x20008744   Data           1  port.o(.data)
    ulMaxPRIGROUPValue                       0x20008748   Data           4  port.o(.data)
    .data                                    0x2000874c   Section       24  heap_4.o(.data)
    xStart                                   0x2000874c   Data           8  heap_4.o(.data)
    pxEnd                                    0x20008754   Data           4  heap_4.o(.data)
    xFreeBytesRemaining                      0x20008758   Data           4  heap_4.o(.data)
    xMinimumEverFreeBytesRemaining           0x2000875c   Data           4  heap_4.o(.data)
    xBlockAllocatedBit                       0x20008760   Data           4  heap_4.o(.data)
    .bss                                     0x20008764   Section      128  user.o(.bss)
    .bss                                     0x200087e4   Section      200  usart.o(.bss)
    .bss                                     0x200088ac   Section       11  fun.o(.bss)
    .bss                                     0x200088b7   Section       40  mennu.o(.bss)
    .bss                                     0x200088df   Section     1152  oled.o(.bss)
    .bss                                     0x20008d60   Section       64  queue.o(.bss)
    .bss                                     0x20008da0   Section      200  tasks.o(.bss)
    pxReadyTasksLists                        0x20008da0   Data         100  tasks.o(.bss)
    xDelayedTaskList1                        0x20008e04   Data          20  tasks.o(.bss)
    xDelayedTaskList2                        0x20008e18   Data          20  tasks.o(.bss)
    xPendingReadyList                        0x20008e2c   Data          20  tasks.o(.bss)
    xTasksWaitingTermination                 0x20008e40   Data          20  tasks.o(.bss)
    xSuspendedTaskList                       0x20008e54   Data          20  tasks.o(.bss)
    .bss                                     0x20008e68   Section       40  timers.o(.bss)
    xActiveTimerList1                        0x20008e68   Data          20  timers.o(.bss)
    xActiveTimerList2                        0x20008e7c   Data          20  timers.o(.bss)
    .bss                                     0x20008e90   Section    76800  heap_4.o(.bss)
    ucHeap                                   0x20008e90   Data       76800  heap_4.o(.bss)
    STACK                                    0x2001ba90   Section     1024  startup_stm32f40_41xxx.o(STACK)

    Global Symbols

    Symbol Name                              Value     Ov Type        Size  Object(Section)

    BuildAttributes$$THM_ISAv4$E$P$D$K$B$S$7EM$VFPi3$EXTD16$VFPS$VFMA$PE$A:L22UL41UL21$X:L11$S22US41US21$IEEE1$IW$USESV6$~STKCKD$USESV7$~SHL$OSPACE$ROPI$EBA8$MICROLIB$REQ8$PRES8$EABIv2 0x00000000   Number         0  anon$$obj.o ABSOLUTE
    __ARM_use_no_argv                        0x00000000   Number         0  user.o ABSOLUTE
    __use_no_errno                           0x00000000   Number         0  useno.o ABSOLUTE
    __use_no_exception_handling              0x00000000   Number         0  useno.o ABSOLUTE
    __use_no_fp                              0x00000000   Number         0  useno.o ABSOLUTE
    __use_no_heap                            0x00000000   Number         0  useno.o ABSOLUTE
    __use_no_heap_region                     0x00000000   Number         0  useno.o ABSOLUTE
    __use_no_semihosting                     0x00000000   Number         0  useno.o ABSOLUTE
    __use_no_semihosting_swi                 0x00000000   Number         0  useno.o ABSOLUTE
    __use_no_signal_handling                 0x00000000   Number         0  useno.o ABSOLUTE
    _printf_a                                0x00000000   Number         0  stubs.o ABSOLUTE
    _printf_c                                0x00000000   Number         0  stubs.o ABSOLUTE
    _printf_charcount                        0x00000000   Number         0  stubs.o ABSOLUTE
    _printf_d                                0x00000000   Number         0  stubs.o ABSOLUTE
    _printf_e                                0x00000000   Number         0  stubs.o ABSOLUTE
    _printf_f                                0x00000000   Number         0  stubs.o ABSOLUTE
    _printf_flags                            0x00000000   Number         0  stubs.o ABSOLUTE
    _printf_fp_dec                           0x00000000   Number         0  stubs.o ABSOLUTE
    _printf_fp_hex                           0x00000000   Number         0  stubs.o ABSOLUTE
    _printf_g                                0x00000000   Number         0  stubs.o ABSOLUTE
    _printf_i                                0x00000000   Number         0  stubs.o ABSOLUTE
    _printf_int_dec                          0x00000000   Number         0  stubs.o ABSOLUTE
    _printf_l                                0x00000000   Number         0  stubs.o ABSOLUTE
    _printf_lc                               0x00000000   Number         0  stubs.o ABSOLUTE
    _printf_ll                               0x00000000   Number         0  stubs.o ABSOLUTE
    _printf_lld                              0x00000000   Number         0  stubs.o ABSOLUTE
    _printf_lli                              0x00000000   Number         0  stubs.o ABSOLUTE
    _printf_llo                              0x00000000   Number         0  stubs.o ABSOLUTE
    _printf_llu                              0x00000000   Number         0  stubs.o ABSOLUTE
    _printf_llx                              0x00000000   Number         0  stubs.o ABSOLUTE
    _printf_longlong_dec                     0x00000000   Number         0  stubs.o ABSOLUTE
    _printf_longlong_hex                     0x00000000   Number         0  stubs.o ABSOLUTE
    _printf_longlong_oct                     0x00000000   Number         0  stubs.o ABSOLUTE
    _printf_ls                               0x00000000   Number         0  stubs.o ABSOLUTE
    _printf_mbtowc                           0x00000000   Number         0  stubs.o ABSOLUTE
    _printf_n                                0x00000000   Number         0  stubs.o ABSOLUTE
    _printf_o                                0x00000000   Number         0  stubs.o ABSOLUTE
    _printf_p                                0x00000000   Number         0  stubs.o ABSOLUTE
    _printf_percent                          0x00000000   Number         0  stubs.o ABSOLUTE
    _printf_pre_padding                      0x00000000   Number         0  stubs.o ABSOLUTE
    _printf_return_value                     0x00000000   Number         0  stubs.o ABSOLUTE
    _printf_s                                0x00000000   Number         0  stubs.o ABSOLUTE
    _printf_sizespec                         0x00000000   Number         0  stubs.o ABSOLUTE
    _printf_str                              0x00000000   Number         0  stubs.o ABSOLUTE
    _printf_truncate_signed                  0x00000000   Number         0  stubs.o ABSOLUTE
    _printf_truncate_unsigned                0x00000000   Number         0  stubs.o ABSOLUTE
    _printf_u                                0x00000000   Number         0  stubs.o ABSOLUTE
    _printf_wc                               0x00000000   Number         0  stubs.o ABSOLUTE
    _printf_wctomb                           0x00000000   Number         0  stubs.o ABSOLUTE
    _printf_widthprec                        0x00000000   Number         0  stubs.o ABSOLUTE
    _printf_x                                0x00000000   Number         0  stubs.o ABSOLUTE
    __cpp_initialize__aeabi_                  - Undefined Weak Reference
    __cxa_finalize                            - Undefined Weak Reference
    _clock_init                               - Undefined Weak Reference
    _microlib_exit                            - Undefined Weak Reference
    __Vectors_Size                           0x00000188   Number         0  startup_stm32f40_41xxx.o ABSOLUTE
    __Vectors                                0x08000000   Data           4  startup_stm32f40_41xxx.o(RESET)
    __Vectors_End                            0x08000188   Data           0  startup_stm32f40_41xxx.o(RESET)
    __main                                   0x08000189   Thumb Code     0  entry.o(.ARM.Collect$$$$00000000)
    _main_stk                                0x08000189   Thumb Code     0  entry2.o(.ARM.Collect$$$$00000001)
    _main_scatterload                        0x0800018d   Thumb Code     0  entry5.o(.ARM.Collect$$$$00000004)
    __main_after_scatterload                 0x08000191   Thumb Code     0  entry5.o(.ARM.Collect$$$$00000004)
    _main_clock                              0x08000191   Thumb Code     0  entry7b.o(.ARM.Collect$$$$00000008)
    _main_cpp_init                           0x08000191   Thumb Code     0  entry8b.o(.ARM.Collect$$$$0000000A)
    _main_init                               0x08000191   Thumb Code     0  entry9a.o(.ARM.Collect$$$$0000000B)
    __rt_final_cpp                           0x08000199   Thumb Code     0  entry10a.o(.ARM.Collect$$$$0000000D)
    __rt_final_exit                          0x08000199   Thumb Code     0  entry11a.o(.ARM.Collect$$$$0000000F)
    SVC_Handler                              0x0800019d   Thumb Code    28  port.o(.emb_text)
    __asm___6_port_c_39a90d8d__prvStartFirstTask 0x080001bd   Thumb Code    28  port.o(.emb_text)
    __asm___6_port_c_39a90d8d__prvEnableVFP  0x080001dd   Thumb Code    16  port.o(.emb_text)
    PendSV_Handler                           0x080001f1   Thumb Code    88  port.o(.emb_text)
    vPortGetIPSR                             0x0800024d   Thumb Code     6  port.o(.emb_text)
    Reset_Handler                            0x08000255   Thumb Code     8  startup_stm32f40_41xxx.o(.text)
    NMI_Handler                              0x0800025d   Thumb Code     2  startup_stm32f40_41xxx.o(.text)
    HardFault_Handler                        0x0800025f   Thumb Code     2  startup_stm32f40_41xxx.o(.text)
    MemManage_Handler                        0x08000261   Thumb Code     2  startup_stm32f40_41xxx.o(.text)
    BusFault_Handler                         0x08000263   Thumb Code     2  startup_stm32f40_41xxx.o(.text)
    UsageFault_Handler                       0x08000265   Thumb Code     2  startup_stm32f40_41xxx.o(.text)
    DebugMon_Handler                         0x08000269   Thumb Code     2  startup_stm32f40_41xxx.o(.text)
    ADC_IRQHandler                           0x0800026f   Thumb Code     0  startup_stm32f40_41xxx.o(.text)
    CAN1_RX0_IRQHandler                      0x0800026f   Thumb Code     0  startup_stm32f40_41xxx.o(.text)
    CAN1_RX1_IRQHandler                      0x0800026f   Thumb Code     0  startup_stm32f40_41xxx.o(.text)
    CAN1_SCE_IRQHandler                      0x0800026f   Thumb Code     0  startup_stm32f40_41xxx.o(.text)
    CAN1_TX_IRQHandler                       0x0800026f   Thumb Code     0  startup_stm32f40_41xxx.o(.text)
    CAN2_RX0_IRQHandler                      0x0800026f   Thumb Code     0  startup_stm32f40_41xxx.o(.text)
    CAN2_RX1_IRQHandler                      0x0800026f   Thumb Code     0  startup_stm32f40_41xxx.o(.text)
    CAN2_SCE_IRQHandler                      0x0800026f   Thumb Code     0  startup_stm32f40_41xxx.o(.text)
    CAN2_TX_IRQHandler                       0x0800026f   Thumb Code     0  startup_stm32f40_41xxx.o(.text)
    CRYP_IRQHandler                          0x0800026f   Thumb Code     0  startup_stm32f40_41xxx.o(.text)
    DCMI_IRQHandler                          0x0800026f   Thumb Code     0  startup_stm32f40_41xxx.o(.text)
    DMA1_Stream0_IRQHandler                  0x0800026f   Thumb Code     0  startup_stm32f40_41xxx.o(.text)
    DMA1_Stream1_IRQHandler                  0x0800026f   Thumb Code     0  startup_stm32f40_41xxx.o(.text)
    DMA1_Stream2_IRQHandler                  0x0800026f   Thumb Code     0  startup_stm32f40_41xxx.o(.text)
    DMA1_Stream3_IRQHandler                  0x0800026f   Thumb Code     0  startup_stm32f40_41xxx.o(.text)
    DMA1_Stream4_IRQHandler                  0x0800026f   Thumb Code     0  startup_stm32f40_41xxx.o(.text)
    DMA1_Stream5_IRQHandler                  0x0800026f   Thumb Code     0  startup_stm32f40_41xxx.o(.text)
    DMA1_Stream6_IRQHandler                  0x0800026f   Thumb Code     0  startup_stm32f40_41xxx.o(.text)
    DMA1_Stream7_IRQHandler                  0x0800026f   Thumb Code     0  startup_stm32f40_41xxx.o(.text)
    DMA2_Stream0_IRQHandler                  0x0800026f   Thumb Code     0  startup_stm32f40_41xxx.o(.text)
    DMA2_Stream1_IRQHandler                  0x0800026f   Thumb Code     0  startup_stm32f40_41xxx.o(.text)
    DMA2_Stream2_IRQHandler                  0x0800026f   Thumb Code     0  startup_stm32f40_41xxx.o(.text)
    DMA2_Stream3_IRQHandler                  0x0800026f   Thumb Code     0  startup_stm32f40_41xxx.o(.text)
    DMA2_Stream4_IRQHandler                  0x0800026f   Thumb Code     0  startup_stm32f40_41xxx.o(.text)
    DMA2_Stream5_IRQHandler                  0x0800026f   Thumb Code     0  startup_stm32f40_41xxx.o(.text)
    DMA2_Stream6_IRQHandler                  0x0800026f   Thumb Code     0  startup_stm32f40_41xxx.o(.text)
    DMA2_Stream7_IRQHandler                  0x0800026f   Thumb Code     0  startup_stm32f40_41xxx.o(.text)
    ETH_IRQHandler                           0x0800026f   Thumb Code     0  startup_stm32f40_41xxx.o(.text)
    ETH_WKUP_IRQHandler                      0x0800026f   Thumb Code     0  startup_stm32f40_41xxx.o(.text)
    EXTI0_IRQHandler                         0x0800026f   Thumb Code     0  startup_stm32f40_41xxx.o(.text)
    EXTI1_IRQHandler                         0x0800026f   Thumb Code     0  startup_stm32f40_41xxx.o(.text)
    EXTI2_IRQHandler                         0x0800026f   Thumb Code     0  startup_stm32f40_41xxx.o(.text)
    EXTI3_IRQHandler                         0x0800026f   Thumb Code     0  startup_stm32f40_41xxx.o(.text)
    FLASH_IRQHandler                         0x0800026f   Thumb Code     0  startup_stm32f40_41xxx.o(.text)
    FPU_IRQHandler                           0x0800026f   Thumb Code     0  startup_stm32f40_41xxx.o(.text)
    FSMC_IRQHandler                          0x0800026f   Thumb Code     0  startup_stm32f40_41xxx.o(.text)
    HASH_RNG_IRQHandler                      0x0800026f   Thumb Code     0  startup_stm32f40_41xxx.o(.text)
    I2C1_ER_IRQHandler                       0x0800026f   Thumb Code     0  startup_stm32f40_41xxx.o(.text)
    I2C1_EV_IRQHandler                       0x0800026f   Thumb Code     0  startup_stm32f40_41xxx.o(.text)
    I2C2_ER_IRQHandler                       0x0800026f   Thumb Code     0  startup_stm32f40_41xxx.o(.text)
    I2C2_EV_IRQHandler                       0x0800026f   Thumb Code     0  startup_stm32f40_41xxx.o(.text)
    I2C3_ER_IRQHandler                       0x0800026f   Thumb Code     0  startup_stm32f40_41xxx.o(.text)
    I2C3_EV_IRQHandler                       0x0800026f   Thumb Code     0  startup_stm32f40_41xxx.o(.text)
    OTG_FS_IRQHandler                        0x0800026f   Thumb Code     0  startup_stm32f40_41xxx.o(.text)
    OTG_FS_WKUP_IRQHandler                   0x0800026f   Thumb Code     0  startup_stm32f40_41xxx.o(.text)
    OTG_HS_EP1_IN_IRQHandler                 0x0800026f   Thumb Code     0  startup_stm32f40_41xxx.o(.text)
    OTG_HS_EP1_OUT_IRQHandler                0x0800026f   Thumb Code     0  startup_stm32f40_41xxx.o(.text)
    OTG_HS_IRQHandler                        0x0800026f   Thumb Code     0  startup_stm32f40_41xxx.o(.text)
    OTG_HS_WKUP_IRQHandler                   0x0800026f   Thumb Code     0  startup_stm32f40_41xxx.o(.text)
    PVD_IRQHandler                           0x0800026f   Thumb Code     0  startup_stm32f40_41xxx.o(.text)
    RCC_IRQHandler                           0x0800026f   Thumb Code     0  startup_stm32f40_41xxx.o(.text)
    RTC_Alarm_IRQHandler                     0x0800026f   Thumb Code     0  startup_stm32f40_41xxx.o(.text)
    RTC_WKUP_IRQHandler                      0x0800026f   Thumb Code     0  startup_stm32f40_41xxx.o(.text)
    SDIO_IRQHandler                          0x0800026f   Thumb Code     0  startup_stm32f40_41xxx.o(.text)
    SPI1_IRQHandler                          0x0800026f   Thumb Code     0  startup_stm32f40_41xxx.o(.text)
    SPI2_IRQHandler                          0x0800026f   Thumb Code     0  startup_stm32f40_41xxx.o(.text)
    SPI3_IRQHandler                          0x0800026f   Thumb Code     0  startup_stm32f40_41xxx.o(.text)
    TAMP_STAMP_IRQHandler                    0x0800026f   Thumb Code     0  startup_stm32f40_41xxx.o(.text)
    TIM1_BRK_TIM9_IRQHandler                 0x0800026f   Thumb Code     0  startup_stm32f40_41xxx.o(.text)
    TIM1_CC_IRQHandler                       0x0800026f   Thumb Code     0  startup_stm32f40_41xxx.o(.text)
    TIM1_TRG_COM_TIM11_IRQHandler            0x0800026f   Thumb Code     0  startup_stm32f40_41xxx.o(.text)
    TIM1_UP_TIM10_IRQHandler                 0x0800026f   Thumb Code     0  startup_stm32f40_41xxx.o(.text)
    TIM2_IRQHandler                          0x0800026f   Thumb Code     0  startup_stm32f40_41xxx.o(.text)
    TIM3_IRQHandler                          0x0800026f   Thumb Code     0  startup_stm32f40_41xxx.o(.text)
    TIM4_IRQHandler                          0x0800026f   Thumb Code     0  startup_stm32f40_41xxx.o(.text)
    TIM5_IRQHandler                          0x0800026f   Thumb Code     0  startup_stm32f40_41xxx.o(.text)
    TIM6_DAC_IRQHandler                      0x0800026f   Thumb Code     0  startup_stm32f40_41xxx.o(.text)
    TIM7_IRQHandler                          0x0800026f   Thumb Code     0  startup_stm32f40_41xxx.o(.text)
    TIM8_BRK_TIM12_IRQHandler                0x0800026f   Thumb Code     0  startup_stm32f40_41xxx.o(.text)
    TIM8_CC_IRQHandler                       0x0800026f   Thumb Code     0  startup_stm32f40_41xxx.o(.text)
    TIM8_TRG_COM_TIM14_IRQHandler            0x0800026f   Thumb Code     0  startup_stm32f40_41xxx.o(.text)
    TIM8_UP_TIM13_IRQHandler                 0x0800026f   Thumb Code     0  startup_stm32f40_41xxx.o(.text)
    UART4_IRQHandler                         0x0800026f   Thumb Code     0  startup_stm32f40_41xxx.o(.text)
    UART5_IRQHandler                         0x0800026f   Thumb Code     0  startup_stm32f40_41xxx.o(.text)
    USART3_IRQHandler                        0x0800026f   Thumb Code     0  startup_stm32f40_41xxx.o(.text)
    USART6_IRQHandler                        0x0800026f   Thumb Code     0  startup_stm32f40_41xxx.o(.text)
    WWDG_IRQHandler                          0x0800026f   Thumb Code     0  startup_stm32f40_41xxx.o(.text)
    __aeabi_memcpy                           0x08000279   Thumb Code    36  memcpya.o(.text)
    __aeabi_memcpy4                          0x08000279   Thumb Code     0  memcpya.o(.text)
    __aeabi_memcpy8                          0x08000279   Thumb Code     0  memcpya.o(.text)
    __aeabi_memset                           0x0800029d   Thumb Code    14  memseta.o(.text)
    __aeabi_memset4                          0x0800029d   Thumb Code     0  memseta.o(.text)
    __aeabi_memset8                          0x0800029d   Thumb Code     0  memseta.o(.text)
    __aeabi_memclr                           0x080002ab   Thumb Code     4  memseta.o(.text)
    __aeabi_memclr4                          0x080002ab   Thumb Code     0  memseta.o(.text)
    __aeabi_memclr8                          0x080002ab   Thumb Code     0  memseta.o(.text)
    _memset$wrapper                          0x080002af   Thumb Code    18  memseta.o(.text)
    strcmp                                   0x080002c1   Thumb Code    28  strcmp.o(.text)
    __aeabi_uldivmod                         0x080002dd   Thumb Code    98  uldiv.o(.text)
    __scatterload                            0x08000341   Thumb Code    28  init.o(.text)
    __scatterload_rt2                        0x08000341   Thumb Code     0  init.o(.text)
    __aeabi_llsl                             0x08000365   Thumb Code    30  llshl.o(.text)
    _ll_shift_l                              0x08000365   Thumb Code     0  llshl.o(.text)
    __aeabi_llsr                             0x08000383   Thumb Code    32  llushr.o(.text)
    _ll_ushift_r                             0x08000383   Thumb Code     0  llushr.o(.text)
    __decompress                             0x080003a3   Thumb Code     0  __dclz77c.o(.text)
    __decompress2                            0x080003a3   Thumb Code    94  __dclz77c.o(.text)
    ADC1_GUANG_INO_Config                    0x08000401   Thumb Code   146  adc_guang.o(i.ADC1_GUANG_INO_Config)
    ADC_Cmd                                  0x080004a1   Thumb Code    22  stm32f4xx_adc.o(i.ADC_Cmd)
    ADC_CommonInit                           0x080004b9   Thumb Code    34  stm32f4xx_adc.o(i.ADC_CommonInit)
    ADC_GetConversionValue                   0x080004e9   Thumb Code     8  stm32f4xx_adc.o(i.ADC_GetConversionValue)
    ADC_GetFlagStatus                        0x080004f1   Thumb Code    18  stm32f4xx_adc.o(i.ADC_GetFlagStatus)
    ADC_Init                                 0x08000505   Thumb Code    74  stm32f4xx_adc.o(i.ADC_Init)
    ADC_RegularChannelConfig                 0x08000559   Thumb Code   184  stm32f4xx_adc.o(i.ADC_RegularChannelConfig)
    ADC_SoftwareStartConv                    0x08000611   Thumb Code    10  stm32f4xx_adc.o(i.ADC_SoftwareStartConv)
    BEEP_Config                              0x0800061d   Thumb Code    62  beep.o(i.BEEP_Config)
    Beep_Alarm                               0x08000661   Thumb Code    32  beep.o(i.Beep_Alarm)
    Beep_Open                                0x08000685   Thumb Code    14  beep.o(i.Beep_Open)
    DHT11_Config                             0x08000699   Thumb Code    54  dht11.o(i.DHT11_Config)
    DHT11_INMode                             0x080006d5   Thumb Code    32  dht11.o(i.DHT11_INMode)
    DHT11_OUTMode                            0x080006f9   Thumb Code    38  dht11.o(i.DHT11_OUTMode)
    DHT11_ReadBytes                          0x08000725   Thumb Code    90  dht11.o(i.DHT11_ReadBytes)
    DHT11_ReadData                           0x08000785   Thumb Code   174  dht11.o(i.DHT11_ReadData)
    EXTI15_10_IRQHandler                     0x0800083d   Thumb Code    12  interrupt.o(i.EXTI15_10_IRQHandler)
    EXTI4_IRQHandler                         0x08000849   Thumb Code    10  interrupt.o(i.EXTI4_IRQHandler)
    EXTI9_5_IRQHandler                       0x08000855   Thumb Code    36  interrupt.o(i.EXTI9_5_IRQHandler)
    EXTI_ClearITPendingBit                   0x0800087d   Thumb Code     6  stm32f4xx_exti.o(i.EXTI_ClearITPendingBit)
    EXTI_Init                                0x08000889   Thumb Code   142  stm32f4xx_exti.o(i.EXTI_Init)
    FINGER_Init                              0x0800091d   Thumb Code    12  pwm_motor.o(i.FINGER_Init)
    Fan_Control                              0x08000929   Thumb Code    14  pwm_fan.o(i.Fan_Control)
    Fan_TurnOff                              0x0800093d   Thumb Code    18  pwm_fan.o(i.Fan_TurnOff)
    Fan_TurnOn                               0x08000951   Thumb Code    20  pwm_fan.o(i.Fan_TurnOn)
    GPIO_Init                                0x08000969   Thumb Code   144  stm32f4xx_gpio.o(i.GPIO_Init)
    GPIO_PinAFConfig                         0x080009f9   Thumb Code    70  stm32f4xx_gpio.o(i.GPIO_PinAFConfig)
    GPIO_ReadInputDataBit                    0x08000a3f   Thumb Code    18  stm32f4xx_gpio.o(i.GPIO_ReadInputDataBit)
    GPIO_ResetBits                           0x08000a51   Thumb Code     4  stm32f4xx_gpio.o(i.GPIO_ResetBits)
    GPIO_SetBits                             0x08000a55   Thumb Code     4  stm32f4xx_gpio.o(i.GPIO_SetBits)
    GPIO_ToggleBits                          0x08000a59   Thumb Code     8  stm32f4xx_gpio.o(i.GPIO_ToggleBits)
    GPIO_WriteBit                            0x08000a61   Thumb Code    10  stm32f4xx_gpio.o(i.GPIO_WriteBit)
    I2C_Start                                0x08000a6d   Thumb Code    48  oled.o(i.I2C_Start)
    I2C_Stop                                 0x08000aa1   Thumb Code    32  oled.o(i.I2C_Stop)
    I2C_WaitAck                              0x08000ac5   Thumb Code    40  oled.o(i.I2C_WaitAck)
    IIC_Config                               0x08000af1   Thumb Code    60  iic.o(i.IIC_Config)
    IIC_delay                                0x08000b31   Thumb Code    16  oled.o(i.IIC_delay)
    INTERRUPT_KEY1_Config                    0x08000b41   Thumb Code   118  interrupt.o(i.INTERRUPT_KEY1_Config)
    INTERRUPT_KEY2_Config                    0x08000bbd   Thumb Code   118  interrupt.o(i.INTERRUPT_KEY2_Config)
    INTERRUPT_KEY3_Config                    0x08000c39   Thumb Code   118  interrupt.o(i.INTERRUPT_KEY3_Config)
    INTERRUPT_KEY4_Config                    0x08000cb5   Thumb Code   122  interrupt.o(i.INTERRUPT_KEY4_Config)
    Info                                     0x08000d35   Thumb Code    44  mennu.o(i.Info)
    Information                              0x08000d69   Thumb Code    88  mennu.o(i.Information)
    KEY_4_Config                             0x08000de5   Thumb Code    44  key.o(i.KEY_4_Config)
    KEY_task                                 0x08000e15   Thumb Code    30  user.o(i.KEY_task)
    Key_Config                               0x08000e41   Thumb Code    42  key.o(i.Key_Config)
    LED_Init                                 0x08000e71   Thumb Code    60  led.o(i.LED_Init)
    LED_TurnOff                              0x08000eb1   Thumb Code    60  led.o(i.LED_TurnOff)
    LED_TurnOn                               0x08000ef1   Thumb Code    60  led.o(i.LED_TurnOn)
    Menu_key_set                             0x08000f31   Thumb Code   250  mennu.o(i.Menu_key_set)
    My_RTC_Init                              0x0800105d   Thumb Code   138  rtc.o(i.My_RTC_Init)
    NVIC_Init                                0x080010e9   Thumb Code   106  misc.o(i.NVIC_Init)
    NVIC_PriorityGroupConfig                 0x08001161   Thumb Code    10  misc.o(i.NVIC_PriorityGroupConfig)
    OLED_Clear                               0x08001175   Thumb Code    42  oled.o(i.OLED_Clear)
    OLED_DrawPoint                           0x080011a5   Thumb Code   114  oled.o(i.OLED_DrawPoint)
    OLED_Init                                0x0800121d   Thumb Code   348  oled.o(i.OLED_Init)
    OLED_Refresh                             0x08001381   Thumb Code   100  oled.o(i.OLED_Refresh)
    OLED_ShowChar                            0x080013e9   Thumb Code   300  oled.o(i.OLED_ShowChar)
    OLED_ShowChinese                         0x08001525   Thumb Code   244  oled.o(i.OLED_ShowChinese)
    OLED_ShowPicture                         0x08001629   Thumb Code   214  oled.o(i.OLED_ShowPicture)
    OLED_ShowString                          0x080016ff   Thumb Code    74  oled.o(i.OLED_ShowString)
    OLED_WR_Byte                             0x08001749   Thumb Code    56  oled.o(i.OLED_WR_Byte)
    PWR_BackupAccessCmd                      0x08001781   Thumb Code     6  stm32f4xx_pwr.o(i.PWR_BackupAccessCmd)
    RCC_AHB1PeriphClockCmd                   0x0800178d   Thumb Code    26  stm32f4xx_rcc.o(i.RCC_AHB1PeriphClockCmd)
    RCC_APB1PeriphClockCmd                   0x080017ad   Thumb Code    26  stm32f4xx_rcc.o(i.RCC_APB1PeriphClockCmd)
    RCC_APB2PeriphClockCmd                   0x080017cd   Thumb Code    26  stm32f4xx_rcc.o(i.RCC_APB2PeriphClockCmd)
    RCC_GetClocksFreq                        0x080017ed   Thumb Code   214  stm32f4xx_rcc.o(i.RCC_GetClocksFreq)
    RCC_GetFlagStatus                        0x080018d5   Thumb Code    60  stm32f4xx_rcc.o(i.RCC_GetFlagStatus)
    RCC_LSEConfig                            0x08001915   Thumb Code    40  stm32f4xx_rcc.o(i.RCC_LSEConfig)
    RCC_RTCCLKCmd                            0x08001941   Thumb Code     6  stm32f4xx_rcc.o(i.RCC_RTCCLKCmd)
    RCC_RTCCLKConfig                         0x0800194d   Thumb Code    50  stm32f4xx_rcc.o(i.RCC_RTCCLKConfig)
    RTC_EnterInitMode                        0x080019bd   Thumb Code    76  stm32f4xx_rtc.o(i.RTC_EnterInitMode)
    RTC_ExitInitMode                         0x08001a0d   Thumb Code    14  stm32f4xx_rtc.o(i.RTC_ExitInitMode)
    RTC_GetDate                              0x08001a21   Thumb Code    68  stm32f4xx_rtc.o(i.RTC_GetDate)
    RTC_GetTime                              0x08001a6d   Thumb Code    72  stm32f4xx_rtc.o(i.RTC_GetTime)
    RTC_Init                                 0x08001abd   Thumb Code    94  stm32f4xx_rtc.o(i.RTC_Init)
    RTC_ReadBackupRegister                   0x08001b21   Thumb Code    26  stm32f4xx_rtc.o(i.RTC_ReadBackupRegister)
    RTC_SetDate                              0x08001b41   Thumb Code   190  stm32f4xx_rtc.o(i.RTC_SetDate)
    RTC_SetTime                              0x08001c09   Thumb Code   198  stm32f4xx_rtc.o(i.RTC_SetTime)
    RTC_Set_Date                             0x08001cd9   Thumb Code    36  rtc.o(i.RTC_Set_Date)
    RTC_Set_Time                             0x08001cfd   Thumb Code    36  rtc.o(i.RTC_Set_Time)
    RTC_WaitForSynchro                       0x08001d21   Thumb Code    92  stm32f4xx_rtc.o(i.RTC_WaitForSynchro)
    RTC_WriteBackupRegister                  0x08001d81   Thumb Code    24  stm32f4xx_rtc.o(i.RTC_WriteBackupRegister)
    SYSCFG_EXTILineConfig                    0x08001d9d   Thumb Code    60  stm32f4xx_syscfg.o(i.SYSCFG_EXTILineConfig)
    Send_Byte                                0x08001ddd   Thumb Code    70  oled.o(i.Send_Byte)
    Set                                      0x08001e29   Thumb Code   230  mennu.o(i.Set)
    Setting                                  0x08002045   Thumb Code    44  mennu.o(i.Setting)
    SysTick_CLKSourceConfig                  0x08002079   Thumb Code    40  misc.o(i.SysTick_CLKSourceConfig)
    SysTick_Handler                          0x080020a1   Thumb Code    16  delay.o(i.SysTick_Handler)
    SystemInit                               0x080020b1   Thumb Code    88  system_stm32f4xx.o(i.SystemInit)
    TIM4_PWM_Init                            0x08002119   Thumb Code   152  pwm_motor.o(i.TIM4_PWM_Init)
    TIMER12_CH2_PWM_PB15_Config              0x080021b9   Thumb Code   160  pwm_fan.o(i.TIMER12_CH2_PWM_PB15_Config)
    TIM_ARRPreloadConfig                     0x08002261   Thumb Code    24  stm32f4xx_tim.o(i.TIM_ARRPreloadConfig)
    TIM_Cmd                                  0x08002279   Thumb Code    24  stm32f4xx_tim.o(i.TIM_Cmd)
    TIM_OC2Init                              0x08002291   Thumb Code   154  stm32f4xx_tim.o(i.TIM_OC2Init)
    TIM_OC2PreloadConfig                     0x08002335   Thumb Code    26  stm32f4xx_tim.o(i.TIM_OC2PreloadConfig)
    TIM_OC4Init                              0x08002351   Thumb Code   112  stm32f4xx_tim.o(i.TIM_OC4Init)
    TIM_OC4PreloadConfig                     0x080023c9   Thumb Code    26  stm32f4xx_tim.o(i.TIM_OC4PreloadConfig)
    TIM_SetCompare2                          0x080023e3   Thumb Code     4  stm32f4xx_tim.o(i.TIM_SetCompare2)
    TIM_SetCompare4                          0x080023e7   Thumb Code     4  stm32f4xx_tim.o(i.TIM_SetCompare4)
    TIM_TimeBaseInit                         0x080023ed   Thumb Code   104  stm32f4xx_tim.o(i.TIM_TimeBaseInit)
    Temperature                              0x08002471   Thumb Code    44  mennu.o(i.Temperature)
    TestLight                                0x080024a5   Thumb Code    80  mennu.o(i.TestLight)
    TestTemperature                          0x08002519   Thumb Code   136  mennu.o(i.TestTemperature)
    USART1_IRQHandler                        0x080025d5   Thumb Code   122  usart.o(i.USART1_IRQHandler)
    USART2_IRQHandler                        0x0800265d   Thumb Code    40  es8266_wifi.o(i.USART2_IRQHandler)
    USART_ClearFlag                          0x08002689   Thumb Code    18  stm32f4xx_usart.o(i.USART_ClearFlag)
    USART_ClearITPendingBit                  0x0800269b   Thumb Code    30  stm32f4xx_usart.o(i.USART_ClearITPendingBit)
    USART_Cmd                                0x080026b9   Thumb Code    24  stm32f4xx_usart.o(i.USART_Cmd)
    USART_GetFlagStatus                      0x080026d1   Thumb Code    26  stm32f4xx_usart.o(i.USART_GetFlagStatus)
    USART_GetITStatus                        0x080026eb   Thumb Code    84  stm32f4xx_usart.o(i.USART_GetITStatus)
    USART_ITConfig                           0x0800273f   Thumb Code    74  stm32f4xx_usart.o(i.USART_ITConfig)
    USART_Init                               0x08002789   Thumb Code   204  stm32f4xx_usart.o(i.USART_Init)
    USART_ReceiveData                        0x0800285d   Thumb Code    10  stm32f4xx_usart.o(i.USART_ReceiveData)
    USART_SendData                           0x08002867   Thumb Code     8  stm32f4xx_usart.o(i.USART_SendData)
    __0printf$8                              0x08002871   Thumb Code    22  printf8.o(i.__0printf$8)
    __1printf$8                              0x08002871   Thumb Code     0  printf8.o(i.__0printf$8)
    __2printf                                0x08002871   Thumb Code     0  printf8.o(i.__0printf$8)
    __0sprintf$8                             0x08002891   Thumb Code    34  printf8.o(i.__0sprintf$8)
    __1sprintf$8                             0x08002891   Thumb Code     0  printf8.o(i.__0sprintf$8)
    __2sprintf                               0x08002891   Thumb Code     0  printf8.o(i.__0sprintf$8)
    __scatterload_copy                       0x080028b9   Thumb Code    14  handlers.o(i.__scatterload_copy)
    __scatterload_null                       0x080028c7   Thumb Code     2  handlers.o(i.__scatterload_null)
    __scatterload_zeroinit                   0x080028c9   Thumb Code    14  handlers.o(i.__scatterload_zeroinit)
    delay_init                               0x08002d45   Thumb Code    58  delay.o(i.delay_init)
    delay_ms                                 0x08002d89   Thumb Code    60  delay.o(i.delay_ms)
    delay_us                                 0x08002dc9   Thumb Code    68  delay.o(i.delay_us)
    delay_xms                                0x08002e11   Thumb Code    24  delay.o(i.delay_xms)
    float_task                               0x08002e29   Thumb Code    52  user.o(i.float_task)
    fputc                                    0x08002e65   Thumb Code    22  usart.o(i.fputc)
    getADC_average                           0x08002e81   Thumb Code    46  adc_guang.o(i.getADC_average)
    getADC_channel                           0x08002eb1   Thumb Code    44  adc_guang.o(i.getADC_channel)
    getdata                                  0x08002ee1   Thumb Code   220  fun.o(i.getdata)
    getdata_task                             0x08002ffd   Thumb Code    20  user.o(i.getdata_task)
    gif                                      0x08003011   Thumb Code    68  mennu.o(i.gif)
    home                                     0x0800305d   Thumb Code    88  mennu.o(i.home)
    init_pack                                0x080030d9   Thumb Code    82  fun.o(i.init_pack)
    key_4x4_init                             0x08003141   Thumb Code    88  passwd_door.o(i.key_4x4_init)
    key_4x4_scan                             0x080031a1   Thumb Code   362  passwd_door.o(i.key_4x4_scan)
    led3_task                                0x08003315   Thumb Code    32  user.o(i.led3_task)
    light                                    0x08003335   Thumb Code    44  mennu.o(i.light)
    main                                     0x08003369   Thumb Code   148  user.o(i.main)
    passwd_task                              0x08003425   Thumb Code   132  user.o(i.passwd_task)
    pvPortMalloc                             0x08003e55   Thumb Code   296  heap_4.o(i.pvPortMalloc)
    pvTaskIncrementMutexHeldCount            0x08003f91   Thumb Code    26  tasks.o(i.pvTaskIncrementMutexHeldCount)
    pxPortInitialiseStack                    0x08003fb1   Thumb Code    38  port.o(i.pxPortInitialiseStack)
    scanfkey                                 0x08003fdd   Thumb Code   196  key.o(i.scanfkey)
    senddata                                 0x080040a9   Thumb Code    34  es8266_wifi.o(i.senddata)
    setWifi                                  0x080040d9   Thumb Code   208  es8266_wifi.o(i.setWifi)
    start_task                               0x0800429d   Thumb Code   122  user.o(i.start_task)
    uart2init                                0x08004381   Thumb Code   158  es8266_wifi.o(i.uart2init)
    uart_init                                0x08004429   Thumb Code   172  usart.o(i.uart_init)
    usart_sendstr                            0x080044dd   Thumb Code    66  es8266_wifi.o(i.usart_sendstr)
    uxListRemove                             0x0800451f   Thumb Code    40  list.o(i.uxListRemove)
    vListInitialise                          0x08004547   Thumb Code    26  list.o(i.vListInitialise)
    vListInitialiseItem                      0x08004561   Thumb Code     6  list.o(i.vListInitialiseItem)
    vListInsert                              0x08004567   Thumb Code    52  list.o(i.vListInsert)
    vListInsertEnd                           0x0800459b   Thumb Code    24  list.o(i.vListInsertEnd)
    vPortEnterCritical                       0x080045b5   Thumb Code    76  port.o(i.vPortEnterCritical)
    vPortExitCritical                        0x08004609   Thumb Code    56  port.o(i.vPortExitCritical)
    vPortFree                                0x08004645   Thumb Code   140  heap_4.o(i.vPortFree)
    vPortSetupTimerInterrupt                 0x080046d9   Thumb Code    26  port.o(i.vPortSetupTimerInterrupt)
    vPortValidateInterruptPriority           0x080046f9   Thumb Code   106  port.o(i.vPortValidateInterruptPriority)
    vQueueAddToRegistry                      0x08004771   Thumb Code    38  queue.o(i.vQueueAddToRegistry)
    vQueueWaitForMessageRestricted           0x0800479d   Thumb Code    74  queue.o(i.vQueueWaitForMessageRestricted)
    vTaskDelay                               0x080047e9   Thumb Code    82  tasks.o(i.vTaskDelay)
    vTaskDelete                              0x08004845   Thumb Code   202  tasks.o(i.vTaskDelete)
    vTaskMissedYield                         0x08004939   Thumb Code     8  tasks.o(i.vTaskMissedYield)
    vTaskPlaceOnEventList                    0x08004945   Thumb Code    52  tasks.o(i.vTaskPlaceOnEventList)
    vTaskPlaceOnEventListRestricted          0x0800497d   Thumb Code    60  tasks.o(i.vTaskPlaceOnEventListRestricted)
    vTaskPriorityInherit                     0x080049bd   Thumb Code   164  tasks.o(i.vTaskPriorityInherit)
    vTaskSetTimeOutState                     0x08004a6d   Thumb Code    38  tasks.o(i.vTaskSetTimeOutState)
    vTaskStartScheduler                      0x08004a9d   Thumb Code   118  tasks.o(i.vTaskStartScheduler)
    vTaskSuspendAll                          0x08004b31   Thumb Code    12  tasks.o(i.vTaskSuspendAll)
    vTaskSwitchContext                       0x08004b41   Thumb Code   118  tasks.o(i.vTaskSwitchContext)
    xEventGroupClearBits                     0x08004bcd   Thumb Code    92  event_groups.o(i.xEventGroupClearBits)
    xEventGroupSetBits                       0x08004c29   Thumb Code   206  event_groups.o(i.xEventGroupSetBits)
    xPortStartScheduler                      0x08004cf9   Thumb Code   288  port.o(i.xPortStartScheduler)
    xPortSysTickHandler                      0x08004e35   Thumb Code    46  port.o(i.xPortSysTickHandler)
    xQueueGenericCreate                      0x08004e69   Thumb Code    88  queue.o(i.xQueueGenericCreate)
    xQueueGenericReceive                     0x08004ec1   Thumb Code   446  queue.o(i.xQueueGenericReceive)
    xQueueGenericReset                       0x08005085   Thumb Code   146  queue.o(i.xQueueGenericReset)
    xQueueGenericSend                        0x0800511d   Thumb Code   420  queue.o(i.xQueueGenericSend)
    xQueueGenericSendFromISR                 0x080052c5   Thumb Code   248  queue.o(i.xQueueGenericSendFromISR)
    xTaskCheckForTimeOut                     0x080053bd   Thumb Code   132  tasks.o(i.xTaskCheckForTimeOut)
    xTaskCreate                              0x08005449   Thumb Code    96  tasks.o(i.xTaskCreate)
    xTaskGetSchedulerState                   0x080054a9   Thumb Code    24  tasks.o(i.xTaskGetSchedulerState)
    xTaskGetTickCount                        0x080054c9   Thumb Code     6  tasks.o(i.xTaskGetTickCount)
    xTaskIncrementTick                       0x080054d5   Thumb Code   282  tasks.o(i.xTaskIncrementTick)
    xTaskPriorityDisinherit                  0x0800561d   Thumb Code   188  tasks.o(i.xTaskPriorityDisinherit)
    xTaskRemoveFromEventList                 0x080056e5   Thumb Code   128  tasks.o(i.xTaskRemoveFromEventList)
    xTaskRemoveFromUnorderedEventList        0x0800577d   Thumb Code   154  tasks.o(i.xTaskRemoveFromUnorderedEventList)
    xTaskResumeAll                           0x0800582d   Thumb Code   224  tasks.o(i.xTaskResumeAll)
    xTimerCreateTimerTask                    0x08005931   Thumb Code    66  timers.o(i.xTimerCreateTimerTask)
    xTimerGenericCommand                     0x08005989   Thumb Code   126  timers.o(i.xTimerGenericCommand)
    asc2_0806                                0x08005a0c   Data         552  oled.o(.constdata)
    asc2_1206                                0x08005c34   Data        1140  oled.o(.constdata)
    asc2_1608                                0x080060a8   Data        1520  oled.o(.constdata)
    asc2_2412                                0x08006698   Data        3420  oled.o(.constdata)
    Hzk1                                     0x080073f4   Data         352  oled.o(.constdata)
    Hzk2                                     0x08007554   Data          72  oled.o(.constdata)
    Hzk3                                     0x0800759c   Data         128  oled.o(.constdata)
    Hzk4                                     0x0800761c   Data         512  oled.o(.constdata)
    Region$$Table$$Base                      0x0800781c   Number         0  anon$$obj.o(Region$$Table)
    Region$$Table$$Limit                     0x0800783c   Number         0  anon$$obj.o(Region$$Table)
    SystemCoreClock                          0x20000010   Data           4  system_stm32f4xx.o(.data)
    AHBPrescTable                            0x20000014   Data          16  system_stm32f4xx.o(.data)
    StartTask_Handler                        0x20000024   Data           4  user.o(.data)
    DATAtask_Handler                         0x20000028   Data           4  user.o(.data)
    KEYTask_Handler                          0x2000002c   Data           4  user.o(.data)
    LED3Task_Handler                         0x20000030   Data           4  user.o(.data)
    FLOATTask_Handler                        0x20000034   Data           4  user.o(.data)
    PASSWDTask_Handler                       0x20000038   Data           4  user.o(.data)
    passwd                                   0x2000003c   Data         128  user.o(.data)
    i                                        0x200000bc   Data           4  user.o(.data)
    __stdout                                 0x200000c4   Data           4  usart.o(.data)
    USART_RX_STA                             0x200000c8   Data           2  usart.o(.data)
    humi                                     0x200000cc   Data           3  fun.o(.data)
    temp                                     0x200000cf   Data           3  fun.o(.data)
    guangnum                                 0x200000d2   Data           2  fun.o(.data)
    beep                                     0x200000d4   Data           4  fun.o(.data)
    check_num                                0x200000d8   Data           2  fun.o(.data)
    buff                                     0x200000da   Data           5  dht11.o(.data)
    BMP1                                     0x200000e0   Data        1024  mennu.o(.data)
    BMP2                                     0x200004e0   Data        1024  mennu.o(.data)
    bmp_temp                                 0x200008e0   Data        1024  mennu.o(.data)
    bmp_light                                0x20000ce0   Data        1024  mennu.o(.data)
    bmp_set                                  0x200010e0   Data        1024  mennu.o(.data)
    bmp_info                                 0x200014e0   Data        1024  mennu.o(.data)
    bmp_gif                                  0x200018e0   Data        1024  mennu.o(.data)
    bmp_tai                                  0x20001ce0   Data       26880  mennu.o(.data)
    keynum                                   0x200085e0   Data           1  mennu.o(.data)
    statehandle                              0x200085e4   Data           4  mennu.o(.data)
    func_index                               0x200085e8   Data           1  mennu.o(.data)
    control_index                            0x200085e9   Data           1  mennu.o(.data)
    state                                    0x200085ea   Data           4  mennu.o(.data)
    RTC_TimeStruct                           0x200085ee   Data           4  mennu.o(.data)
    RTC_DateStruct                           0x200085f2   Data           4  mennu.o(.data)
    current_operation_index                  0x200085f8   Data           4  mennu.o(.data)
    table                                    0x200085fc   Data         240  mennu.o(.data)
    bmp_index                                0x200086ec   Data           1  mennu.o(.data)
    pxCurrentTCB                             0x200086f0   Data           4  tasks.o(.data)
    userpasswd                               0x20008764   Data         128  user.o(.bss)
    USART_RX_BUF                             0x200087e4   Data         200  usart.o(.bss)
    datapack                                 0x200088ac   Data          11  fun.o(.bss)
    date                                     0x200088b7   Data          20  mennu.o(.bss)
    time                                     0x200088cb   Data          20  mennu.o(.bss)
    OLED_GRAM                                0x200088df   Data        1152  oled.o(.bss)
    xQueueRegistry                           0x20008d60   Data          64  queue.o(.bss)
    __initial_sp                             0x2001be90   Data           0  startup_stm32f40_41xxx.o(STACK)



==============================================================================

Memory Map of the image

  Image Entry point : 0x08000189

  Load Region LR_IROM1 (Base: 0x08000000, Size: 0x0000ffa0, Max: 0x00080000, ABSOLUTE, COMPRESSED[0x00008c10])

    Execution Region ER_IROM1 (Base: 0x08000000, Size: 0x0000783c, Max: 0x00080000, ABSOLUTE)

    Base Addr    Size         Type   Attr      Idx    E Section Name        Object

    0x08000000   0x00000188   Data   RO            3    RESET               startup_stm32f40_41xxx.o
    0x08000188   0x00000000   Code   RO         6926  * .ARM.Collect$$$$00000000  mc_w.l(entry.o)
    0x08000188   0x00000004   Code   RO         7198    .ARM.Collect$$$$00000001  mc_w.l(entry2.o)
    0x0800018c   0x00000004   Code   RO         7201    .ARM.Collect$$$$00000004  mc_w.l(entry5.o)
    0x08000190   0x00000000   Code   RO         7203    .ARM.Collect$$$$00000008  mc_w.l(entry7b.o)
    0x08000190   0x00000000   Code   RO         7205    .ARM.Collect$$$$0000000A  mc_w.l(entry8b.o)
    0x08000190   0x00000008   Code   RO         7206    .ARM.Collect$$$$0000000B  mc_w.l(entry9a.o)
    0x08000198   0x00000000   Code   RO         7208    .ARM.Collect$$$$0000000D  mc_w.l(entry10a.o)
    0x08000198   0x00000000   Code   RO         7210    .ARM.Collect$$$$0000000F  mc_w.l(entry11a.o)
    0x08000198   0x00000004   Code   RO         7199    .ARM.Collect$$$$00002712  mc_w.l(entry2.o)
    0x0800019c   0x000000b6   Code   RO         6800    .emb_text           port.o
    0x08000252   0x00000002   PAD
    0x08000254   0x00000024   Code   RO            4    .text               startup_stm32f40_41xxx.o
    0x08000278   0x00000024   Code   RO         6929    .text               mc_w.l(memcpya.o)
    0x0800029c   0x00000024   Code   RO         6931    .text               mc_w.l(memseta.o)
    0x080002c0   0x0000001c   Code   RO         6933    .text               mc_w.l(strcmp.o)
    0x080002dc   0x00000062   Code   RO         7214    .text               mc_w.l(uldiv.o)
    0x0800033e   0x00000002   PAD
    0x08000340   0x00000024   Code   RO         7227    .text               mc_w.l(init.o)
    0x08000364   0x0000001e   Code   RO         7229    .text               mc_w.l(llshl.o)
    0x08000382   0x00000020   Code   RO         7231    .text               mc_w.l(llushr.o)
    0x080003a2   0x0000005e   Code   RO         7245    .text               mc_w.l(__dclz77c.o)
    0x08000400   0x000000a0   Code   RO         5439    i.ADC1_GUANG_INO_Config  adc_guang.o
    0x080004a0   0x00000016   Code   RO          167    i.ADC_Cmd           stm32f4xx_adc.o
    0x080004b6   0x00000002   PAD
    0x080004b8   0x00000030   Code   RO          168    i.ADC_CommonInit    stm32f4xx_adc.o
    0x080004e8   0x00000008   Code   RO          179    i.ADC_GetConversionValue  stm32f4xx_adc.o
    0x080004f0   0x00000012   Code   RO          180    i.ADC_GetFlagStatus  stm32f4xx_adc.o
    0x08000502   0x00000002   PAD
    0x08000504   0x00000054   Code   RO          187    i.ADC_Init          stm32f4xx_adc.o
    0x08000558   0x000000b8   Code   RO          192    i.ADC_RegularChannelConfig  stm32f4xx_adc.o
    0x08000610   0x0000000a   Code   RO          194    i.ADC_SoftwareStartConv  stm32f4xx_adc.o
    0x0800061a   0x00000002   PAD
    0x0800061c   0x00000044   Code   RO         5197    i.BEEP_Config       beep.o
    0x08000660   0x00000024   Code   RO         5198    i.Beep_Alarm        beep.o
    0x08000684   0x00000014   Code   RO         5200    i.Beep_Open         beep.o
    0x08000698   0x0000003c   Code   RO         5392    i.DHT11_Config      dht11.o
    0x080006d4   0x00000024   Code   RO         5393    i.DHT11_INMode      dht11.o
    0x080006f8   0x0000002c   Code   RO         5394    i.DHT11_OUTMode     dht11.o
    0x08000724   0x00000060   Code   RO         5395    i.DHT11_ReadBytes   dht11.o
    0x08000784   0x000000b8   Code   RO         5396    i.DHT11_ReadData    dht11.o
    0x0800083c   0x0000000c   Code   RO         5306    i.EXTI15_10_IRQHandler  interrupt.o
    0x08000848   0x0000000a   Code   RO         5307    i.EXTI4_IRQHandler  interrupt.o
    0x08000852   0x00000002   PAD
    0x08000854   0x00000028   Code   RO         5308    i.EXTI9_5_IRQHandler  interrupt.o
    0x0800087c   0x0000000c   Code   RO         1364    i.EXTI_ClearITPendingBit  stm32f4xx_exti.o
    0x08000888   0x00000094   Code   RO         1369    i.EXTI_Init         stm32f4xx_exti.o
    0x0800091c   0x0000000c   Code   RO         5471    i.FINGER_Init       pwm_motor.o
    0x08000928   0x00000014   Code   RO         5497    i.Fan_Control       pwm_fan.o
    0x0800093c   0x00000012   Code   RO         5498    i.Fan_TurnOff       pwm_fan.o
    0x0800094e   0x00000002   PAD
    0x08000950   0x00000018   Code   RO         5499    i.Fan_TurnOn        pwm_fan.o
    0x08000968   0x00000090   Code   RO         1840    i.GPIO_Init         stm32f4xx_gpio.o
    0x080009f8   0x00000046   Code   RO         1841    i.GPIO_PinAFConfig  stm32f4xx_gpio.o
    0x08000a3e   0x00000012   Code   RO         1844    i.GPIO_ReadInputDataBit  stm32f4xx_gpio.o
    0x08000a50   0x00000004   Code   RO         1847    i.GPIO_ResetBits    stm32f4xx_gpio.o
    0x08000a54   0x00000004   Code   RO         1848    i.GPIO_SetBits      stm32f4xx_gpio.o
    0x08000a58   0x00000008   Code   RO         1850    i.GPIO_ToggleBits   stm32f4xx_gpio.o
    0x08000a60   0x0000000a   Code   RO         1852    i.GPIO_WriteBit     stm32f4xx_gpio.o
    0x08000a6a   0x00000002   PAD
    0x08000a6c   0x00000034   Code   RO         5830    i.I2C_Start         oled.o
    0x08000aa0   0x00000024   Code   RO         5831    i.I2C_Stop          oled.o
    0x08000ac4   0x0000002c   Code   RO         5832    i.I2C_WaitAck       oled.o
    0x08000af0   0x00000040   Code   RO         5756    i.IIC_Config        iic.o
    0x08000b30   0x00000010   Code   RO         5833    i.IIC_delay         oled.o
    0x08000b40   0x0000007c   Code   RO         5309    i.INTERRUPT_KEY1_Config  interrupt.o
    0x08000bbc   0x0000007c   Code   RO         5310    i.INTERRUPT_KEY2_Config  interrupt.o
    0x08000c38   0x0000007c   Code   RO         5311    i.INTERRUPT_KEY3_Config  interrupt.o
    0x08000cb4   0x00000080   Code   RO         5312    i.INTERRUPT_KEY4_Config  interrupt.o
    0x08000d34   0x00000034   Code   RO         5583    i.Info              mennu.o
    0x08000d68   0x0000007c   Code   RO         5584    i.Information       mennu.o
    0x08000de4   0x00000030   Code   RO         5274    i.KEY_4_Config      key.o
    0x08000e14   0x0000002c   Code   RO         4906    i.KEY_task          user.o
    0x08000e40   0x00000030   Code   RO         5275    i.Key_Config        key.o
    0x08000e70   0x00000040   Code   RO         5242    i.LED_Init          led.o
    0x08000eb0   0x00000040   Code   RO         5243    i.LED_TurnOff       led.o
    0x08000ef0   0x00000040   Code   RO         5244    i.LED_TurnOn        led.o
    0x08000f30   0x0000012c   Code   RO         5585    i.Menu_key_set      mennu.o
    0x0800105c   0x0000008a   Code   RO         5671    i.My_RTC_Init       rtc.o
    0x080010e6   0x00000002   PAD
    0x080010e8   0x00000078   Code   RO           12    i.NVIC_Init         misc.o
    0x08001160   0x00000014   Code   RO           13    i.NVIC_PriorityGroupConfig  misc.o
    0x08001174   0x00000030   Code   RO         5834    i.OLED_Clear        oled.o
    0x080011a4   0x00000078   Code   RO         5841    i.OLED_DrawPoint    oled.o
    0x0800121c   0x00000164   Code   RO         5842    i.OLED_Init         oled.o
    0x08001380   0x00000068   Code   RO         5844    i.OLED_Refresh      oled.o
    0x080013e8   0x0000013c   Code   RO         5846    i.OLED_ShowChar     oled.o
    0x08001524   0x00000104   Code   RO         5847    i.OLED_ShowChinese  oled.o
    0x08001628   0x000000d6   Code   RO         5849    i.OLED_ShowPicture  oled.o
    0x080016fe   0x0000004a   Code   RO         5850    i.OLED_ShowString   oled.o
    0x08001748   0x00000038   Code   RO         5851    i.OLED_WR_Byte      oled.o
    0x08001780   0x0000000c   Code   RO         2582    i.PWR_BackupAccessCmd  stm32f4xx_pwr.o
    0x0800178c   0x00000020   Code   RO         2704    i.RCC_AHB1PeriphClockCmd  stm32f4xx_rcc.o
    0x080017ac   0x00000020   Code   RO         2713    i.RCC_APB1PeriphClockCmd  stm32f4xx_rcc.o
    0x080017cc   0x00000020   Code   RO         2716    i.RCC_APB2PeriphClockCmd  stm32f4xx_rcc.o
    0x080017ec   0x000000e8   Code   RO         2725    i.RCC_GetClocksFreq  stm32f4xx_rcc.o
    0x080018d4   0x00000040   Code   RO         2726    i.RCC_GetFlagStatus  stm32f4xx_rcc.o
    0x08001914   0x0000002c   Code   RO         2734    i.RCC_LSEConfig     stm32f4xx_rcc.o
    0x08001940   0x0000000c   Code   RO         2748    i.RCC_RTCCLKCmd     stm32f4xx_rcc.o
    0x0800194c   0x0000003c   Code   RO         2749    i.RCC_RTCCLKConfig  stm32f4xx_rcc.o
    0x08001988   0x00000016   Code   RO         3103    i.RTC_Bcd2ToByte    stm32f4xx_rtc.o
    0x0800199e   0x0000001c   Code   RO         3105    i.RTC_ByteToBcd2    stm32f4xx_rtc.o
    0x080019ba   0x00000002   PAD
    0x080019bc   0x00000050   Code   RO         3115    i.RTC_EnterInitMode  stm32f4xx_rtc.o
    0x08001a0c   0x00000014   Code   RO         3116    i.RTC_ExitInitMode  stm32f4xx_rtc.o
    0x08001a20   0x0000004c   Code   RO         3119    i.RTC_GetDate       stm32f4xx_rtc.o
    0x08001a6c   0x00000050   Code   RO         3124    i.RTC_GetTime       stm32f4xx_rtc.o
    0x08001abc   0x00000064   Code   RO         3129    i.RTC_Init          stm32f4xx_rtc.o
    0x08001b20   0x00000020   Code   RO         3132    i.RTC_ReadBackupRegister  stm32f4xx_rtc.o
    0x08001b40   0x000000c8   Code   RO         3135    i.RTC_SetDate       stm32f4xx_rtc.o
    0x08001c08   0x000000d0   Code   RO         3136    i.RTC_SetTime       stm32f4xx_rtc.o
    0x08001cd8   0x00000024   Code   RO         5672    i.RTC_Set_Date      rtc.o
    0x08001cfc   0x00000024   Code   RO         5673    i.RTC_Set_Time      rtc.o
    0x08001d20   0x00000060   Code   RO         3152    i.RTC_WaitForSynchro  stm32f4xx_rtc.o
    0x08001d80   0x0000001c   Code   RO         3155    i.RTC_WriteBackupRegister  stm32f4xx_rtc.o
    0x08001d9c   0x00000040   Code   RO         3982    i.SYSCFG_EXTILineConfig  stm32f4xx_syscfg.o
    0x08001ddc   0x0000004c   Code   RO         5852    i.Send_Byte         oled.o
    0x08001e28   0x00000130   Code   RO         5586    i.Set               mennu.o
    0x08001f58   0x000000ec   Code   RO         4847    i.SetSysClock       system_stm32f4xx.o
    0x08002044   0x00000034   Code   RO         5587    i.Setting           mennu.o
    0x08002078   0x00000028   Code   RO           16    i.SysTick_CLKSourceConfig  misc.o
    0x080020a0   0x00000010   Code   RO         5075    i.SysTick_Handler   delay.o
    0x080020b0   0x00000068   Code   RO         4849    i.SystemInit        system_stm32f4xx.o
    0x08002118   0x000000a0   Code   RO         5472    i.TIM4_PWM_Init     pwm_motor.o
    0x080021b8   0x000000a8   Code   RO         5500    i.TIMER12_CH2_PWM_PB15_Config  pwm_fan.o
    0x08002260   0x00000018   Code   RO         4039    i.TIM_ARRPreloadConfig  stm32f4xx_tim.o
    0x08002278   0x00000018   Code   RO         4051    i.TIM_Cmd           stm32f4xx_tim.o
    0x08002290   0x000000a4   Code   RO         4085    i.TIM_OC2Init       stm32f4xx_tim.o
    0x08002334   0x0000001a   Code   RO         4088    i.TIM_OC2PreloadConfig  stm32f4xx_tim.o
    0x0800234e   0x00000002   PAD
    0x08002350   0x00000078   Code   RO         4095    i.TIM_OC4Init       stm32f4xx_tim.o
    0x080023c8   0x0000001a   Code   RO         4097    i.TIM_OC4PreloadConfig  stm32f4xx_tim.o
    0x080023e2   0x00000004   Code   RO         4114    i.TIM_SetCompare2   stm32f4xx_tim.o
    0x080023e6   0x00000004   Code   RO         4116    i.TIM_SetCompare4   stm32f4xx_tim.o
    0x080023ea   0x00000002   PAD
    0x080023ec   0x00000084   Code   RO         4123    i.TIM_TimeBaseInit  stm32f4xx_tim.o
    0x08002470   0x00000034   Code   RO         5588    i.Temperature       mennu.o
    0x080024a4   0x00000074   Code   RO         5589    i.TestLight         mennu.o
    0x08002518   0x000000bc   Code   RO         5590    i.TestTemperature   mennu.o
    0x080025d4   0x00000088   Code   RO         5145    i.USART1_IRQHandler  usart.o
    0x0800265c   0x0000002c   Code   RO         5535    i.USART2_IRQHandler  es8266_wifi.o
    0x08002688   0x00000012   Code   RO         4597    i.USART_ClearFlag   stm32f4xx_usart.o
    0x0800269a   0x0000001e   Code   RO         4598    i.USART_ClearITPendingBit  stm32f4xx_usart.o
    0x080026b8   0x00000018   Code   RO         4601    i.USART_Cmd         stm32f4xx_usart.o
    0x080026d0   0x0000001a   Code   RO         4604    i.USART_GetFlagStatus  stm32f4xx_usart.o
    0x080026ea   0x00000054   Code   RO         4605    i.USART_GetITStatus  stm32f4xx_usart.o
    0x0800273e   0x0000004a   Code   RO         4607    i.USART_ITConfig    stm32f4xx_usart.o
    0x08002788   0x000000d4   Code   RO         4608    i.USART_Init        stm32f4xx_usart.o
    0x0800285c   0x0000000a   Code   RO         4615    i.USART_ReceiveData  stm32f4xx_usart.o
    0x08002866   0x00000008   Code   RO         4618    i.USART_SendData    stm32f4xx_usart.o
    0x0800286e   0x00000002   PAD
    0x08002870   0x00000020   Code   RO         7144    i.__0printf$8       mc_w.l(printf8.o)
    0x08002890   0x00000028   Code   RO         7146    i.__0sprintf$8      mc_w.l(printf8.o)
    0x080028b8   0x0000000e   Code   RO         7239    i.__scatterload_copy  mc_w.l(handlers.o)
    0x080028c6   0x00000002   Code   RO         7240    i.__scatterload_null  mc_w.l(handlers.o)
    0x080028c8   0x0000000e   Code   RO         7241    i.__scatterload_zeroinit  mc_w.l(handlers.o)
    0x080028d6   0x00000002   PAD
    0x080028d8   0x00000410   Code   RO         7151    i._printf_core      mc_w.l(printf8.o)
    0x08002ce8   0x00000024   Code   RO         7152    i._printf_post_padding  mc_w.l(printf8.o)
    0x08002d0c   0x0000002e   Code   RO         7153    i._printf_pre_padding  mc_w.l(printf8.o)
    0x08002d3a   0x0000000a   Code   RO         7155    i._sputc            mc_w.l(printf8.o)
    0x08002d44   0x00000044   Code   RO         5076    i.delay_init        delay.o
    0x08002d88   0x00000040   Code   RO         5077    i.delay_ms          delay.o
    0x08002dc8   0x00000048   Code   RO         5078    i.delay_us          delay.o
    0x08002e10   0x00000018   Code   RO         5079    i.delay_xms         delay.o
    0x08002e28   0x0000003c   Code   RO         4907    i.float_task        user.o
    0x08002e64   0x0000001c   Code   RO         5147    i.fputc             usart.o
    0x08002e80   0x0000002e   Code   RO         5440    i.getADC_average    adc_guang.o
    0x08002eae   0x00000002   PAD
    0x08002eb0   0x00000030   Code   RO         5441    i.getADC_channel    adc_guang.o
    0x08002ee0   0x0000011c   Code   RO         5362    i.getdata           fun.o
    0x08002ffc   0x00000014   Code   RO         4908    i.getdata_task      user.o
    0x08003010   0x0000004c   Code   RO         5591    i.gif               mennu.o
    0x0800305c   0x0000007c   Code   RO         5592    i.home              mennu.o
    0x080030d8   0x00000068   Code   RO         5363    i.init_pack         fun.o
    0x08003140   0x00000060   Code   RO         5723    i.key_4x4_init      passwd_door.o
    0x080031a0   0x00000174   Code   RO         5724    i.key_4x4_scan      passwd_door.o
    0x08003314   0x00000020   Code   RO         4909    i.led3_task         user.o
    0x08003334   0x00000034   Code   RO         5593    i.light             mennu.o
    0x08003368   0x000000bc   Code   RO         4910    i.main              user.o
    0x08003424   0x000000ac   Code   RO         4911    i.passwd_task       user.o
    0x080034d0   0x00000098   Code   RO         6333    i.prvAddCurrentTaskToDelayedList  tasks.o
    0x08003568   0x000000b8   Code   RO         6334    i.prvAddNewTaskToReadyList  tasks.o
    0x08003620   0x00000064   Code   RO         6670    i.prvCheckForValidListAndQueue  timers.o
    0x08003684   0x00000064   Code   RO         6335    i.prvCheckTasksWaitingTermination  tasks.o
    0x080036e8   0x0000002a   Code   RO         6132    i.prvCopyDataFromQueue  queue.o
    0x08003712   0x0000007c   Code   RO         6133    i.prvCopyDataToQueue  queue.o
    0x0800378e   0x00000012   Code   RO         6336    i.prvDeleteTCB      tasks.o
    0x080037a0   0x00000028   Code   RO         6671    i.prvGetNextExpireTime  timers.o
    0x080037c8   0x0000007c   Code   RO         6877    i.prvHeapInit       heap_4.o
    0x08003844   0x00000028   Code   RO         6337    i.prvIdleTask       tasks.o
    0x0800386c   0x0000002a   Code   RO         6135    i.prvInitialiseNewQueue  queue.o
    0x08003896   0x000000b4   Code   RO         6338    i.prvInitialiseNewTask  tasks.o
    0x0800394a   0x00000002   PAD
    0x0800394c   0x00000068   Code   RO         6339    i.prvInitialiseTaskLists  tasks.o
    0x080039b4   0x00000068   Code   RO         6878    i.prvInsertBlockIntoFreeList  heap_4.o
    0x08003a1c   0x00000058   Code   RO         6673    i.prvInsertTimerInActiveList  timers.o
    0x08003a74   0x0000001a   Code   RO         6136    i.prvIsQueueEmpty   queue.o
    0x08003a8e   0x0000001e   Code   RO         6137    i.prvIsQueueFull    queue.o
    0x08003aac   0x00000064   Code   RO         6674    i.prvProcessExpiredTimer  timers.o
    0x08003b10   0x000000f8   Code   RO         6675    i.prvProcessReceivedCommands  timers.o
    0x08003c08   0x00000074   Code   RO         6676    i.prvProcessTimerOrBlockTask  timers.o
    0x08003c7c   0x00000034   Code   RO         6341    i.prvResetNextTaskUnblockTime  tasks.o
    0x08003cb0   0x0000002c   Code   RO         6677    i.prvSampleTimeNow  timers.o
    0x08003cdc   0x000000a0   Code   RO         6678    i.prvSwitchTimerLists  timers.o
    0x08003d7c   0x00000040   Code   RO         6801    i.prvTaskExitError  port.o
    0x08003dbc   0x0000001a   Code   RO         6679    i.prvTimerTask      timers.o
    0x08003dd6   0x0000007e   Code   RO         6138    i.prvUnlockQueue    queue.o
    0x08003e54   0x0000013c   Code   RO         6879    i.pvPortMalloc      heap_4.o
    0x08003f90   0x00000020   Code   RO         6344    i.pvTaskIncrementMutexHeldCount  tasks.o
    0x08003fb0   0x0000002c   Code   RO         6802    i.pxPortInitialiseStack  port.o
    0x08003fdc   0x000000cc   Code   RO         5276    i.scanfkey          key.o
    0x080040a8   0x00000030   Code   RO         5536    i.senddata          es8266_wifi.o
    0x080040d8   0x000001c4   Code   RO         5537    i.setWifi           es8266_wifi.o
    0x0800429c   0x000000e4   Code   RO         4912    i.start_task        user.o
    0x08004380   0x000000a8   Code   RO         5538    i.uart2init         es8266_wifi.o
    0x08004428   0x000000b4   Code   RO         5148    i.uart_init         usart.o
    0x080044dc   0x00000042   Code   RO         5539    i.usart_sendstr     es8266_wifi.o
    0x0800451e   0x00000028   Code   RO         6095    i.uxListRemove      list.o
    0x08004546   0x0000001a   Code   RO         6096    i.vListInitialise   list.o
    0x08004560   0x00000006   Code   RO         6097    i.vListInitialiseItem  list.o
    0x08004566   0x00000034   Code   RO         6098    i.vListInsert       list.o
    0x0800459a   0x00000018   Code   RO         6099    i.vListInsertEnd    list.o
    0x080045b2   0x00000002   PAD
    0x080045b4   0x00000054   Code   RO         6804    i.vPortEnterCritical  port.o
    0x08004608   0x0000003c   Code   RO         6805    i.vPortExitCritical  port.o
    0x08004644   0x00000094   Code   RO         6880    i.vPortFree         heap_4.o
    0x080046d8   0x00000020   Code   RO         6806    i.vPortSetupTimerInterrupt  port.o
    0x080046f8   0x00000078   Code   RO         6807    i.vPortValidateInterruptPriority  port.o
    0x08004770   0x0000002c   Code   RO         6144    i.vQueueAddToRegistry  queue.o
    0x0800479c   0x0000004a   Code   RO         6148    i.vQueueWaitForMessageRestricted  queue.o
    0x080047e6   0x00000002   PAD
    0x080047e8   0x0000005c   Code   RO         6352    i.vTaskDelay        tasks.o
    0x08004844   0x000000f4   Code   RO         6354    i.vTaskDelete       tasks.o
    0x08004938   0x0000000c   Code   RO         6357    i.vTaskMissedYield  tasks.o
    0x08004944   0x00000038   Code   RO         6359    i.vTaskPlaceOnEventList  tasks.o
    0x0800497c   0x00000040   Code   RO         6360    i.vTaskPlaceOnEventListRestricted  tasks.o
    0x080049bc   0x000000b0   Code   RO         6362    i.vTaskPriorityInherit  tasks.o
    0x08004a6c   0x00000030   Code   RO         6366    i.vTaskSetTimeOutState  tasks.o
    0x08004a9c   0x00000094   Code   RO         6367    i.vTaskStartScheduler  tasks.o
    0x08004b30   0x00000010   Code   RO         6369    i.vTaskSuspendAll   tasks.o
    0x08004b40   0x0000008c   Code   RO         6370    i.vTaskSwitchContext  tasks.o
    0x08004bcc   0x0000005c   Code   RO         6005    i.xEventGroupClearBits  event_groups.o
    0x08004c28   0x000000ce   Code   RO         6008    i.xEventGroupSetBits  event_groups.o
    0x08004cf6   0x00000002   PAD
    0x08004cf8   0x0000013c   Code   RO         6808    i.xPortStartScheduler  port.o
    0x08004e34   0x00000034   Code   RO         6809    i.xPortSysTickHandler  port.o
    0x08004e68   0x00000058   Code   RO         6151    i.xQueueGenericCreate  queue.o
    0x08004ec0   0x000001c4   Code   RO         6152    i.xQueueGenericReceive  queue.o
    0x08005084   0x00000098   Code   RO         6153    i.xQueueGenericReset  queue.o
    0x0800511c   0x000001a8   Code   RO         6154    i.xQueueGenericSend  queue.o
    0x080052c4   0x000000f8   Code   RO         6155    i.xQueueGenericSendFromISR  queue.o
    0x080053bc   0x0000008c   Code   RO         6371    i.xTaskCheckForTimeOut  tasks.o
    0x08005448   0x00000060   Code   RO         6372    i.xTaskCreate       tasks.o
    0x080054a8   0x00000020   Code   RO         6376    i.xTaskGetSchedulerState  tasks.o
    0x080054c8   0x0000000c   Code   RO         6377    i.xTaskGetTickCount  tasks.o
    0x080054d4   0x00000148   Code   RO         6379    i.xTaskIncrementTick  tasks.o
    0x0800561c   0x000000c8   Code   RO         6382    i.xTaskPriorityDisinherit  tasks.o
    0x080056e4   0x00000098   Code   RO         6383    i.xTaskRemoveFromEventList  tasks.o
    0x0800577c   0x000000b0   Code   RO         6384    i.xTaskRemoveFromUnorderedEventList  tasks.o
    0x0800582c   0x00000104   Code   RO         6385    i.xTaskResumeAll    tasks.o
    0x08005930   0x00000058   Code   RO         6683    i.xTimerCreateTimerTask  timers.o
    0x08005988   0x00000084   Code   RO         6684    i.xTimerGenericCommand  timers.o
    0x08005a0c   0x00001e10   Data   RO         5854    .constdata          oled.o
    0x0800781c   0x00000020   Data   RO         7237    Region$$Table       anon$$obj.o


    Execution Region RW_IRAM1 (Base: 0x20000000, Size: 0x0001be90, Max: 0x00020000, ABSOLUTE, COMPRESSED[0x000013d4])

    Base Addr    Size         Type   Attr      Idx    E Section Name        Object

    0x20000000   0x00000010   Data   RW         2757    .data               stm32f4xx_rcc.o
    0x20000010   0x00000014   Data   RW         4850    .data               system_stm32f4xx.o
    0x20000024   0x0000009c   Data   RW         4914    .data               user.o
    0x200000c0   0x00000004   Data   RW         5080    .data               delay.o
    0x200000c4   0x00000006   Data   RW         5150    .data               usart.o
    0x200000ca   0x00000002   PAD
    0x200000cc   0x0000000e   Data   RW         5365    .data               fun.o
    0x200000da   0x00000005   Data   RW         5397    .data               dht11.o
    0x200000df   0x00000001   PAD
    0x200000e0   0x0000860d   Data   RW         5595    .data               mennu.o
    0x200086ed   0x00000003   PAD
    0x200086f0   0x0000003c   Data   RW         6388    .data               tasks.o
    0x2000872c   0x00000014   Data   RW         6690    .data               timers.o
    0x20008740   0x0000000c   Data   RW         6810    .data               port.o
    0x2000874c   0x00000018   Data   RW         6885    .data               heap_4.o
    0x20008764   0x00000080   Zero   RW         4913    .bss                user.o
    0x200087e4   0x000000c8   Zero   RW         5149    .bss                usart.o
    0x200088ac   0x0000000b   Zero   RW         5364    .bss                fun.o
    0x200088b7   0x00000028   Zero   RW         5594    .bss                mennu.o
    0x200088df   0x00000480   Zero   RW         5853    .bss                oled.o
    0x20008d5f   0x00000001   PAD
    0x20008d60   0x00000040   Zero   RW         6163    .bss                queue.o
    0x20008da0   0x000000c8   Zero   RW         6387    .bss                tasks.o
    0x20008e68   0x00000028   Zero   RW         6689    .bss                timers.o
    0x20008e90   0x00012c00   Zero   RW         6884    .bss                heap_4.o
    0x2001ba90   0x00000400   Zero   RW            1    STACK               startup_stm32f40_41xxx.o


==============================================================================

Image component sizes


      Code (inc. data)   RO Data    RW Data    ZI Data      Debug   Object Name

       254         18          0          0          0       2014   adc_guang.o
       124         16          0          0          0       1471   beep.o
       244         18          0          4          0       2969   delay.o
       420         32          0          5          0       3516   dht11.o
       778        272          0          0          0       3546   es8266_wifi.o
       298          0          0          0          0      12748   event_groups.o
       388         86          0         14         11       1739   fun.o
       692         62          0         24      76800       4403   heap_4.o
        64          4          0          0          0        557   iic.o
       562         28          0          0          0       4111   interrupt.o
       300         18          0          0          0       1659   key.o
       192         12          0          0          0       1618   led.o
       148          0          0          0          0       3222   list.o
      1440        324          0      34317         40       7408   mennu.o
       180         24          0          0          0     314513   misc.o
      1772         74       7696          0       1152      11201   oled.o
       468         18          0          0          0       1398   passwd_door.o
       954         92          0         12          0      11461   port.o
       230         18          0          0          0       2175   pwm_fan.o
       172          8          0          0          0       1226   pwm_motor.o
      1872         22          0          0         64      15725   queue.o
       210          0          0          0          0       2044   rtc.o
        36          8        392          0       1024        856   startup_stm32f40_41xxx.o
       374         24          0          0          0       5402   stm32f4xx_adc.o
       160         12          0          0          0       1457   stm32f4xx_exti.o
       258          0          0          0          0       4561   stm32f4xx_gpio.o
        12          6          0          0          0        522   stm32f4xx_pwr.o
       508         60          0         16          0       6826   stm32f4xx_rcc.o
       970         66          0          0          0       8386   stm32f4xx_rtc.o
        64          4          0          0          0        644   stm32f4xx_syscfg.o
       524         46          0          0          0       6006   stm32f4xx_tim.o
       486          8          0          0          0       6525   stm32f4xx_usart.o
       340         32          0         20          0       1701   system_stm32f4xx.o
      3254        432          0         60        200      23983   tasks.o
      1142        118          0         20         40      17203   timers.o
       344         28          0          6        200       3728   usart.o
       744        208          0        156        128      18110   user.o

    ----------------------------------------------------------------------
     21012       2198       8120      34660      79660     516634   Object Totals
         0          0         32          0          0          0   (incl. Generated)
        34          0          0          6          1          0   (incl. Padding)

    ----------------------------------------------------------------------

      Code (inc. data)   RO Data    RW Data    ZI Data      Debug   Library Member Name

        94          0          0          0          0          0   __dclz77c.o
         0          0          0          0          0          0   entry.o
         0          0          0          0          0          0   entry10a.o
         0          0          0          0          0          0   entry11a.o
         8          4          0          0          0          0   entry2.o
         4          0          0          0          0          0   entry5.o
         0          0          0          0          0          0   entry7b.o
         0          0          0          0          0          0   entry8b.o
         8          4          0          0          0          0   entry9a.o
        30          0          0          0          0          0   handlers.o
        36          8          0          0          0         68   init.o
        30          0          0          0          0         68   llshl.o
        32          0          0          0          0         68   llushr.o
        36          0          0          0          0         68   memcpya.o
        36          0          0          0          0        108   memseta.o
      1204         60          0          0          0        504   printf8.o
        28          0          0          0          0         76   strcmp.o
        98          0          0          0          0         92   uldiv.o

    ----------------------------------------------------------------------
      1648         76          0          0          0       1052   Library Totals
         4          0          0          0          0          0   (incl. Padding)

    ----------------------------------------------------------------------

      Code (inc. data)   RO Data    RW Data    ZI Data      Debug   Library Name

      1644         76          0          0          0       1052   mc_w.l

    ----------------------------------------------------------------------
      1648         76          0          0          0       1052   Library Totals

    ----------------------------------------------------------------------

==============================================================================


      Code (inc. data)   RO Data    RW Data    ZI Data      Debug   

     22660       2274       8120      34660      79660     496350   Grand Totals
     22660       2274       8120       5076      79660     496350   ELF Image Totals (compressed)
     22660       2274       8120       5076          0          0   ROM Totals

==============================================================================

    Total RO  Size (Code + RO Data)                30780 (  30.06kB)
    Total RW  Size (RW Data + ZI Data)            114320 ( 111.64kB)
    Total ROM Size (Code + RO Data + RW Data)      35856 (  35.02kB)

==============================================================================

